Archive member included to satisfy reference by file (symbol)

c:/TouchGFXProjects/VerticalGUI/Middlewares/ST/TouchGFX/touchgfx/lib/core/cortex_m4f/gcc\libtouchgfx.a(AbstractPartition.o)
                              TouchGFX/build/ST/STM32F429IDISCO/TouchGFX/target/BoardConfiguration.o (touchgfx::AbstractPartition::getAllocationCount() const)
c:/TouchGFXProjects/VerticalGUI/Middlewares/ST/TouchGFX/touchgfx/lib/core/cortex_m4f/gcc\libtouchgfx.a(Container.o)
                              TouchGFX/build/ST/STM32F429IDISCO/TouchGFX/generated/gui_generated/src/startup_screen/StartupViewBase.o (touchgfx::Container::contains(touchgfx::Drawable const&))
c:/TouchGFXProjects/VerticalGUI/Middlewares/ST/TouchGFX/touchgfx/lib/core/cortex_m4f/gcc\libtouchgfx.a(HAL.o)
                              TouchGFX/build/ST/STM32F429IDISCO/TouchGFX/target/STM32F4HAL.o (touchgfx::HAL::flushFrameBuffer())
c:/TouchGFXProjects/VerticalGUI/Middlewares/ST/TouchGFX/touchgfx/lib/core/cortex_m4f/gcc\libtouchgfx.a(DMA.o)
                              TouchGFX/build/ST/STM32F429IDISCO/TouchGFX/target/STM32F4DMA.o (touchgfx::DMA_Interface::seedExecution())
c:/TouchGFXProjects/VerticalGUI/Middlewares/ST/TouchGFX/touchgfx/lib/core/cortex_m4f/gcc\libtouchgfx.a(SnapshotWidget.o)
                              TouchGFX/build/ST/STM32F429IDISCO/TouchGFX/generated/gui_generated/src/common/FrontendApplicationBase.o (touchgfx::SnapshotWidget::~SnapshotWidget())
c:/TouchGFXProjects/VerticalGUI/Middlewares/ST/TouchGFX/touchgfx/lib/core/cortex_m4f/gcc\libtouchgfx.a(TextArea.o)
                              TouchGFX/build/ST/STM32F429IDISCO/TouchGFX/generated/gui_generated/src/startup_screen/StartupViewBase.o (touchgfx::TextArea::getTextWidth() const)
c:/TouchGFXProjects/VerticalGUI/Middlewares/ST/TouchGFX/touchgfx/lib/core/cortex_m4f/gcc\libtouchgfx.a(Box.o)
                              TouchGFX/build/ST/STM32F429IDISCO/TouchGFX/generated/gui_generated/src/startup_screen/StartupViewBase.o (vtable for touchgfx::Box)
c:/TouchGFXProjects/VerticalGUI/Middlewares/ST/TouchGFX/touchgfx/lib/core/cortex_m4f/gcc\libtouchgfx.a(BoxWithBorder.o)
                              TouchGFX/build/ST/STM32F429IDISCO/TouchGFX/generated/gui_generated/src/startup_screen/StartupViewBase.o (vtable for touchgfx::BoxWithBorder)
c:/TouchGFXProjects/VerticalGUI/Middlewares/ST/TouchGFX/touchgfx/lib/core/cortex_m4f/gcc\libtouchgfx.a(Image.o)
                              TouchGFX/build/ST/STM32F429IDISCO/TouchGFX/generated/gui_generated/src/bear_screen/BearViewBase.o (touchgfx::Image::setBitmap(touchgfx::Bitmap const&))
c:/TouchGFXProjects/VerticalGUI/Middlewares/ST/TouchGFX/touchgfx/lib/core/cortex_m4f/gcc\libtouchgfx.a(LCD.o)
                              c:/TouchGFXProjects/VerticalGUI/Middlewares/ST/TouchGFX/touchgfx/lib/core/cortex_m4f/gcc\libtouchgfx.a(TextArea.o) (touchgfx::LCD::drawString(touchgfx::Rect, touchgfx::Rect const&, touchgfx::LCD::StringVisuals&, unsigned short const*, ...))
c:/TouchGFXProjects/VerticalGUI/Middlewares/ST/TouchGFX/touchgfx/lib/core/cortex_m4f/gcc\libtouchgfx.a(TouchCalibration.o)
                              c:/TouchGFXProjects/VerticalGUI/Middlewares/ST/TouchGFX/touchgfx/lib/core/cortex_m4f/gcc\libtouchgfx.a(HAL.o) (touchgfx::TouchCalibration::translatePoint(touchgfx::Point&))
c:/TouchGFXProjects/VerticalGUI/Middlewares/ST/TouchGFX/touchgfx/lib/core/cortex_m4f/gcc\libtouchgfx.a(DisplayTransformation.o)
                              c:/TouchGFXProjects/VerticalGUI/Middlewares/ST/TouchGFX/touchgfx/lib/core/cortex_m4f/gcc\libtouchgfx.a(HAL.o) (touchgfx::DisplayTransformation::transformFrameBufferToDisplay(short&, short&))
c:/TouchGFXProjects/VerticalGUI/Middlewares/ST/TouchGFX/touchgfx/lib/core/cortex_m4f/gcc\libtouchgfx.a(Application.o)
                              TouchGFX/build/ST/STM32F429IDISCO/TouchGFX/gui/src/common/FrontendApplication.o (touchgfx::Application::handleClickEvent(touchgfx::ClickEvent const&))
c:/TouchGFXProjects/VerticalGUI/Middlewares/ST/TouchGFX/touchgfx/lib/core/cortex_m4f/gcc\libtouchgfx.a(TypedText.o)
                              TouchGFX/build/ST/STM32F429IDISCO/TouchGFX/generated/gui_generated/src/startup_screen/StartupViewBase.o (touchgfx::TypedText::numberOfTypedTexts)
c:/TouchGFXProjects/VerticalGUI/Middlewares/ST/TouchGFX/touchgfx/lib/core/cortex_m4f/gcc\libtouchgfx.a(Font.o)
                              TouchGFX/build/ST/STM32F429IDISCO/TouchGFX/generated/texts/src/Texts.o (touchgfx::Font::getStringWidthLTR(unsigned char, unsigned short const*, std::__va_list) const)
c:/TouchGFXProjects/VerticalGUI/Middlewares/ST/TouchGFX/touchgfx/lib/core/cortex_m4f/gcc\libtouchgfx.a(Drawable.o)
                              TouchGFX/build/ST/STM32F429IDISCO/TouchGFX/generated/gui_generated/src/startup_screen/StartupViewBase.o (touchgfx::Drawable::invalidate() const)
c:/TouchGFXProjects/VerticalGUI/Middlewares/ST/TouchGFX/touchgfx/lib/core/cortex_m4f/gcc\libtouchgfx.a(Utils.o)
[...]
Memory Configuration

Name             Origin             Length             Attributes
CCMRAM           0x10000000         0x00010000         rw
FLASH_priv       0x08000000         0x00004000         xr
FLASH            0x08004000         0x001fc000         xr
RAM_priv         0x20000000         0x00000200         xrw
RAM              0x20000200         0x0002fc00         xrw
*default*        0x00000000         0xffffffff

Linker script and memory map

LOAD c:/touchgfx/4.10.0/env/mingw/msys/1.0/gnu-arm-gcc/bin/../lib/gcc/arm-none-eabi/6.3.1/thumb/v7e-m/fpv4-sp/softfp/crti.o
LOAD c:/touchgfx/4.10.0/env/mingw/msys/1.0/gnu-arm-gcc/bin/../lib/gcc/arm-none-eabi/6.3.1/thumb/v7e-m/fpv4-sp/softfp/crtbegin.o
LOAD c:/touchgfx/4.10.0/env/mingw/msys/1.0/gnu-arm-gcc/bin/../lib/gcc/arm-none-eabi/6.3.1/../../../../arm-none-eabi/lib/thumb/v7e-m/fpv4-sp/softfp/crt0.o
LOAD TouchGFX/build/ST/STM32F429IDISCO/TouchGFX/gui/src/startup_screen/StartupView.o
LOAD TouchGFX/build/ST/STM32F429IDISCO/TouchGFX/gui/src/startup_screen/StartupPresenter.o
LOAD TouchGFX/build/ST/STM32F429IDISCO/TouchGFX/gui/src/model/Model.o
LOAD TouchGFX/build/ST/STM32F429IDISCO/TouchGFX/gui/src/common/FrontendApplication.o
LOAD TouchGFX/build/ST/STM32F429IDISCO/TouchGFX/gui/src/bear_screen/BearPresenter.o
LOAD TouchGFX/build/ST/STM32F429IDISCO/TouchGFX/gui/src/bear_screen/BearView.o
LOAD TouchGFX/build/ST/STM32F429IDISCO/TouchGFX/generated/gui_generated/src/startup_screen/StartupViewBase.o
LOAD TouchGFX/build/ST/STM32F429IDISCO/TouchGFX/generated/gui_generated/src/common/FrontendApplicationBase.o
LOAD TouchGFX/build/ST/STM32F429IDISCO/TouchGFX/generated/gui_generated/src/bear_screen/BearViewBase.o
LOAD TouchGFX/build/ST/STM32F429IDISCO/TouchGFX/generated/fonts/src/Kerning_verdana_10_4bpp.o
LOAD TouchGFX/build/ST/STM32F429IDISCO/TouchGFX/generated/fonts/src/Font_verdana_40_4bpp.o
LOAD TouchGFX/build/ST/STM32F429IDISCO/TouchGFX/generated/fonts/src/FontGetters.o
LOAD TouchGFX/build/ST/STM32F429IDISCO/TouchGFX/generated/fonts/src/Font_verdana_20_4bpp.o
LOAD TouchGFX/build/ST/STM32F429IDISCO/TouchGFX/generated/fonts/src/Kerning_verdana_40_4bpp.o
LOAD TouchGFX/build/ST/STM32F429IDISCO/TouchGFX/generated/fonts/src/Table_verdana_10_4bpp.o
LOAD TouchGFX/build/ST/STM32F429IDISCO/TouchGFX/generated/fonts/src/Kerning_verdana_20_4bpp.o
LOAD TouchGFX/build/ST/STM32F429IDISCO/TouchGFX/generated/fonts/src/Font_verdana_10_4bpp.o
LOAD TouchGFX/build/ST/STM32F429IDISCO/TouchGFX/generated/fonts/src/Table_verdana_40_4bpp.o
LOAD TouchGFX/build/ST/STM32F429IDISCO/TouchGFX/generated/fonts/src/Table_verdana_20_4bpp.o
LOAD TouchGFX/build/ST/STM32F429IDISCO/TouchGFX/generated/fonts/src/ApplicationFontProvider.o
LOAD TouchGFX/build/ST/STM32F429IDISCO/TouchGFX/generated/images/src/Be_Nice_to_Fat_People_small.o
LOAD TouchGFX/build/ST/STM32F429IDISCO/TouchGFX/generated/images/src/BitmapDatabase.o
LOAD TouchGFX/build/ST/STM32F429IDISCO/TouchGFX/generated/texts/src/LanguageGb.o
LOAD TouchGFX/build/ST/STM32F429IDISCO/TouchGFX/generated/texts/src/TypedTextDatabase.o
LOAD TouchGFX/build/ST/STM32F429IDISCO/TouchGFX/generated/texts/src/Texts.o
LOAD TouchGFX/build/ST/STM32F429IDISCO/../Middlewares/ST/TouchGFX/touchgfx/os/OSWrappers.o
LOAD TouchGFX/build/ST/STM32F429IDISCO/Core/Src/main.o
LOAD TouchGFX/build/ST/STM32F429IDISCO/TouchGFX/target/BoardConfiguration.o
LOAD TouchGFX/build/ST/STM32F429IDISCO/TouchGFX/target/CortexMMCUInstrumentation.o
LOAD TouchGFX/build/ST/STM32F429IDISCO/TouchGFX/target/GPIO.o
LOAD TouchGFX/build/ST/STM32F429IDISCO/TouchGFX/target/ResistiveTouchController.o
LOAD TouchGFX/build/ST/STM32F429IDISCO/TouchGFX/target/STM32F4DMA.o
LOAD TouchGFX/build/ST/STM32F429IDISCO/TouchGFX/target/STM32F4HAL.o
LOAD TouchGFX/build/ST/STM32F429IDISCO/../Middlewares/Third_Party/FreeRTOS/Source/croutine.o
LOAD TouchGFX/build/ST/STM32F429IDISCO/../Middlewares/Third_Party/FreeRTOS/Source/list.o
LOAD TouchGFX/build/ST/STM32F429IDISCO/../Middlewares/Third_Party/FreeRTOS/Source/queue.o
LOAD TouchGFX/build/ST/STM32F429IDISCO/../Middlewares/Third_Party/FreeRTOS/Source/tasks.o
LOAD TouchGFX/build/ST/STM32F429IDISCO/../Middlewares/Third_Party/FreeRTOS/Source/timers.o
LOAD TouchGFX/build/ST/STM32F429IDISCO/../Middlewares/Third_Party/FreeRTOS/Source/portable/MemMang/heap_2.o
LOAD TouchGFX/build/ST/STM32F429IDISCO/../Middlewares/Third_Party/FreeRTOS/Source/portable/GCC/ARM_CM4F/port.o
LOAD TouchGFX/build/ST/STM32F429IDISCO/Core/Src/stm32f4xx_hal_timebase_tim.o
LOAD TouchGFX/build/ST/STM32F429IDISCO/Core/Src/stm32f4xx_it.o
LOAD TouchGFX/build/ST/STM32F429IDISCO/../Drivers/BSP/Components/ili9341/ili9341.o
LOAD TouchGFX/build/ST/STM32F429IDISCO/../Drivers/BSP/Components/stmpe811/stmpe811.o
LOAD TouchGFX/build/ST/STM32F429IDISCO/../Drivers/BSP/STM32F429I-Discovery/stm32f429i_discovery.o
LOAD TouchGFX/build/ST/STM32F429IDISCO/../Drivers/BSP/STM32F429I-Discovery/stm32f429i_discovery_eeprom.o
LOAD TouchGFX/build/ST/STM32F429IDISCO/../Drivers/BSP/STM32F429I-Discovery/stm32f429i_discovery_gyroscope.o
LOAD TouchGFX/build/ST/STM32F429IDISCO/../Drivers/BSP/STM32F429I-Discovery/stm32f429i_discovery_io.o
LOAD TouchGFX/build/ST/STM32F429IDISCO/../Drivers/BSP/STM32F429I-Discovery/stm32f429i_discovery_sdram.o
LOAD TouchGFX/build/ST/STM32F429IDISCO/../Drivers/BSP/STM32F429I-Discovery/stm32f429i_discovery_ts.o
LOAD TouchGFX/build/ST/STM32F429IDISCO/Core/Src/system_stm32f4xx.o
LOAD TouchGFX/build/ST/STM32F429IDISCO/../Drivers/STM32F4xx_HAL_Driver/Src/stm32f4xx_hal.o
LOAD TouchGFX/build/ST/STM32F429IDISCO/../Drivers/STM32F4xx_HAL_Driver/Src/stm32f4xx_hal_adc.o
LOAD TouchGFX/build/ST/STM32F429IDISCO/../Drivers/STM32F4xx_HAL_Driver/Src/stm32f4xx_hal_adc_ex.o
LOAD TouchGFX/build/ST/STM32F429IDISCO/../Drivers/STM32F4xx_HAL_Driver/Src/stm32f4xx_hal_can.o
LOAD TouchGFX/build/ST/STM32F429IDISCO/../Drivers/STM32F4xx_HAL_Driver/Src/stm32f4xx_hal_cec.o
LOAD TouchGFX/build/ST/STM32F429IDISCO/../Drivers/STM32F4xx_HAL_Driver/Src/stm32f4xx_hal_cortex.o
LOAD TouchGFX/build/ST/STM32F429IDISCO/../Drivers/STM32F4xx_HAL_Driver/Src/stm32f4xx_hal_crc.o
LOAD TouchGFX/build/ST/STM32F429IDISCO/../Drivers/STM32F4xx_HAL_Driver/Src/stm32f4xx_hal_cryp.o
LOAD TouchGFX/build/ST/STM32F429IDISCO/../Drivers/STM32F4xx_HAL_Driver/Src/stm32f4xx_hal_cryp_ex.o
LOAD TouchGFX/build/ST/STM32F429IDISCO/../Drivers/STM32F4xx_HAL_Driver/Src/stm32f4xx_hal_dac.o
LOAD TouchGFX/build/ST/STM32F429IDISCO/../Drivers/STM32F4xx_HAL_Driver/Src/stm32f4xx_hal_dac_ex.o
LOAD TouchGFX/build/ST/STM32F429IDISCO/../Drivers/STM32F4xx_HAL_Driver/Src/stm32f4xx_hal_dcmi.o
LOAD TouchGFX/build/ST/STM32F429IDISCO/../Drivers/STM32F4xx_HAL_Driver/Src/stm32f4xx_hal_dcmi_ex.o
LOAD TouchGFX/build/ST/STM32F429IDISCO/../Drivers/STM32F4xx_HAL_Driver/Src/stm32f4xx_hal_dfsdm.o
LOAD TouchGFX/build/ST/STM32F429IDISCO/../Drivers/STM32F4xx_HAL_Driver/Src/stm32f4xx_hal_dma.o
LOAD TouchGFX/build/ST/STM32F429IDISCO/../Drivers/STM32F4xx_HAL_Driver/Src/stm32f4xx_hal_dma2d.o
LOAD TouchGFX/build/ST/STM32F429IDISCO/../Drivers/STM32F4xx_HAL_Driver/Src/stm32f4xx_hal_dma_ex.o
LOAD TouchGFX/build/ST/STM32F429IDISCO/../Drivers/STM32F4xx_HAL_Driver/Src/stm32f4xx_hal_dsi.o
LOAD TouchGFX/build/ST/STM32F429IDISCO/../Drivers/STM32F4xx_HAL_Driver/Src/stm32f4xx_hal_eth.o
LOAD TouchGFX/build/ST/STM32F429IDISCO/../Drivers/STM32F4xx_HAL_Driver/Src/stm32f4xx_hal_flash.o
LOAD TouchGFX/build/ST/STM32F429IDISCO/../Drivers/STM32F4xx_HAL_Driver/Src/stm32f4xx_hal_flash_ex.o
LOAD TouchGFX/build/ST/STM32F429IDISCO/../Drivers/STM32F4xx_HAL_Driver/Src/stm32f4xx_hal_flash_ramfunc.o
LOAD TouchGFX/build/ST/STM32F429IDISCO/../Drivers/STM32F4xx_HAL_Driver/Src/stm32f4xx_hal_fmpi2c.o
LOAD TouchGFX/build/ST/STM32F429IDISCO/../Drivers/STM32F4xx_HAL_Driver/Src/stm32f4xx_hal_fmpi2c_ex.o
LOAD TouchGFX/build/ST/STM32F429IDISCO/../Drivers/STM32F4xx_HAL_Driver/Src/stm32f4xx_hal_gpio.o
LOAD TouchGFX/build/ST/STM32F429IDISCO/../Drivers/STM32F4xx_HAL_Driver/Src/stm32f4xx_hal_hash.o
LOAD TouchGFX/build/ST/STM32F429IDISCO/../Drivers/STM32F4xx_HAL_Driver/Src/stm32f4xx_hal_hash_ex.o
LOAD TouchGFX/build/ST/STM32F429IDISCO/../Drivers/STM32F4xx_HAL_Driver/Src/stm32f4xx_hal_hcd.o
LOAD TouchGFX/build/ST/STM32F429IDISCO/../Drivers/STM32F4xx_HAL_Driver/Src/stm32f4xx_hal_i2c.o
LOAD TouchGFX/build/ST/STM32F429IDISCO/../Drivers/STM32F4xx_HAL_Driver/Src/stm32f4xx_hal_i2c_ex.o
LOAD TouchGFX/build/ST/STM32F429IDISCO/../Drivers/STM32F4xx_HAL_Driver/Src/stm32f4xx_hal_i2s.o
LOAD TouchGFX/build/ST/STM32F429IDISCO/../Drivers/STM32F4xx_HAL_Driver/Src/stm32f4xx_hal_i2s_ex.o
LOAD TouchGFX/build/ST/STM32F429IDISCO/../Drivers/STM32F4xx_HAL_Driver/Src/stm32f4xx_hal_irda.o
LOAD TouchGFX/build/ST/STM32F429IDISCO/../Drivers/STM32F4xx_HAL_Driver/Src/stm32f4xx_hal_iwdg.o
LOAD TouchGFX/build/ST/STM32F429IDISCO/../Drivers/STM32F4xx_HAL_Driver/Src/stm32f4xx_hal_lptim.o
LOAD TouchGFX/build/ST/STM32F429IDISCO/../Drivers/STM32F4xx_HAL_Driver/Src/stm32f4xx_hal_ltdc.o
LOAD TouchGFX/build/ST/STM32F429IDISCO/../Drivers/STM32F4xx_HAL_Driver/Src/stm32f4xx_hal_ltdc_ex.o
LOAD TouchGFX/build/ST/STM32F429IDISCO/../Drivers/STM32F4xx_HAL_Driver/Src/stm32f4xx_hal_mmc.o
LOAD TouchGFX/build/ST/STM32F429IDISCO/../Drivers/STM32F4xx_HAL_Driver/Src/stm32f4xx_hal_nand.o
LOAD TouchGFX/build/ST/STM32F429IDISCO/../Drivers/STM32F4xx_HAL_Driver/Src/stm32f4xx_hal_nor.o
LOAD TouchGFX/build/ST/STM32F429IDISCO/../Drivers/STM32F4xx_HAL_Driver/Src/stm32f4xx_hal_pccard.o
LOAD TouchGFX/build/ST/STM32F429IDISCO/../Drivers/STM32F4xx_HAL_Driver/Src/stm32f4xx_hal_pcd.o
LOAD TouchGFX/build/ST/STM32F429IDISCO/../Drivers/STM32F4xx_HAL_Driver/Src/stm32f4xx_hal_pcd_ex.o
LOAD TouchGFX/build/ST/STM32F429IDISCO/../Drivers/STM32F4xx_HAL_Driver/Src/stm32f4xx_hal_pwr.o
LOAD TouchGFX/build/ST/STM32F429IDISCO/../Drivers/STM32F4xx_HAL_Driver/Src/stm32f4xx_hal_pwr_ex.o
LOAD TouchGFX/build/ST/STM32F429IDISCO/../Drivers/STM32F4xx_HAL_Driver/Src/stm32f4xx_hal_qspi.o
LOAD TouchGFX/build/ST/STM32F429IDISCO/../Drivers/STM32F4xx_HAL_Driver/Src/stm32f4xx_hal_rcc.o
LOAD TouchGFX/build/ST/STM32F429IDISCO/../Drivers/STM32F4xx_HAL_Driver/Src/stm32f4xx_hal_rcc_ex.o
LOAD TouchGFX/build/ST/STM32F429IDISCO/../Drivers/STM32F4xx_HAL_Driver/Src/stm32f4xx_hal_rng.o
LOAD TouchGFX/build/ST/STM32F429IDISCO/../Drivers/STM32F4xx_HAL_Driver/Src/stm32f4xx_hal_rtc.o
LOAD TouchGFX/build/ST/STM32F429IDISCO/../Drivers/STM32F4xx_HAL_Driver/Src/stm32f4xx_hal_rtc_ex.o
LOAD TouchGFX/build/ST/STM32F429IDISCO/../Drivers/STM32F4xx_HAL_Driver/Src/stm32f4xx_hal_sai.o
LOAD TouchGFX/build/ST/STM32F429IDISCO/../Drivers/STM32F4xx_HAL_Driver/Src/stm32f4xx_hal_sai_ex.o
LOAD TouchGFX/build/ST/STM32F429IDISCO/../Drivers/STM32F4xx_HAL_Driver/Src/stm32f4xx_hal_sd.o
LOAD TouchGFX/build/ST/STM32F429IDISCO/../Drivers/STM32F4xx_HAL_Driver/Src/stm32f4xx_hal_sdram.o
LOAD TouchGFX/build/ST/STM32F429IDISCO/../Drivers/STM32F4xx_HAL_Driver/Src/stm32f4xx_hal_smartcard.o
LOAD TouchGFX/build/ST/STM32F429IDISCO/../Drivers/STM32F4xx_HAL_Driver/Src/stm32f4xx_hal_spdifrx.o
LOAD TouchGFX/build/ST/STM32F429IDISCO/../Drivers/STM32F4xx_HAL_Driver/Src/stm32f4xx_hal_spi.o
LOAD TouchGFX/build/ST/STM32F429IDISCO/../Drivers/STM32F4xx_HAL_Driver/Src/stm32f4xx_hal_sram.o
LOAD TouchGFX/build/ST/STM32F429IDISCO/../Drivers/STM32F4xx_HAL_Driver/Src/stm32f4xx_hal_tim.o
LOAD TouchGFX/build/ST/STM32F429IDISCO/../Drivers/STM32F4xx_HAL_Driver/Src/stm32f4xx_hal_tim_ex.o
LOAD TouchGFX/build/ST/STM32F429IDISCO/../Drivers/STM32F4xx_HAL_Driver/Src/stm32f4xx_hal_uart.o
LOAD TouchGFX/build/ST/STM32F429IDISCO/../Drivers/STM32F4xx_HAL_Driver/Src/stm32f4xx_hal_usart.o
LOAD TouchGFX/build/ST/STM32F429IDISCO/../Drivers/STM32F4xx_HAL_Driver/Src/stm32f4xx_hal_wwdg.o
LOAD TouchGFX/build/ST/STM32F429IDISCO/../Drivers/STM32F4xx_HAL_Driver/Src/stm32f4xx_ll_fmc.o
LOAD TouchGFX/build/ST/STM32F429IDISCO/gcc/startup_stm32f429xx.o
START GROUP
LOAD c:/TouchGFXProjects/VerticalGUI/Middlewares/ST/TouchGFX/touchgfx/lib/core/cortex_m4f/gcc\libtouchgfx.a
END GROUP
LOAD c:/touchgfx/4.10.0/env/mingw/msys/1.0/gnu-arm-gcc/bin/../lib/gcc/arm-none-eabi/6.3.1/../../../../arm-none-eabi/lib/thumb/v7e-m/fpv4-sp/softfp\libstdc++_nano.a
LOAD c:/touchgfx/4.10.0/env/mingw/msys/1.0/gnu-arm-gcc/bin/../lib/gcc/arm-none-eabi/6.3.1/../../../../arm-none-eabi/lib/thumb/v7e-m/fpv4-sp/softfp\libm.a
START GROUP
LOAD c:/touchgfx/4.10.0/env/mingw/msys/1.0/gnu-arm-gcc/bin/../lib/gcc/arm-none-eabi/6.3.1/thumb/v7e-m/fpv4-sp/softfp\libgcc.a
LOAD c:/touchgfx/4.10.0/env/mingw/msys/1.0/gnu-arm-gcc/bin/../lib/gcc/arm-none-eabi/6.3.1/../../../../arm-none-eabi/lib/thumb/v7e-m/fpv4-sp/softfp\libc_nano.a
END GROUP
START GROUP
LOAD c:/touchgfx/4.10.0/env/mingw/msys/1.0/gnu-arm-gcc/bin/../lib/gcc/arm-none-eabi/6.3.1/thumb/v7e-m/fpv4-sp/softfp\libgcc.a
LOAD c:/touchgfx/4.10.0/env/mingw/msys/1.0/gnu-arm-gcc/bin/../lib/gcc/arm-none-eabi/6.3.1/../../../../arm-none-eabi/lib/thumb/v7e-m/fpv4-sp/softfp\libc_nano.a
LOAD c:/touchgfx/4.10.0/env/mingw/msys/1.0/gnu-arm-gcc/bin/../lib/gcc/arm-none-eabi/6.3.1/../../../../arm-none-eabi/lib/thumb/v7e-m/fpv4-sp/softfp\libnosys.a
END GROUP
START GROUP
LOAD c:/touchgfx/4.10.0/env/mingw/msys/1.0/gnu-arm-gcc/bin/../lib/gcc/arm-none-eabi/6.3.1/thumb/v7e-m/fpv4-sp/softfp\libgcc.a
LOAD c:/touchgfx/4.10.0/env/mingw/msys/1.0/gnu-arm-gcc/bin/../lib/gcc/arm-none-eabi/6.3.1/../../../../arm-none-eabi/lib/thumb/v7e-m/fpv4-sp/softfp\libc_nano.a
LOAD c:/touchgfx/4.10.0/env/mingw/msys/1.0/gnu-arm-gcc/bin/../lib/gcc/arm-none-eabi/6.3.1/../../../../arm-none-eabi/lib/thumb/v7e-m/fpv4-sp/softfp\libnosys.a
END GROUP
LOAD c:/touchgfx/4.10.0/env/mingw/msys/1.0/gnu-arm-gcc/bin/../lib/gcc/arm-none-eabi/6.3.1/thumb/v7e-m/fpv4-sp/softfp/crtend.o
LOAD c:/touchgfx/4.10.0/env/mingw/msys/1.0/gnu-arm-gcc/bin/../lib/gcc/arm-none-eabi/6.3.1/thumb/v7e-m/fpv4-sp/softfp/crtn.o
                0x20030000                _estack = 0x20030000
                0x00000200                _Min_Heap_Size = 0x200
                0x00000400                _Min_Stack_Size = 0x400
                0x00004000                _Privileged_Functions_Region_Size = 0x4000
                0x00000200                _Privileged_Data_Region_Size = 0x200
                0x08000000                __FLASH_segment_start__ = ORIGIN (FLASH_priv)
                0x08200000                __FLASH_segment_end__ = ((__FLASH_segment_start__ + LENGTH (FLASH_priv)) + LENGTH (FLASH))
                0x08000000                __privileged_functions_start__ = ORIGIN (FLASH_priv)
                0x08004000                __privileged_functions_end__ = (__privileged_functions_start__ + _Privileged_Functions_Region_Size)
                0x20000000                __SRAM_segment_start__ = ORIGIN (RAM_priv)
                0x2002fe00                __SRAM_segment_end__ = ((__SRAM_segment_start__ + LENGTH (RAM_priv)) + LENGTH (RAM))
                0x20000000                __privileged_data_start__ = ORIGIN (RAM_priv)
                0x20000200                __privileged_data_end__ = (__privileged_data_start__ + _Privileged_Data_Region_Size)

.isr_vector     0x08000000      0x1ac
                0x08000000                . = ALIGN (0x4)
 *(.isr_vector)
 .isr_vector    0x08000000      0x1ac TouchGFX/build/ST/STM32F429IDISCO/gcc/startup_stm32f429xx.o
                0x08000000                g_pfnVectors
                0x080001ac                . = ALIGN (0x4)

.privileged_functions
                0x080001ac        0x0
                0x080001ac                . = ALIGN (0x4)
 *(privileged_functions)
 *(privileged_functions*)
                0x080001ac                . = ALIGN (0x4)

.text           0x08004000     0xe384
                0x08004000                . = ALIGN (0x4)
 *(.text)
 .text          0x08004000       0x6c c:/touchgfx/4.10.0/env/mingw/msys/1.0/gnu-arm-gcc/bin/../lib/gcc/arm-none-eabi/6.3.1/thumb/v7e-m/fpv4-sp/softfp/crtbegin.o
 .text          0x0800406c       0x30 c:/touchgfx/4.10.0/env/mingw/msys/1.0/gnu-arm-gcc/bin/../lib/gcc/arm-none-eabi/6.3.1/thumb/v7e-m/fpv4-sp/softfp\libgcc.a(_aeabi_uldivmod.o)
                0x0800406c                __aeabi_uldivmod
 .text          0x0800409c      0x2dc c:/touchgfx/4.10.0/env/mingw/msys/1.0/gnu-arm-gcc/bin/../lib/gcc/arm-none-eabi/6.3.1/thumb/v7e-m/fpv4-sp/softfp\libgcc.a(_udivmoddi4.o)
                0x0800409c                __udivmoddi4
 .text          0x08004378        0x4 c:/touchgfx/4.10.0/env/mingw/msys/1.0/gnu-arm-gcc/bin/../lib/gcc/arm-none-eabi/6.3.1/thumb/v7e-m/fpv4-sp/softfp\libgcc.a(_dvmd_tls.o)
                0x08004378                __aeabi_idiv0
                0x08004378                __aeabi_ldiv0
 *fill*         0x0800437c        0x4 
 .text          0x08004380       0xa0 c:/touchgfx/4.10.0/env/mingw/msys/1.0/gnu-arm-gcc/bin/../lib/gcc/arm-none-eabi/6.3.1/../../../../arm-none-eabi/lib/thumb/v7e-m/fpv4-sp/softfp\libc_nano.a(lib_a-memchr.o)
                0x08004380                memchr
 *(.text*)
 .text._ZN8touchgfx6Screen14handleKeyEventEh
                0x08004420        0x2 TouchGFX/build/ST/STM32F429IDISCO/TouchGFX/gui/src/startup_screen/StartupView.o
                0x08004420                touchgfx::Screen::handleKeyEvent(unsigned char)
 .text._ZN11StartupViewD2Ev
                0x08004422        0x2 TouchGFX/build/ST/STM32F429IDISCO/TouchGFX/gui/src/startup_screen/StartupView.o
                0x08004422                StartupView::~StartupView()
                0x08004422                StartupView::~StartupView()
 .text._ZN11StartupView14tearDownScreenEv
                0x08004424        0x2 TouchGFX/build/ST/STM32F429IDISCO/TouchGFX/gui/src/startup_screen/StartupView.o
                0x08004424                StartupView::tearDownScreen()
 .text._ZN11StartupView11setupScreenEv
                0x08004426        0x4 TouchGFX/build/ST/STM32F429IDISCO/TouchGFX/gui/src/startup_screen/StartupView.o
                0x08004426                StartupView::setupScreen()
 .text._ZN11StartupViewD0Ev
                0x0800442a       0x10 TouchGFX/build/ST/STM32F429IDISCO/TouchGFX/gui/src/startup_screen/StartupView.o
                0x0800442a                StartupView::~StartupView()
 *fill*         0x0800443a        0x2 
 .text._ZN11StartupViewC2Ev
                0x0800443c       0x14 TouchGFX/build/ST/STM32F429IDISCO/TouchGFX/gui/src/startup_screen/StartupView.o
                0x0800443c                StartupView::StartupView()
                0x0800443c                StartupView::StartupView()
 .text._ZN16StartupPresenterD2Ev
                0x08004450        0x8 TouchGFX/build/ST/STM32F429IDISCO/TouchGFX/gui/src/startup_screen/StartupPresenter.o
                0x08004450                StartupPresenter::~StartupPresenter()
                0x08004450                StartupPresenter::~StartupPresenter()
                0x08004452                non-virtual thunk to StartupPresenter::~StartupPresenter()
 .text._ZN16StartupPresenter10deactivateEv
                0x08004458        0x2 TouchGFX/build/ST/STM32F429IDISCO/TouchGFX/gui/src/startup_screen/StartupPresenter.o
                0x08004458                StartupPresenter::deactivate()
                0x08004458                StartupPresenter::activate()
 .text._ZN16StartupPresenterD0Ev
                0x0800445a       0x14 TouchGFX/build/ST/STM32F429IDISCO/TouchGFX/gui/src/startup_screen/StartupPresenter.o
                0x0800445a                StartupPresenter::~StartupPresenter()
                0x08004468                non-virtual thunk to StartupPresenter::~StartupPresenter()
 *fill*         0x0800446e        0x2 
 .text._ZN16StartupPresenterC2ER11StartupView
                0x08004470       0x1c TouchGFX/build/ST/STM32F429IDISCO/TouchGFX/gui/src/startup_screen/StartupPresenter.o
                0x08004470                StartupPresenter::StartupPresenter(StartupView&)
                0x08004470                StartupPresenter::StartupPresenter(StartupView&)
 .text._ZN5ModelC2Ev
                0x0800448c        0x6 TouchGFX/build/ST/STM32F429IDISCO/TouchGFX/gui/src/model/Model.o
                0x0800448c                Model::Model()
                0x0800448c                Model::Model()
 .text._ZN5Model4tickEv
                0x08004492        0x2 TouchGFX/build/ST/STM32F429IDISCO/TouchGFX/gui/src/model/Model.o
                0x08004492                Model::tick()
 .text._ZN8touchgfx11Application15appSwitchScreenEh
                0x08004494        0x2 TouchGFX/build/ST/STM32F429IDISCO/TouchGFX/gui/src/common/FrontendApplication.o
                0x08004494                touchgfx::Application::appSwitchScreen(unsigned char)
 .text._ZN19FrontendApplicationD2Ev
                0x08004496        0x2 TouchGFX/build/ST/STM32F429IDISCO/TouchGFX/gui/src/common/FrontendApplication.o
                0x08004496                FrontendApplication::~FrontendApplication()
                0x08004496                FrontendApplication::~FrontendApplication()
 .text._ZN19FrontendApplicationD0Ev
                0x08004498       0x10 TouchGFX/build/ST/STM32F429IDISCO/TouchGFX/gui/src/common/FrontendApplication.o
                0x08004498                FrontendApplication::~FrontendApplication()
 .text._ZN19FrontendApplication15handleTickEventEv
                0x080044a8       0x16 TouchGFX/build/ST/STM32F429IDISCO/TouchGFX/gui/src/common/FrontendApplication.o
                0x080044a8                FrontendApplication::handleTickEvent()
 .text._ZN8touchgfx14MVPApplication29handlePendingScreenTransitionEv
                0x080044be       0x24 TouchGFX/build/ST/STM32F429IDISCO/TouchGFX/gui/src/common/FrontendApplication.o
                0x080044be                touchgfx::MVPApplication::handlePendingScreenTransition()
 *fill*         0x080044e2        0x2 
 .text._ZN19FrontendApplicationC2ER5ModelR12FrontendHeap
                0x080044e4       0x14 TouchGFX/build/ST/STM32F429IDISCO/TouchGFX/gui/src/common/FrontendApplication.o
                0x080044e4                FrontendApplication::FrontendApplication(Model&, FrontendHeap&)
                0x080044e4                FrontendApplication::FrontendApplication(Model&, FrontendHeap&)
 .text._ZN13BearPresenterD2Ev
                0x080044f8        0x8 TouchGFX/build/ST/STM32F429IDISCO/TouchGFX/gui/src/bear_screen/BearPresenter.o
                0x080044f8                BearPresenter::~BearPresenter()
                0x080044f8                BearPresenter::~BearPresenter()
                0x080044fa                non-virtual thunk to BearPresenter::~BearPresenter()
 .text._ZN13BearPresenter10deactivateEv
                0x08004500        0x2 TouchGFX/build/ST/STM32F429IDISCO/TouchGFX/gui/src/bear_screen/BearPresenter.o
                0x08004500                BearPresenter::activate()
                0x08004500                BearPresenter::deactivate()
 .text._ZN13BearPresenterD0Ev
                0x08004502       0x14 TouchGFX/build/ST/STM32F429IDISCO/TouchGFX/gui/src/bear_screen/BearPresenter.o
                0x08004502                BearPresenter::~BearPresenter()
                0x08004510                non-virtual thunk to BearPresenter::~BearPresenter()
 *fill*         0x08004516        0x2 
 .text._ZN13BearPresenterC2ER8BearView
                0x08004518       0x1c TouchGFX/build/ST/STM32F429IDISCO/TouchGFX/gui/src/bear_screen/BearPresenter.o
                0x08004518                BearPresenter::BearPresenter(BearView&)
                0x08004518                BearPresenter::BearPresenter(BearView&)
 .text._ZN8touchgfx6Screen15afterTransitionEv
                0x08004534        0x2 TouchGFX/build/ST/STM32F429IDISCO/TouchGFX/gui/src/bear_screen/BearView.o
                0x08004534                touchgfx::Screen::afterTransition()
 .text._ZN8touchgfx6Screen15handleTickEventEv
                0x08004536        0x2 TouchGFX/build/ST/STM32F429IDISCO/TouchGFX/gui/src/bear_screen/BearView.o
                0x08004536                touchgfx::Screen::handleTickEvent()
 .text._ZN8BearViewD2Ev
                0x08004538        0x2 TouchGFX/build/ST/STM32F429IDISCO/TouchGFX/gui/src/bear_screen/BearView.o
                0x08004538                BearView::~BearView()
                0x08004538                BearView::~BearView()
 .text._ZN8BearView14tearDownScreenEv
                0x0800453a        0x2 TouchGFX/build/ST/STM32F429IDISCO/TouchGFX/gui/src/bear_screen/BearView.o
                0x0800453a                BearView::tearDownScreen()
 .text._ZN8BearView11setupScreenEv
                0x0800453c        0x4 TouchGFX/build/ST/STM32F429IDISCO/TouchGFX/gui/src/bear_screen/BearView.o
                0x0800453c                BearView::setupScreen()
 .text._ZN8BearViewD0Ev
                0x08004540       0x10 TouchGFX/build/ST/STM32F429IDISCO/TouchGFX/gui/src/bear_screen/BearView.o
                0x08004540                BearView::~BearView()
 .text._ZN8BearViewC2Ev
                0x08004550       0x14 TouchGFX/build/ST/STM32F429IDISCO/TouchGFX/gui/src/bear_screen/BearView.o
                0x08004550                BearView::BearView()
                0x08004550                BearView::BearView()
 .text._ZN8touchgfx8Drawable11setPositionEssss
                0x08004564       0x28 TouchGFX/build/ST/STM32F429IDISCO/TouchGFX/generated/gui_generated/src/startup_screen/StartupViewBase.o
                0x08004564                touchgfx::Drawable::setPosition(short, short, short, short)
 .text._ZN8touchgfx8Drawable4setXEs
                0x0800458c        0x4 TouchGFX/build/ST/STM32F429IDISCO/TouchGFX/generated/gui_generated/src/startup_screen/StartupViewBase.o
                0x0800458c                touchgfx::Drawable::setX(short)
 .text._ZN8touchgfx8Drawable4setYEs
                0x08004590        0x4 TouchGFX/build/ST/STM32F429IDISCO/TouchGFX/generated/gui_generated/src/startup_screen/StartupViewBase.o
                0x08004590                touchgfx::Drawable::setY(short)
 .text._ZN8touchgfx8Drawable5setXYEss
                0x08004594       0x1a TouchGFX/build/ST/STM32F429IDISCO/TouchGFX/generated/gui_generated/src/startup_screen/StartupViewBase.o
                0x08004594                touchgfx::Drawable::setXY(short, short)
 .text._ZN8touchgfx8Drawable8setWidthEs
                0x080045ae        0x4 TouchGFX/build/ST/STM32F429IDISCO/TouchGFX/generated/gui_generated/src/startup_screen/StartupViewBase.o
                0x080045ae                touchgfx::Drawable::setWidth(short)
 .text._ZN8touchgfx8Drawable9setHeightEs
                0x080045b2        0x4 TouchGFX/build/ST/STM32F429IDISCO/TouchGFX/generated/gui_generated/src/startup_screen/StartupViewBase.o
                0x080045b2                touchgfx::Drawable::setHeight(short)
 .text._ZN8touchgfx8Drawable20childGeometryChangedEv
                0x080045b6        0x2 TouchGFX/build/ST/STM32F429IDISCO/TouchGFX/generated/gui_generated/src/startup_screen/StartupViewBase.o
                0x080045b6                touchgfx::Drawable::childGeometryChanged()
 .text._ZN8touchgfx8Drawable16handleClickEventERKNS_10ClickEventE
                0x080045b8        0x2 TouchGFX/build/ST/STM32F429IDISCO/TouchGFX/generated/gui_generated/src/startup_screen/StartupViewBase.o
                0x080045b8                touchgfx::Drawable::handleClickEvent(touchgfx::ClickEvent const&)
 .text._ZN8touchgfx8Drawable18handleGestureEventERKNS_12GestureEventE
                0x080045ba        0x2 TouchGFX/build/ST/STM32F429IDISCO/TouchGFX/generated/gui_generated/src/startup_screen/StartupViewBase.o
                0x080045ba                touchgfx::Drawable::handleGestureEvent(touchgfx::GestureEvent const&)
 .text._ZN8touchgfx8Drawable15handleDragEventERKNS_9DragEventE
                0x080045bc        0x2 TouchGFX/build/ST/STM32F429IDISCO/TouchGFX/generated/gui_generated/src/startup_screen/StartupViewBase.o
                0x080045bc                touchgfx::Drawable::handleDragEvent(touchgfx::DragEvent const&)
 .text._ZN8touchgfx8Drawable15handleTickEventEv
                0x080045be        0x2 TouchGFX/build/ST/STM32F429IDISCO/TouchGFX/generated/gui_generated/src/startup_screen/StartupViewBase.o
                0x080045be                touchgfx::Drawable::handleTickEvent()
 .text._ZN8touchgfx8Drawable6moveToEss
                0x080045c0       0x18 TouchGFX/build/ST/STM32F429IDISCO/TouchGFX/generated/gui_generated/src/startup_screen/StartupViewBase.o
                0x080045c0                touchgfx::Drawable::moveTo(short, short)
 .text._ZN8touchgfx8Drawable14setupDrawChainERKNS_4RectEPPS0_
                0x080045d8       0x12 TouchGFX/build/ST/STM32F429IDISCO/TouchGFX/generated/gui_generated/src/startup_screen/StartupViewBase.o
                0x080045d8                touchgfx::Drawable::setupDrawChain(touchgfx::Rect const&, touchgfx::Drawable**)
 .text._ZNK8touchgfx9Container7getTypeEv
                0x080045ea        0x4 TouchGFX/build/ST/STM32F429IDISCO/TouchGFX/generated/gui_generated/src/startup_screen/StartupViewBase.o
                0x080045ea                touchgfx::Container::getType() const
 .text._ZN8touchgfx6Screen11setupScreenEv
                0x080045ee        0x2 TouchGFX/build/ST/STM32F429IDISCO/TouchGFX/generated/gui_generated/src/startup_screen/StartupViewBase.o
                0x080045ee                touchgfx::Screen::setupScreen()
 .text._ZN8touchgfx6Screen14tearDownScreenEv
                0x080045f0        0x2 TouchGFX/build/ST/STM32F429IDISCO/TouchGFX/generated/gui_generated/src/startup_screen/StartupViewBase.o
                0x080045f0                touchgfx::Screen::tearDownScreen()
 .text._ZN8touchgfx6Widget12getLastChildEssPPNS_8DrawableE
                0x080045f2       0x10 TouchGFX/build/ST/STM32F429IDISCO/TouchGFX/generated/gui_generated/src/startup_screen/StartupViewBase.o
                0x080045f2                touchgfx::Widget::getLastChild(short, short, touchgfx::Drawable**)
 .text._ZNK8touchgfx6Widget7getTypeEv
                0x08004602        0x4 TouchGFX/build/ST/STM32F429IDISCO/TouchGFX/generated/gui_generated/src/startup_screen/StartupViewBase.o
                0x08004602                touchgfx::Widget::getType() const
 .text._ZNK8touchgfx8TextArea12getSolidRectEv
                0x08004606        0xc TouchGFX/build/ST/STM32F429IDISCO/TouchGFX/generated/gui_generated/src/startup_screen/StartupViewBase.o
                0x08004606                touchgfx::TextArea::getSolidRect() const
 .text._ZN8touchgfx8TextArea13setXBaselineYEss
                0x08004612       0x1a TouchGFX/build/ST/STM32F429IDISCO/TouchGFX/generated/gui_generated/src/startup_screen/StartupViewBase.o
                0x08004612                touchgfx::TextArea::setXBaselineY(short, short)
 .text._ZNK8touchgfx8TextArea7getTypeEv
                0x0800462c        0x4 TouchGFX/build/ST/STM32F429IDISCO/TouchGFX/generated/gui_generated/src/startup_screen/StartupViewBase.o
                0x0800462c                touchgfx::TextArea::getType() const
 .text._ZN15StartupViewBaseD2Ev
                0x08004630        0x2 TouchGFX/build/ST/STM32F429IDISCO/TouchGFX/generated/gui_generated/src/startup_screen/StartupViewBase.o
                0x08004630                StartupViewBase::~StartupViewBase()
                0x08004630                StartupViewBase::~StartupViewBase()
 .text._ZN15StartupViewBase11setupScreenEv
                0x08004632        0x2 TouchGFX/build/ST/STM32F429IDISCO/TouchGFX/generated/gui_generated/src/startup_screen/StartupViewBase.o
                0x08004632                StartupViewBase::setupScreen()
 .text._ZN15StartupViewBase29hi_FadeInEndedCallbackHandlerERKN8touchgfx12FadeAnimatorINS0_8TextAreaEEE
                0x08004634        0x8 TouchGFX/build/ST/STM32F429IDISCO/TouchGFX/generated/gui_generated/src/startup_screen/StartupViewBase.o
                0x08004634                StartupViewBase::hi_FadeInEndedCallbackHandler(touchgfx::FadeAnimator<touchgfx::TextArea> const&)
 .text._ZN15StartupViewBase39gettingReady_FadeInEndedCallbackHandlerERKN8touchgfx12FadeAnimatorINS0_8TextAreaEEE
                0x0800463c        0x8 TouchGFX/build/ST/STM32F429IDISCO/TouchGFX/generated/gui_generated/src/startup_screen/StartupViewBase.o
                0x0800463c                StartupViewBase::gettingReady_FadeInEndedCallbackHandler(touchgfx::FadeAnimator<touchgfx::TextArea> const&)
 .text._ZN15StartupViewBase34takeMin_FadeInEndedCallbackHandlerERKN8touchgfx12FadeAnimatorINS0_8TextAreaEEE
                0x08004644        0x2 TouchGFX/build/ST/STM32F429IDISCO/TouchGFX/generated/gui_generated/src/startup_screen/StartupViewBase.o
                0x08004644                StartupViewBase::takeMin_FadeInEndedCallbackHandler(touchgfx::FadeAnimator<touchgfx::TextArea> const&)
 .text._ZN8touchgfx12FadeAnimatorINS_8TextAreaEED2Ev
                0x08004646        0x2 TouchGFX/build/ST/STM32F429IDISCO/TouchGFX/generated/gui_generated/src/startup_screen/StartupViewBase.o
                0x08004646                touchgfx::FadeAnimator<touchgfx::TextArea>::~FadeAnimator()
                0x08004646                touchgfx::FadeAnimator<touchgfx::TextArea>::~FadeAnimator()
 .text._ZN8touchgfx24BoxWithBorderButtonStyleINS_18ClickButtonTriggerEED2Ev
                0x08004648        0x2 TouchGFX/build/ST/STM32F429IDISCO/TouchGFX/generated/gui_generated/src/startup_screen/StartupViewBase.o
                0x08004648                touchgfx::BoxWithBorderButtonStyle<touchgfx::ClickButtonTrigger>::~BoxWithBorderButtonStyle()
                0x08004648                touchgfx::BoxWithBorderButtonStyle<touchgfx::ClickButtonTrigger>::~BoxWithBorderButtonStyle()
 .text._ZN8touchgfx24BoxWithBorderButtonStyleINS_18ClickButtonTriggerEE20handlePressedUpdatedEv
                0x0800464a       0x26 TouchGFX/build/ST/STM32F429IDISCO/TouchGFX/generated/gui_generated/src/startup_screen/StartupViewBase.o
                0x0800464a                touchgfx::BoxWithBorderButtonStyle<touchgfx::ClickButtonTrigger>::handlePressedUpdated()
 .text._ZN8touchgfx8CallbackI15StartupViewBaseRKNS_12FadeAnimatorINS_8TextAreaEEEvvED2Ev
                0x08004670        0x2 TouchGFX/build/ST/STM32F429IDISCO/TouchGFX/generated/gui_generated/src/startup_screen/StartupViewBase.o
                0x08004670                touchgfx::Callback<StartupViewBase, touchgfx::FadeAnimator<touchgfx::TextArea> const&, void, void>::~Callback()
                0x08004670                touchgfx::Callback<StartupViewBase, touchgfx::FadeAnimator<touchgfx::TextArea> const&, void, void>::~Callback()
 .text._ZN8touchgfx8CallbackI15StartupViewBaseRKNS_23AbstractButtonContainerEvvED2Ev
                0x08004672        0x2 TouchGFX/build/ST/STM32F429IDISCO/TouchGFX/generated/gui_generated/src/startup_screen/StartupViewBase.o
                0x08004672                touchgfx::Callback<StartupViewBase, touchgfx::AbstractButtonContainer const&, void, void>::~Callback()
                0x08004672                touchgfx::Callback<StartupViewBase, touchgfx::AbstractButtonContainer const&, void, void>::~Callback()
 .text._ZN8touchgfx8CallbackI15StartupViewBaseRKNS_12FadeAnimatorINS_8TextAreaEEEvvE7executeES6_
                0x08004674       0x20 TouchGFX/build/ST/STM32F429IDISCO/TouchGFX/generated/gui_generated/src/startup_screen/StartupViewBase.o
                0x08004674                touchgfx::Callback<StartupViewBase, touchgfx::FadeAnimator<touchgfx::TextArea> const&, void, void>::execute(touchgfx::FadeAnimator<touchgfx::TextArea> const&)
 .text._ZNK8touchgfx8CallbackI15StartupViewBaseRKNS_12FadeAnimatorINS_8TextAreaEEEvvE7isValidEv
                0x08004694       0x18 TouchGFX/build/ST/STM32F429IDISCO/TouchGFX/generated/gui_generated/src/startup_screen/StartupViewBase.o
                0x08004694                touchgfx::Callback<StartupViewBase, touchgfx::FadeAnimator<touchgfx::TextArea> const&, void, void>::isValid() const
 .text._ZN8touchgfx8CallbackI15StartupViewBaseRKNS_23AbstractButtonContainerEvvE7executeES4_
                0x080046ac       0x20 TouchGFX/build/ST/STM32F429IDISCO/TouchGFX/generated/gui_generated/src/startup_screen/StartupViewBase.o
                0x080046ac                touchgfx::Callback<StartupViewBase, touchgfx::AbstractButtonContainer const&, void, void>::execute(touchgfx::AbstractButtonContainer const&)
 .text._ZNK8touchgfx8CallbackI15StartupViewBaseRKNS_23AbstractButtonContainerEvvE7isValidEv
                0x080046cc       0x18 TouchGFX/build/ST/STM32F429IDISCO/TouchGFX/generated/gui_generated/src/startup_screen/StartupViewBase.o
                0x080046cc                touchgfx::Callback<StartupViewBase, touchgfx::AbstractButtonContainer const&, void, void>::isValid() const
 .text._ZN8touchgfx24BoxWithBorderButtonStyleINS_18ClickButtonTriggerEE18handleAlphaUpdatedEv
                0x080046e4        0xa TouchGFX/build/ST/STM32F429IDISCO/TouchGFX/generated/gui_generated/src/startup_screen/StartupViewBase.o
                0x080046e4                touchgfx::BoxWithBorderButtonStyle<touchgfx::ClickButtonTrigger>::handleAlphaUpdated()
 .text._ZN8touchgfx12FadeAnimatorINS_8TextAreaEE21setFadeAnimationDelayEt
                0x080046ee        0x4 TouchGFX/build/ST/STM32F429IDISCO/TouchGFX/generated/gui_generated/src/startup_screen/StartupViewBase.o
                0x080046ee                touchgfx::FadeAnimator<touchgfx::TextArea>::setFadeAnimationDelay(unsigned short)
 .text._ZNK8touchgfx12FadeAnimatorINS_8TextAreaEE21getFadeAnimationDelayEv
                0x080046f2        0x4 TouchGFX/build/ST/STM32F429IDISCO/TouchGFX/generated/gui_generated/src/startup_screen/StartupViewBase.o
                0x080046f2                touchgfx::FadeAnimator<touchgfx::TextArea>::getFadeAnimationDelay() const
 .text._ZNK8touchgfx12FadeAnimatorINS_8TextAreaEE9isRunningEv
                0x080046f6        0x8 TouchGFX/build/ST/STM32F429IDISCO/TouchGFX/generated/gui_generated/src/startup_screen/StartupViewBase.o
                0x080046f6                touchgfx::FadeAnimator<touchgfx::TextArea>::isRunning() const
 .text._ZNK8touchgfx12FadeAnimatorINS_8TextAreaEE22isFadeAnimationRunningEv
                0x080046fe        0x6 TouchGFX/build/ST/STM32F429IDISCO/TouchGFX/generated/gui_generated/src/startup_screen/StartupViewBase.o
                0x080046fe                touchgfx::FadeAnimator<touchgfx::TextArea>::isFadeAnimationRunning() const
 .text._ZN8touchgfx12FadeAnimatorINS_8TextAreaEED0Ev
                0x08004704        0xe TouchGFX/build/ST/STM32F429IDISCO/TouchGFX/generated/gui_generated/src/startup_screen/StartupViewBase.o
                0x08004704                touchgfx::FadeAnimator<touchgfx::TextArea>::~FadeAnimator()
 .text._ZN8touchgfx24BoxWithBorderButtonStyleINS_18ClickButtonTriggerEED0Ev
                0x08004712        0xe TouchGFX/build/ST/STM32F429IDISCO/TouchGFX/generated/gui_generated/src/startup_screen/StartupViewBase.o
                0x08004712                touchgfx::BoxWithBorderButtonStyle<touchgfx::ClickButtonTrigger>::~BoxWithBorderButtonStyle()
 .text._ZN8touchgfx8CallbackI15StartupViewBaseRKNS_23AbstractButtonContainerEvvED0Ev
                0x08004720        0xe TouchGFX/build/ST/STM32F429IDISCO/TouchGFX/generated/gui_generated/src/startup_screen/StartupViewBase.o
                0x08004720                touchgfx::Callback<StartupViewBase, touchgfx::AbstractButtonContainer const&, void, void>::~Callback()
 .text._ZN8touchgfx8CallbackI15StartupViewBaseRKNS_12FadeAnimatorINS_8TextAreaEEEvvED0Ev
                0x0800472e        0xe TouchGFX/build/ST/STM32F429IDISCO/TouchGFX/generated/gui_generated/src/startup_screen/StartupViewBase.o
                0x0800472e                touchgfx::Callback<StartupViewBase, touchgfx::FadeAnimator<touchgfx::TextArea> const&, void, void>::~Callback()
 .text._ZN15StartupViewBaseD0Ev
                0x0800473c       0x10 TouchGFX/build/ST/STM32F429IDISCO/TouchGFX/generated/gui_generated/src/startup_screen/StartupViewBase.o
                0x0800473c                StartupViewBase::~StartupViewBase()
 .text._ZN8touchgfx8TextArea12setBaselineYEs
                0x0800474c       0x6c TouchGFX/build/ST/STM32F429IDISCO/TouchGFX/generated/gui_generated/src/startup_screen/StartupViewBase.o
                0x0800474c                touchgfx::TextArea::setBaselineY(short)
 .text._ZN8touchgfx18ClickButtonTrigger16handleClickEventERKNS_10ClickEventE
                0x080047b8       0x54 TouchGFX/build/ST/STM32F429IDISCO/TouchGFX/generated/gui_generated/src/startup_screen/StartupViewBase.o
                0x080047b8                touchgfx::ClickButtonTrigger::handleClickEvent(touchgfx::ClickEvent const&)
 .text._ZN15StartupViewBase25flexButtonCallbackHandlerERKN8touchgfx23AbstractButtonContainerE
                0x0800480c       0x18 TouchGFX/build/ST/STM32F429IDISCO/TouchGFX/generated/gui_generated/src/startup_screen/StartupViewBase.o
                0x0800480c                StartupViewBase::flexButtonCallbackHandler(touchgfx::AbstractButtonContainer const&)
 .text._ZN8touchgfx8DrawableC2Ev
                0x08004824       0x2c TouchGFX/build/ST/STM32F429IDISCO/TouchGFX/generated/gui_generated/src/startup_screen/StartupViewBase.o
                0x08004824                touchgfx::Drawable::Drawable()
                0x08004824                touchgfx::Drawable::Drawable()
 .text._ZN8touchgfx12FadeAnimatorINS_8TextAreaEEC2Ev
                0x08004850       0x3c TouchGFX/build/ST/STM32F429IDISCO/TouchGFX/generated/gui_generated/src/startup_screen/StartupViewBase.o
                0x08004850                touchgfx::FadeAnimator<touchgfx::TextArea>::FadeAnimator()
                0x08004850                touchgfx::FadeAnimator<touchgfx::TextArea>::FadeAnimator()
 .text._ZN15StartupViewBaseC2Ev
                0x0800488c      0x2cc TouchGFX/build/ST/STM32F429IDISCO/TouchGFX/generated/gui_generated/src/startup_screen/StartupViewBase.o
                0x0800488c                StartupViewBase::StartupViewBase()
                0x0800488c                StartupViewBase::StartupViewBase()
 .text._ZN8touchgfx12FadeAnimatorINS_8TextAreaEE21nextFadeAnimationStepEv
                0x08004b58       0x84 TouchGFX/build/ST/STM32F429IDISCO/TouchGFX/generated/gui_generated/src/startup_screen/StartupViewBase.o
                0x08004b58                touchgfx::FadeAnimator<touchgfx::TextArea>::nextFadeAnimationStep()
 .text._ZN8touchgfx12FadeAnimatorINS_8TextAreaEE15handleTickEventEv
                0x08004bdc        0x8 TouchGFX/build/ST/STM32F429IDISCO/TouchGFX/generated/gui_generated/src/startup_screen/StartupViewBase.o
                0x08004bdc                touchgfx::FadeAnimator<touchgfx::TextArea>::handleTickEvent()
 .text._ZN8touchgfx12FadeAnimatorINS_8TextAreaEE18startFadeAnimationEhtPFstsstE
                0x08004be4       0x3e TouchGFX/build/ST/STM32F429IDISCO/TouchGFX/generated/gui_generated/src/startup_screen/StartupViewBase.o
                0x08004be4                touchgfx::FadeAnimator<touchgfx::TextArea>::startFadeAnimation(unsigned char, unsigned short, short (*)(unsigned short, short, short, unsigned short))
 *fill*         0x08004c22        0x2 
 .text._ZN15StartupViewBase15handleTickEventEv
                0x08004c24       0x5c TouchGFX/build/ST/STM32F429IDISCO/TouchGFX/generated/gui_generated/src/startup_screen/StartupViewBase.o
                0x08004c24                StartupViewBase::handleTickEvent()
 .text._ZN15StartupViewBase15afterTransitionEv
                0x08004c80       0x28 TouchGFX/build/ST/STM32F429IDISCO/TouchGFX/generated/gui_generated/src/startup_screen/StartupViewBase.o
                0x08004c80                StartupViewBase::afterTransition()
 .text._ZN15StartupViewBase30hi_FadeOutEndedCallbackHandlerERKN8touchgfx12FadeAnimatorINS0_8TextAreaEEE
                0x08004ca8       0x24 TouchGFX/build/ST/STM32F429IDISCO/TouchGFX/generated/gui_generated/src/startup_screen/StartupViewBase.o
                0x08004ca8                StartupViewBase::hi_FadeOutEndedCallbackHandler(touchgfx::FadeAnimator<touchgfx::TextArea> const&)
 .text._ZN15StartupViewBase35getting_FadeOutEndedCallbackHandlerERKN8touchgfx12FadeAnimatorINS0_8TextAreaEEE
                0x08004ccc       0x24 TouchGFX/build/ST/STM32F429IDISCO/TouchGFX/generated/gui_generated/src/startup_screen/StartupViewBase.o
                0x08004ccc                StartupViewBase::getting_FadeOutEndedCallbackHandler(touchgfx::FadeAnimator<touchgfx::TextArea> const&)
 .text._ZN8touchgfx10Transition8tearDownEv
                0x08004cf0        0x2 TouchGFX/build/ST/STM32F429IDISCO/TouchGFX/generated/gui_generated/src/common/FrontendApplicationBase.o
                0x08004cf0                touchgfx::Transition::tearDown()
 .text._ZN8touchgfx10Transition4initEv
                0x08004cf2        0x2 TouchGFX/build/ST/STM32F429IDISCO/TouchGFX/generated/gui_generated/src/common/FrontendApplicationBase.o
                0x08004cf2                touchgfx::Transition::init()
 .text._ZN8touchgfx10Transition18setScreenContainerERNS_9ContainerE
                0x08004cf4        0x4 TouchGFX/build/ST/STM32F429IDISCO/TouchGFX/generated/gui_generated/src/common/FrontendApplicationBase.o
                0x08004cf4                touchgfx::Transition::setScreenContainer(touchgfx::Container&)
 .text._ZN23FrontendApplicationBaseD2Ev
                0x08004cf8        0x2 TouchGFX/build/ST/STM32F429IDISCO/TouchGFX/generated/gui_generated/src/common/FrontendApplicationBase.o
                0x08004cf8                FrontendApplicationBase::~FrontendApplicationBase()
                0x08004cf8                FrontendApplicationBase::~FrontendApplicationBase()
 .text._ZN8touchgfx12NoTransitionD2Ev
                0x08004cfa        0x2 TouchGFX/build/ST/STM32F429IDISCO/TouchGFX/generated/gui_generated/src/common/FrontendApplicationBase.o
                0x08004cfa                touchgfx::NoTransition::~NoTransition()
                0x08004cfa                touchgfx::NoTransition::~NoTransition()
 .text._ZN8touchgfx12NoTransition15handleTickEventEv
                0x08004cfc        0x6 TouchGFX/build/ST/STM32F429IDISCO/TouchGFX/generated/gui_generated/src/common/FrontendApplicationBase.o
                0x08004cfc                touchgfx::NoTransition::handleTickEvent()
 .text._ZN8touchgfx8CallbackINS_15SlideTransitionILNS_9DirectionE2EEERNS_8DrawableEvvED2Ev
                0x08004d02        0x2 TouchGFX/build/ST/STM32F429IDISCO/TouchGFX/generated/gui_generated/src/common/FrontendApplicationBase.o
                0x08004d02                touchgfx::Callback<touchgfx::SlideTransition<(touchgfx::Direction)2>, touchgfx::Drawable&, void, void>::~Callback()
                0x08004d02                touchgfx::Callback<touchgfx::SlideTransition<(touchgfx::Direction)2>, touchgfx::Drawable&, void, void>::~Callback()
 .text._ZN8touchgfx8CallbackINS_15CoverTransitionILNS_9DirectionE2EEERNS_8DrawableEvvED2Ev
                0x08004d04        0x2 TouchGFX/build/ST/STM32F429IDISCO/TouchGFX/generated/gui_generated/src/common/FrontendApplicationBase.o
                0x08004d04                touchgfx::Callback<touchgfx::CoverTransition<(touchgfx::Direction)2>, touchgfx::Drawable&, void, void>::~Callback()
                0x08004d04                touchgfx::Callback<touchgfx::CoverTransition<(touchgfx::Direction)2>, touchgfx::Drawable&, void, void>::~Callback()
 .text._ZN8touchgfx15CoverTransitionILNS_9DirectionE2EE13FullSolidRectD2Ev
                0x08004d06        0x2 TouchGFX/build/ST/STM32F429IDISCO/TouchGFX/generated/gui_generated/src/common/FrontendApplicationBase.o
                0x08004d06                touchgfx::CoverTransition<(touchgfx::Direction)2>::FullSolidRect::~FullSolidRect()
                0x08004d06                touchgfx::CoverTransition<(touchgfx::Direction)2>::FullSolidRect::~FullSolidRect()
 .text._ZN8touchgfx8CallbackI23FrontendApplicationBasevvvED2Ev
                0x08004d08        0x2 TouchGFX/build/ST/STM32F429IDISCO/TouchGFX/generated/gui_generated/src/common/FrontendApplicationBase.o
                0x08004d08                touchgfx::Callback<FrontendApplicationBase, void, void, void>::~Callback()
                0x08004d08                touchgfx::Callback<FrontendApplicationBase, void, void, void>::~Callback()
 .text._ZN8touchgfx8CallbackINS_15SlideTransitionILNS_9DirectionE2EEERNS_8DrawableEvvE7executeES5_
                0x08004d0a       0x20 TouchGFX/build/ST/STM32F429IDISCO/TouchGFX/generated/gui_generated/src/common/FrontendApplicationBase.o
                0x08004d0a                touchgfx::Callback<touchgfx::SlideTransition<(touchgfx::Direction)2>, touchgfx::Drawable&, void, void>::execute(touchgfx::Drawable&)
 .text._ZNK8touchgfx8CallbackINS_15SlideTransitionILNS_9DirectionE2EEERNS_8DrawableEvvE7isValidEv
                0x08004d2a       0x18 TouchGFX/build/ST/STM32F429IDISCO/TouchGFX/generated/gui_generated/src/common/FrontendApplicationBase.o
                0x08004d2a                touchgfx::Callback<touchgfx::SlideTransition<(touchgfx::Direction)2>, touchgfx::Drawable&, void, void>::isValid() const
 .text._ZN8touchgfx15CoverTransitionILNS_9DirectionE2EED2Ev
                0x08004d42        0x2 TouchGFX/build/ST/STM32F429IDISCO/TouchGFX/generated/gui_generated/src/common/FrontendApplicationBase.o
                0x08004d42                touchgfx::CoverTransition<(touchgfx::Direction)2>::~CoverTransition()
                0x08004d42                touchgfx::CoverTransition<(touchgfx::Direction)2>::~CoverTransition()
 .text._ZN8touchgfx15CoverTransitionILNS_9DirectionE2EE8tearDownEv
                0x08004d44        0xe TouchGFX/build/ST/STM32F429IDISCO/TouchGFX/generated/gui_generated/src/common/FrontendApplicationBase.o
                0x08004d44                touchgfx::CoverTransition<(touchgfx::Direction)2>::tearDown()
 *fill*         0x08004d52        0x2 
 .text._ZN8touchgfx15CoverTransitionILNS_9DirectionE2EE4initEv
                0x08004d54       0x30 TouchGFX/build/ST/STM32F429IDISCO/TouchGFX/generated/gui_generated/src/common/FrontendApplicationBase.o
                0x08004d54                touchgfx::CoverTransition<(touchgfx::Direction)2>::init()
 .text._ZNK8touchgfx15CoverTransitionILNS_9DirectionE2EE13FullSolidRect4drawERKNS_4RectE
                0x08004d84        0x2 TouchGFX/build/ST/STM32F429IDISCO/TouchGFX/generated/gui_generated/src/common/FrontendApplicationBase.o
                0x08004d84                touchgfx::CoverTransition<(touchgfx::Direction)2>::FullSolidRect::draw(touchgfx::Rect const&) const
 *fill*         0x08004d86        0x2 
 .text._ZNK8touchgfx15CoverTransitionILNS_9DirectionE2EE13FullSolidRect12getSolidRectEv
                0x08004d88       0x24 TouchGFX/build/ST/STM32F429IDISCO/TouchGFX/generated/gui_generated/src/common/FrontendApplicationBase.o
                0x08004d88                touchgfx::CoverTransition<(touchgfx::Direction)2>::FullSolidRect::getSolidRect() const
 .text._ZN8touchgfx8CallbackINS_15CoverTransitionILNS_9DirectionE2EEERNS_8DrawableEvvE7executeES5_
                0x08004dac       0x20 TouchGFX/build/ST/STM32F429IDISCO/TouchGFX/generated/gui_generated/src/common/FrontendApplicationBase.o
                0x08004dac                touchgfx::Callback<touchgfx::CoverTransition<(touchgfx::Direction)2>, touchgfx::Drawable&, void, void>::execute(touchgfx::Drawable&)
 .text._ZNK8touchgfx8CallbackINS_15CoverTransitionILNS_9DirectionE2EEERNS_8DrawableEvvE7isValidEv
                0x08004dcc       0x18 TouchGFX/build/ST/STM32F429IDISCO/TouchGFX/generated/gui_generated/src/common/FrontendApplicationBase.o
                0x08004dcc                touchgfx::Callback<touchgfx::CoverTransition<(touchgfx::Direction)2>, touchgfx::Drawable&, void, void>::isValid() const
 .text._ZN8touchgfx8CallbackI23FrontendApplicationBasevvvE7executeEv
                0x08004de4       0x1a TouchGFX/build/ST/STM32F429IDISCO/TouchGFX/generated/gui_generated/src/common/FrontendApplicationBase.o
                0x08004de4                touchgfx::Callback<FrontendApplicationBase, void, void, void>::execute()
 .text._ZNK8touchgfx8CallbackI23FrontendApplicationBasevvvE7isValidEv
                0x08004dfe       0x18 TouchGFX/build/ST/STM32F429IDISCO/TouchGFX/generated/gui_generated/src/common/FrontendApplicationBase.o
                0x08004dfe                touchgfx::Callback<FrontendApplicationBase, void, void, void>::isValid() const
 .text._ZN8touchgfx12NoTransitionD0Ev
                0x08004e16        0xe TouchGFX/build/ST/STM32F429IDISCO/TouchGFX/generated/gui_generated/src/common/FrontendApplicationBase.o
                0x08004e16                touchgfx::NoTransition::~NoTransition()
 .text._ZN23FrontendApplicationBaseD0Ev
                0x08004e24       0x10 TouchGFX/build/ST/STM32F429IDISCO/TouchGFX/generated/gui_generated/src/common/FrontendApplicationBase.o
                0x08004e24                FrontendApplicationBase::~FrontendApplicationBase()
 .text._ZN8touchgfx8CallbackI23FrontendApplicationBasevvvED0Ev
                0x08004e34        0xe TouchGFX/build/ST/STM32F429IDISCO/TouchGFX/generated/gui_generated/src/common/FrontendApplicationBase.o
                0x08004e34                touchgfx::Callback<FrontendApplicationBase, void, void, void>::~Callback()
 .text._ZN8touchgfx15CoverTransitionILNS_9DirectionE2EE13FullSolidRectD0Ev
                0x08004e42        0xe TouchGFX/build/ST/STM32F429IDISCO/TouchGFX/generated/gui_generated/src/common/FrontendApplicationBase.o
                0x08004e42                touchgfx::CoverTransition<(touchgfx::Direction)2>::FullSolidRect::~FullSolidRect()
 .text._ZN8touchgfx8CallbackINS_15SlideTransitionILNS_9DirectionE2EEERNS_8DrawableEvvED0Ev
                0x08004e50        0xe TouchGFX/build/ST/STM32F429IDISCO/TouchGFX/generated/gui_generated/src/common/FrontendApplicationBase.o
                0x08004e50                touchgfx::Callback<touchgfx::SlideTransition<(touchgfx::Direction)2>, touchgfx::Drawable&, void, void>::~Callback()
 .text._ZN8touchgfx15CoverTransitionILNS_9DirectionE2EED0Ev
                0x08004e5e        0xe TouchGFX/build/ST/STM32F429IDISCO/TouchGFX/generated/gui_generated/src/common/FrontendApplicationBase.o
                0x08004e5e                touchgfx::CoverTransition<(touchgfx::Direction)2>::~CoverTransition()
 .text._ZN8touchgfx8CallbackINS_15CoverTransitionILNS_9DirectionE2EEERNS_8DrawableEvvED0Ev
                0x08004e6c        0xe TouchGFX/build/ST/STM32F429IDISCO/TouchGFX/generated/gui_generated/src/common/FrontendApplicationBase.o
                0x08004e6c                touchgfx::Callback<touchgfx::CoverTransition<(touchgfx::Direction)2>, touchgfx::Drawable&, void, void>::~Callback()
 .text._ZN8touchgfxL17prepareTransitionEPPNS_6ScreenEPPNS_9PresenterEPPNS_10TransitionE
                0x08004e7a       0x52 TouchGFX/build/ST/STM32F429IDISCO/TouchGFX/generated/gui_generated/src/common/FrontendApplicationBase.o
 .text._ZN8touchgfxL18finalizeTransitionEPNS_6ScreenEPNS_9PresenterEPNS_10TransitionE
                0x08004ecc       0x34 TouchGFX/build/ST/STM32F429IDISCO/TouchGFX/generated/gui_generated/src/common/FrontendApplicationBase.o
 .text._ZN8touchgfx15SlideTransitionILNS_9DirectionE2EE16tickMoveDrawableERNS_8DrawableE
                0x08004f00       0x44 TouchGFX/build/ST/STM32F429IDISCO/TouchGFX/generated/gui_generated/src/common/FrontendApplicationBase.o
                0x08004f00                touchgfx::SlideTransition<(touchgfx::Direction)2>::tickMoveDrawable(touchgfx::Drawable&)
 .text._ZN8touchgfx15CoverTransitionILNS_9DirectionE2EE16tickMoveDrawableERNS_8DrawableE
                0x08004f44       0x3c TouchGFX/build/ST/STM32F429IDISCO/TouchGFX/generated/gui_generated/src/common/FrontendApplicationBase.o
                0x08004f44                touchgfx::CoverTransition<(touchgfx::Direction)2>::tickMoveDrawable(touchgfx::Drawable&)
 .text._ZN8touchgfx15SlideTransitionILNS_9DirectionE2EE8tearDownEv
                0x08004f80       0x1c TouchGFX/build/ST/STM32F429IDISCO/TouchGFX/generated/gui_generated/src/common/FrontendApplicationBase.o
                0x08004f80                touchgfx::SlideTransition<(touchgfx::Direction)2>::tearDown()
 .text._ZN8touchgfx15CoverTransitionILNS_9DirectionE2EE16initMoveDrawableERNS_8DrawableE.part.4
                0x08004f9c       0x14 TouchGFX/build/ST/STM32F429IDISCO/TouchGFX/generated/gui_generated/src/common/FrontendApplicationBase.o
 .text._ZN8touchgfx15SlideTransitionILNS_9DirectionE2EE16initMoveDrawableERNS_8DrawableE
                0x08004fb0       0x60 TouchGFX/build/ST/STM32F429IDISCO/TouchGFX/generated/gui_generated/src/common/FrontendApplicationBase.o
                0x08004fb0                touchgfx::SlideTransition<(touchgfx::Direction)2>::initMoveDrawable(touchgfx::Drawable&)
 .text._ZN8touchgfx15CoverTransitionILNS_9DirectionE2EE16initMoveDrawableERNS_8DrawableE
                0x08005010       0x60 TouchGFX/build/ST/STM32F429IDISCO/TouchGFX/generated/gui_generated/src/common/FrontendApplicationBase.o
                0x08005010                touchgfx::CoverTransition<(touchgfx::Direction)2>::initMoveDrawable(touchgfx::Drawable&)
 .text._ZN8touchgfx15CoverTransitionILNS_9DirectionE2EE15handleTickEventEv
                0x08005070      0x110 TouchGFX/build/ST/STM32F429IDISCO/TouchGFX/generated/gui_generated/src/common/FrontendApplicationBase.o
                0x08005070                touchgfx::CoverTransition<(touchgfx::Direction)2>::handleTickEvent()
 .text._ZN8touchgfx15SlideTransitionILNS_9DirectionE2EE15handleTickEventEv
                0x08005180       0xac TouchGFX/build/ST/STM32F429IDISCO/TouchGFX/generated/gui_generated/src/common/FrontendApplicationBase.o
                0x08005180                touchgfx::SlideTransition<(touchgfx::Direction)2>::handleTickEvent()
 .text._ZN8touchgfx15SlideTransitionILNS_9DirectionE2EE4initEv
                0x0800522c       0x3c TouchGFX/build/ST/STM32F429IDISCO/TouchGFX/generated/gui_generated/src/common/FrontendApplicationBase.o
                0x0800522c                touchgfx::SlideTransition<(touchgfx::Direction)2>::init()
 .text._ZN23FrontendApplicationBaseC2ER5ModelR12FrontendHeap
                0x08005268       0x4c TouchGFX/build/ST/STM32F429IDISCO/TouchGFX/generated/gui_generated/src/common/FrontendApplicationBase.o
                0x08005268                FrontendApplicationBase::FrontendApplicationBase(Model&, FrontendHeap&)
                0x08005268                FrontendApplicationBase::FrontendApplicationBase(Model&, FrontendHeap&)
 .text._ZN23FrontendApplicationBase33gotoBearScreenSlideTransitionEastEv
                0x080052b4       0x20 TouchGFX/build/ST/STM32F429IDISCO/TouchGFX/generated/gui_generated/src/common/FrontendApplicationBase.o
                0x080052b4                FrontendApplicationBase::gotoBearScreenSlideTransitionEast()
 .text._ZN23FrontendApplicationBase29gotoStartupScreenNoTransitionEv
                0x080052d4       0x20 TouchGFX/build/ST/STM32F429IDISCO/TouchGFX/generated/gui_generated/src/common/FrontendApplicationBase.o
                0x080052d4                FrontendApplicationBase::gotoStartupScreenNoTransition()
 .text._ZN23FrontendApplicationBase36gotoStartupScreenCoverTransitionEastEv
                0x080052f4       0x20 TouchGFX/build/ST/STM32F429IDISCO/TouchGFX/generated/gui_generated/src/common/FrontendApplicationBase.o
                0x080052f4                FrontendApplicationBase::gotoStartupScreenCoverTransitionEast()
 .text._ZN8touchgfx14makeTransitionI11StartupView16StartupPresenterNS_12NoTransitionE5ModelEEPT0_PPNS_6ScreenEPPNS_9PresenterERNS_7MVPHeapEPPNS_10TransitionEPT2_
                0x08005314       0xdc TouchGFX/build/ST/STM32F429IDISCO/TouchGFX/generated/gui_generated/src/common/FrontendApplicationBase.o
                0x08005314                StartupPresenter* touchgfx::makeTransition<StartupView, StartupPresenter, touchgfx::NoTransition, Model>(touchgfx::Screen**, touchgfx::Presenter**, touchgfx::MVPHeap&, touchgfx::Transition**, Model*)
 .text._ZN23FrontendApplicationBase33gotoStartupScreenNoTransitionImplEv
                0x080053f0       0x28 TouchGFX/build/ST/STM32F429IDISCO/TouchGFX/generated/gui_generated/src/common/FrontendApplicationBase.o
                0x080053f0                FrontendApplicationBase::gotoStartupScreenNoTransitionImpl()
 .text._ZN8touchgfx14makeTransitionI11StartupView16StartupPresenterNS_15CoverTransitionILNS_9DirectionE2EEE5ModelEEPT0_PPNS_6ScreenEPPNS_9PresenterERNS_7MVPHeapEPPNS_10TransitionEPT2_
                0x08005418      0x148 TouchGFX/build/ST/STM32F429IDISCO/TouchGFX/generated/gui_generated/src/common/FrontendApplicationBase.o
                0x08005418                StartupPresenter* touchgfx::makeTransition<StartupView, StartupPresenter, touchgfx::CoverTransition<(touchgfx::Direction)2>, Model>(touchgfx::Screen**, touchgfx::Presenter**, touchgfx::MVPHeap&, touchgfx::Transition**, Model*)
 .text._ZN23FrontendApplicationBase40gotoStartupScreenCoverTransitionEastImplEv
                0x08005560       0x28 TouchGFX/build/ST/STM32F429IDISCO/TouchGFX/generated/gui_generated/src/common/FrontendApplicationBase.o
                0x08005560                FrontendApplicationBase::gotoStartupScreenCoverTransitionEastImpl()
 .text._ZN8touchgfx15SlideTransitionILNS_9DirectionE2EED2Ev
                0x08005588       0x18 TouchGFX/build/ST/STM32F429IDISCO/TouchGFX/generated/gui_generated/src/common/FrontendApplicationBase.o
                0x08005588                touchgfx::SlideTransition<(touchgfx::Direction)2>::~SlideTransition()
                0x08005588                touchgfx::SlideTransition<(touchgfx::Direction)2>::~SlideTransition()
 .text._ZN8touchgfx15SlideTransitionILNS_9DirectionE2EED0Ev
                0x080055a0       0x14 TouchGFX/build/ST/STM32F429IDISCO/TouchGFX/generated/gui_generated/src/common/FrontendApplicationBase.o
                0x080055a0                touchgfx::SlideTransition<(touchgfx::Direction)2>::~SlideTransition()
 .text._ZN8touchgfx14makeTransitionI8BearView13BearPresenterNS_15SlideTransitionILNS_9DirectionE2EEE5ModelEEPT0_PPNS_6ScreenEPPNS_9PresenterERNS_7MVPHeapEPPNS_10TransitionEPT2_
                0x080055b4      0x174 TouchGFX/build/ST/STM32F429IDISCO/TouchGFX/generated/gui_generated/src/common/FrontendApplicationBase.o
                0x080055b4                BearPresenter* touchgfx::makeTransition<BearView, BearPresenter, touchgfx::SlideTransition<(touchgfx::Direction)2>, Model>(touchgfx::Screen**, touchgfx::Presenter**, touchgfx::MVPHeap&, touchgfx::Transition**, Model*)
 .text._ZN23FrontendApplicationBase37gotoBearScreenSlideTransitionEastImplEv
                0x08005728       0x28 TouchGFX/build/ST/STM32F429IDISCO/TouchGFX/generated/gui_generated/src/common/FrontendApplicationBase.o
                0x08005728                FrontendApplicationBase::gotoBearScreenSlideTransitionEastImpl()
 .text._ZN12BearViewBaseD2Ev
                0x08005750        0x2 TouchGFX/build/ST/STM32F429IDISCO/TouchGFX/generated/gui_generated/src/bear_screen/BearViewBase.o
                0x08005750                BearViewBase::~BearViewBase()
                0x08005750                BearViewBase::~BearViewBase()
 .text._ZN12BearViewBase11setupScreenEv
                0x08005752        0x2 TouchGFX/build/ST/STM32F429IDISCO/TouchGFX/generated/gui_generated/src/bear_screen/BearViewBase.o
                0x08005752                BearViewBase::setupScreen()
 .text._ZN8touchgfx8CallbackI12BearViewBaseRKNS_23AbstractButtonContainerEvvED2Ev
                0x08005754        0x2 TouchGFX/build/ST/STM32F429IDISCO/TouchGFX/generated/gui_generated/src/bear_screen/BearViewBase.o
                0x08005754                touchgfx::Callback<BearViewBase, touchgfx::AbstractButtonContainer const&, void, void>::~Callback()
                0x08005754                touchgfx::Callback<BearViewBase, touchgfx::AbstractButtonContainer const&, void, void>::~Callback()
 .text._ZN8touchgfx8CallbackI12BearViewBaseRKNS_23AbstractButtonContainerEvvE7executeES4_
                0x08005756       0x20 TouchGFX/build/ST/STM32F429IDISCO/TouchGFX/generated/gui_generated/src/bear_screen/BearViewBase.o
                0x08005756                touchgfx::Callback<BearViewBase, touchgfx::AbstractButtonContainer const&, void, void>::execute(touchgfx::AbstractButtonContainer const&)
 .text._ZNK8touchgfx8CallbackI12BearViewBaseRKNS_23AbstractButtonContainerEvvE7isValidEv
                0x08005776       0x18 TouchGFX/build/ST/STM32F429IDISCO/TouchGFX/generated/gui_generated/src/bear_screen/BearViewBase.o
                0x08005776                touchgfx::Callback<BearViewBase, touchgfx::AbstractButtonContainer const&, void, void>::isValid() const
 .text._ZN8touchgfx8CallbackI12BearViewBaseRKNS_23AbstractButtonContainerEvvED0Ev
                0x0800578e        0xe TouchGFX/build/ST/STM32F429IDISCO/TouchGFX/generated/gui_generated/src/bear_screen/BearViewBase.o
                0x0800578e                touchgfx::Callback<BearViewBase, touchgfx::AbstractButtonContainer const&, void, void>::~Callback()
 .text._ZN12BearViewBaseD0Ev
                0x0800579c       0x10 TouchGFX/build/ST/STM32F429IDISCO/TouchGFX/generated/gui_generated/src/bear_screen/BearViewBase.o
                0x0800579c                BearViewBase::~BearViewBase()
 .text._ZN12BearViewBase25flexButtonCallbackHandlerERKN8touchgfx23AbstractButtonContainerE
                0x080057ac       0x16 TouchGFX/build/ST/STM32F429IDISCO/TouchGFX/generated/gui_generated/src/bear_screen/BearViewBase.o
                0x080057ac                BearViewBase::flexButtonCallbackHandler(touchgfx::AbstractButtonContainer const&)
 *fill*         0x080057c2        0x2 
 .text._ZN12BearViewBaseC2Ev
                0x080057c4      0x1d0 TouchGFX/build/ST/STM32F429IDISCO/TouchGFX/generated/gui_generated/src/bear_screen/BearViewBase.o
                0x080057c4                BearViewBase::BearViewBase()
                0x080057c4                BearViewBase::BearViewBase()
 .text._ZN8touchgfx17InternalFlashFontD2Ev
                0x08005994        0x2 TouchGFX/build/ST/STM32F429IDISCO/TouchGFX/generated/fonts/src/FontGetters.o
                0x08005994                touchgfx::InternalFlashFont::~InternalFlashFont()
                0x08005994                touchgfx::InternalFlashFont::~InternalFlashFont()
 *fill*         0x08005996        0x2 
 .text._Z23getFont_verdana_10_4bppv
                0x08005998       0x74 TouchGFX/build/ST/STM32F429IDISCO/TouchGFX/generated/fonts/src/FontGetters.o
                0x08005998                getFont_verdana_10_4bpp()
 .text._Z23getFont_verdana_20_4bppv
                0x08005a0c       0x70 TouchGFX/build/ST/STM32F429IDISCO/TouchGFX/generated/fonts/src/FontGetters.o
                0x08005a0c                getFont_verdana_20_4bpp()
 .text._Z23getFont_verdana_40_4bppv
                0x08005a7c       0x70 TouchGFX/build/ST/STM32F429IDISCO/TouchGFX/generated/fonts/src/FontGetters.o
                0x08005a7c                getFont_verdana_40_4bpp()
 .text._ZN8touchgfx17InternalFlashFontD0Ev
                0x08005aec        0xe TouchGFX/build/ST/STM32F429IDISCO/TouchGFX/generated/fonts/src/FontGetters.o
                0x08005aec                touchgfx::InternalFlashFont::~InternalFlashFont()
 .text._ZN23ApplicationFontProviderD2Ev
                0x08005afa        0x2 TouchGFX/build/ST/STM32F429IDISCO/TouchGFX/generated/fonts/src/ApplicationFontProvider.o
                0x08005afa                ApplicationFontProvider::~ApplicationFontProvider()
                0x08005afa                ApplicationFontProvider::~ApplicationFontProvider()
 .text._ZN23ApplicationFontProvider7getFontEt
                0x08005afc       0x1a TouchGFX/build/ST/STM32F429IDISCO/TouchGFX/generated/fonts/src/ApplicationFontProvider.o
                0x08005afc                ApplicationFontProvider::getFont(unsigned short)
 .text._ZN23ApplicationFontProviderD0Ev
                0x08005b16        0xe TouchGFX/build/ST/STM32F429IDISCO/TouchGFX/generated/fonts/src/ApplicationFontProvider.o
                0x08005b16                ApplicationFontProvider::~ApplicationFontProvider()
 .text._ZN14BitmapDatabase11getInstanceEv
                0x08005b24        0x8 TouchGFX/build/ST/STM32F429IDISCO/TouchGFX/generated/images/src/BitmapDatabase.o
                0x08005b24                BitmapDatabase::getInstance()
 .text._ZN14BitmapDatabase15getInstanceSizeEv
                0x08005b2c        0x4 TouchGFX/build/ST/STM32F429IDISCO/TouchGFX/generated/images/src/BitmapDatabase.o
                0x08005b2c                BitmapDatabase::getInstanceSize()
 .text._ZN17TypedTextDatabase11getInstanceEt
                0x08005b30        0x8 TouchGFX/build/ST/STM32F429IDISCO/TouchGFX/generated/texts/src/TypedTextDatabase.o
                0x08005b30                TypedTextDatabase::getInstance(unsigned short)
 .text._ZN17TypedTextDatabase15getInstanceSizeEv
                0x08005b38        0x4 TouchGFX/build/ST/STM32F429IDISCO/TouchGFX/generated/texts/src/TypedTextDatabase.o
                0x08005b38                TypedTextDatabase::getInstanceSize()
 .text._ZN17TypedTextDatabase8getFontsEv
                0x08005b3c        0x8 TouchGFX/build/ST/STM32F429IDISCO/TouchGFX/generated/texts/src/TypedTextDatabase.o
                0x08005b3c                TypedTextDatabase::getFonts()
 .text.startup._GLOBAL__sub_I__ZN17TypedTextDatabase11getInstanceEt
                0x08005b44       0x1c TouchGFX/build/ST/STM32F429IDISCO/TouchGFX/generated/texts/src/TypedTextDatabase.o
 .text._ZN8touchgfx5Texts11setLanguageEt
                0x08005b60       0x44 TouchGFX/build/ST/STM32F429IDISCO/TouchGFX/generated/texts/src/Texts.o
                0x08005b60                touchgfx::Texts::setLanguage(unsigned short)
 .text.startup._GLOBAL__sub_I__ZN8touchgfx4Font22getStringWidthFunctionE
                0x08005ba4       0x10 TouchGFX/build/ST/STM32F429IDISCO/TouchGFX/generated/texts/src/Texts.o
 .text._ZN8touchgfx10OSWrappers10initializeEv
                0x08005bb4       0x34 TouchGFX/build/ST/STM32F429IDISCO/../Middlewares/ST/TouchGFX/touchgfx/os/OSWrappers.o
                0x08005bb4                touchgfx::OSWrappers::initialize()
 .text._ZN8touchgfx10OSWrappers24takeFrameBufferSemaphoreEv
                0x08005be8       0x14 TouchGFX/build/ST/STM32F429IDISCO/../Middlewares/ST/TouchGFX/touchgfx/os/OSWrappers.o
                0x08005be8                touchgfx::OSWrappers::takeFrameBufferSemaphore()
 .text._ZN8touchgfx10OSWrappers24giveFrameBufferSemaphoreEv
                0x08005bfc       0x14 TouchGFX/build/ST/STM32F429IDISCO/../Middlewares/ST/TouchGFX/touchgfx/os/OSWrappers.o
                0x08005bfc                touchgfx::OSWrappers::giveFrameBufferSemaphore()
 .text._ZN8touchgfx10OSWrappers27tryTakeFrameBufferSemaphoreEv
                0x08005c10       0x14 TouchGFX/build/ST/STM32F429IDISCO/../Middlewares/ST/TouchGFX/touchgfx/os/OSWrappers.o
                0x08005c10                touchgfx::OSWrappers::tryTakeFrameBufferSemaphore()
 .text._ZN8touchgfx10OSWrappers31giveFrameBufferSemaphoreFromISREv
                0x08005c24       0x34 TouchGFX/build/ST/STM32F429IDISCO/../Middlewares/ST/TouchGFX/touchgfx/os/OSWrappers.o
                0x08005c24                touchgfx::OSWrappers::giveFrameBufferSemaphoreFromISR()
 .text._ZN8touchgfx10OSWrappers11signalVSyncEv
                0x08005c58       0x3c TouchGFX/build/ST/STM32F429IDISCO/../Middlewares/ST/TouchGFX/touchgfx/os/OSWrappers.o
                0x08005c58                touchgfx::OSWrappers::signalVSync()
 .text._ZN8touchgfx10OSWrappers12waitForVSyncEv
                0x08005c94       0x2c TouchGFX/build/ST/STM32F429IDISCO/../Middlewares/ST/TouchGFX/touchgfx/os/OSWrappers.o
                0x08005c94                touchgfx::OSWrappers::waitForVSync()
 .text._ZL7GUITaskPv
                0x08005cc0       0x10 TouchGFX/build/ST/STM32F429IDISCO/Core/Src/main.o
 .text.startup.main
                0x08005cd0       0x2c TouchGFX/build/ST/STM32F429IDISCO/Core/Src/main.o
                0x08005cd0                main
 .text._ZN8touchgfx8LCD16bppD2Ev
                0x08005cfc        0x2 TouchGFX/build/ST/STM32F429IDISCO/TouchGFX/target/BoardConfiguration.o
                0x08005cfc                touchgfx::LCD16bpp::~LCD16bpp()
                0x08005cfc                touchgfx::LCD16bpp::~LCD16bpp()
 .text._ZN10STM32F4HALD2Ev
                0x08005cfe        0x2 TouchGFX/build/ST/STM32F429IDISCO/TouchGFX/target/BoardConfiguration.o
                0x08005cfe                STM32F4HAL::~STM32F4HAL()
                0x08005cfe                STM32F4HAL::~STM32F4HAL()
 .text._ZN8touchgfx25CortexMMCUInstrumentationD2Ev
                0x08005d00        0x2 TouchGFX/build/ST/STM32F429IDISCO/TouchGFX/target/BoardConfiguration.o
                0x08005d00                touchgfx::CortexMMCUInstrumentation::~CortexMMCUInstrumentation()
                0x08005d00                touchgfx::CortexMMCUInstrumentation::~CortexMMCUInstrumentation()
 .text._ZN8touchgfx24ResistiveTouchControllerD2Ev
                0x08005d02        0x2 TouchGFX/build/ST/STM32F429IDISCO/TouchGFX/target/BoardConfiguration.o
                0x08005d02                touchgfx::ResistiveTouchController::~ResistiveTouchController()
                0x08005d02                touchgfx::ResistiveTouchController::~ResistiveTouchController()
 .text._ZNK8touchgfx9PartitionINS_4meta8TypeListINS_15SlideTransitionILNS_9DirectionE2EEENS2_INS1_3NilES6_EEEELt1EE8capacityEv
                0x08005d04        0x4 TouchGFX/build/ST/STM32F429IDISCO/TouchGFX/target/BoardConfiguration.o
                0x08005d04                touchgfx::Partition<touchgfx::meta::TypeList<touchgfx::SlideTransition<(touchgfx::Direction)2>, touchgfx::meta::TypeList<touchgfx::meta::Nil, touchgfx::meta::Nil> >, (unsigned short)1>::capacity() const
 .text._ZN8touchgfx9PartitionINS_4meta8TypeListINS_15SlideTransitionILNS_9DirectionE2EEENS2_INS1_3NilES6_EEEELt1EE12element_sizeEv
                0x08005d08        0x4 TouchGFX/build/ST/STM32F429IDISCO/TouchGFX/target/BoardConfiguration.o
                0x08005d08                touchgfx::Partition<touchgfx::meta::TypeList<touchgfx::SlideTransition<(touchgfx::Direction)2>, touchgfx::meta::TypeList<touchgfx::meta::Nil, touchgfx::meta::Nil> >, (unsigned short)1>::element_size()
 .text._ZN8touchgfx9PartitionINS_4meta8TypeListINS_15SlideTransitionILNS_9DirectionE2EEENS2_INS1_3NilES6_EEEELt1EE7elementEt
                0x08005d0c        0xa TouchGFX/build/ST/STM32F429IDISCO/TouchGFX/target/BoardConfiguration.o
                0x08005d0c                touchgfx::Partition<touchgfx::meta::TypeList<touchgfx::SlideTransition<(touchgfx::Direction)2>, touchgfx::meta::TypeList<touchgfx::meta::Nil, touchgfx::meta::Nil> >, (unsigned short)1>::element(unsigned short)
 .text._ZNK8touchgfx9PartitionINS_4meta8TypeListINS_15SlideTransitionILNS_9DirectionE2EEENS2_INS1_3NilES6_EEEELt1EE7elementEt
                0x08005d16        0xa TouchGFX/build/ST/STM32F429IDISCO/TouchGFX/target/BoardConfiguration.o
                0x08005d16                touchgfx::Partition<touchgfx::meta::TypeList<touchgfx::SlideTransition<(touchgfx::Direction)2>, touchgfx::meta::TypeList<touchgfx::meta::Nil, touchgfx::meta::Nil> >, (unsigned short)1>::element(unsigned short) const
 .text._ZNK8touchgfx9PartitionINS_4meta8TypeListI11StartupViewNS2_INS1_3NilES4_EEEELt1EE8capacityEv
                0x08005d20        0x4 TouchGFX/build/ST/STM32F429IDISCO/TouchGFX/target/BoardConfiguration.o
                0x08005d20                touchgfx::Partition<touchgfx::meta::TypeList<StartupView, touchgfx::meta::TypeList<touchgfx::meta::Nil, touchgfx::meta::Nil> >, (unsigned short)1>::capacity() const
 .text._ZN8touchgfx9PartitionINS_4meta8TypeListI11StartupViewNS2_INS1_3NilES4_EEEELt1EE12element_sizeEv
                0x08005d24        0x6 TouchGFX/build/ST/STM32F429IDISCO/TouchGFX/target/BoardConfiguration.o
                0x08005d24                touchgfx::Partition<touchgfx::meta::TypeList<StartupView, touchgfx::meta::TypeList<touchgfx::meta::Nil, touchgfx::meta::Nil> >, (unsigned short)1>::element_size()
 .text._ZN8touchgfx9PartitionINS_4meta8TypeListI11StartupViewNS2_INS1_3NilES4_EEEELt1EE7elementEt
                0x08005d2a        0xc TouchGFX/build/ST/STM32F429IDISCO/TouchGFX/target/BoardConfiguration.o
                0x08005d2a                touchgfx::Partition<touchgfx::meta::TypeList<StartupView, touchgfx::meta::TypeList<touchgfx::meta::Nil, touchgfx::meta::Nil> >, (unsigned short)1>::element(unsigned short)
 .text._ZNK8touchgfx9PartitionINS_4meta8TypeListI11StartupViewNS2_INS1_3NilES4_EEEELt1EE7elementEt
                0x08005d36        0xc TouchGFX/build/ST/STM32F429IDISCO/TouchGFX/target/BoardConfiguration.o
                0x08005d36                touchgfx::Partition<touchgfx::meta::TypeList<StartupView, touchgfx::meta::TypeList<touchgfx::meta::Nil, touchgfx::meta::Nil> >, (unsigned short)1>::element(unsigned short) const
 .text._ZNK8touchgfx9PartitionINS_4meta8TypeListI16StartupPresenterNS2_INS1_3NilES4_EEEELt1EE8capacityEv
                0x08005d42        0x4 TouchGFX/build/ST/STM32F429IDISCO/TouchGFX/target/BoardConfiguration.o
                0x08005d42                touchgfx::Partition<touchgfx::meta::TypeList<StartupPresenter, touchgfx::meta::TypeList<touchgfx::meta::Nil, touchgfx::meta::Nil> >, (unsigned short)1>::capacity() const
 .text._ZN8touchgfx9PartitionINS_4meta8TypeListI16StartupPresenterNS2_INS1_3NilES4_EEEELt1EE12element_sizeEv
                0x08005d46        0x4 TouchGFX/build/ST/STM32F429IDISCO/TouchGFX/target/BoardConfiguration.o
                0x08005d46                touchgfx::Partition<touchgfx::meta::TypeList<StartupPresenter, touchgfx::meta::TypeList<touchgfx::meta::Nil, touchgfx::meta::Nil> >, (unsigned short)1>::element_size()
 .text._ZN8touchgfx9PartitionINS_4meta8TypeListI16StartupPresenterNS2_INS1_3NilES4_EEEELt1EE7elementEt
                0x08005d4a        0x8 TouchGFX/build/ST/STM32F429IDISCO/TouchGFX/target/BoardConfiguration.o
                0x08005d4a                touchgfx::Partition<touchgfx::meta::TypeList<StartupPresenter, touchgfx::meta::TypeList<touchgfx::meta::Nil, touchgfx::meta::Nil> >, (unsigned short)1>::element(unsigned short)
 .text._ZNK8touchgfx9PartitionINS_4meta8TypeListI16StartupPresenterNS2_INS1_3NilES4_EEEELt1EE7elementEt
                0x08005d52        0x8 TouchGFX/build/ST/STM32F429IDISCO/TouchGFX/target/BoardConfiguration.o
                0x08005d52                touchgfx::Partition<touchgfx::meta::TypeList<StartupPresenter, touchgfx::meta::TypeList<touchgfx::meta::Nil, touchgfx::meta::Nil> >, (unsigned short)1>::element(unsigned short) const
 .text._ZN16FrontendHeapBase15gotoStartScreenER19FrontendApplication
                0x08005d5a        0x6 TouchGFX/build/ST/STM32F429IDISCO/TouchGFX/target/BoardConfiguration.o
                0x08005d5a                FrontendHeapBase::gotoStartScreen(FrontendApplication&)
 .text._ZN8touchgfx9PartitionINS_4meta8TypeListINS_15SlideTransitionILNS_9DirectionE2EEENS2_INS1_3NilES6_EEEELt1EED2Ev
                0x08005d60       0x14 TouchGFX/build/ST/STM32F429IDISCO/TouchGFX/target/BoardConfiguration.o
                0x08005d60                touchgfx::Partition<touchgfx::meta::TypeList<touchgfx::SlideTransition<(touchgfx::Direction)2>, touchgfx::meta::TypeList<touchgfx::meta::Nil, touchgfx::meta::Nil> >, (unsigned short)1>::~Partition()
                0x08005d60                touchgfx::Partition<touchgfx::meta::TypeList<touchgfx::SlideTransition<(touchgfx::Direction)2>, touchgfx::meta::TypeList<touchgfx::meta::Nil, touchgfx::meta::Nil> >, (unsigned short)1>::~Partition()
 .text._ZN8touchgfx9PartitionINS_4meta8TypeListINS_15SlideTransitionILNS_9DirectionE2EEENS2_INS1_3NilES6_EEEELt1EED0Ev
                0x08005d74       0x14 TouchGFX/build/ST/STM32F429IDISCO/TouchGFX/target/BoardConfiguration.o
                0x08005d74                touchgfx::Partition<touchgfx::meta::TypeList<touchgfx::SlideTransition<(touchgfx::Direction)2>, touchgfx::meta::TypeList<touchgfx::meta::Nil, touchgfx::meta::Nil> >, (unsigned short)1>::~Partition()
 .text._ZN8touchgfx9PartitionINS_4meta8TypeListI11StartupViewNS2_INS1_3NilES4_EEEELt1EED2Ev
                0x08005d88       0x14 TouchGFX/build/ST/STM32F429IDISCO/TouchGFX/target/BoardConfiguration.o
                0x08005d88                touchgfx::Partition<touchgfx::meta::TypeList<StartupView, touchgfx::meta::TypeList<touchgfx::meta::Nil, touchgfx::meta::Nil> >, (unsigned short)1>::~Partition()
                0x08005d88                touchgfx::Partition<touchgfx::meta::TypeList<StartupView, touchgfx::meta::TypeList<touchgfx::meta::Nil, touchgfx::meta::Nil> >, (unsigned short)1>::~Partition()
 .text._ZN8touchgfx9PartitionINS_4meta8TypeListI11StartupViewNS2_INS1_3NilES4_EEEELt1EED0Ev
                0x08005d9c       0x16 TouchGFX/build/ST/STM32F429IDISCO/TouchGFX/target/BoardConfiguration.o
                0x08005d9c                touchgfx::Partition<touchgfx::meta::TypeList<StartupView, touchgfx::meta::TypeList<touchgfx::meta::Nil, touchgfx::meta::Nil> >, (unsigned short)1>::~Partition()
 *fill*         0x08005db2        0x2 
 .text._ZN8touchgfx9PartitionINS_4meta8TypeListI16StartupPresenterNS2_INS1_3NilES4_EEEELt1EED2Ev
                0x08005db4       0x14 TouchGFX/build/ST/STM32F429IDISCO/TouchGFX/target/BoardConfiguration.o
                0x08005db4                touchgfx::Partition<touchgfx::meta::TypeList<StartupPresenter, touchgfx::meta::TypeList<touchgfx::meta::Nil, touchgfx::meta::Nil> >, (unsigned short)1>::~Partition()
                0x08005db4                touchgfx::Partition<touchgfx::meta::TypeList<StartupPresenter, touchgfx::meta::TypeList<touchgfx::meta::Nil, touchgfx::meta::Nil> >, (unsigned short)1>::~Partition()
 .text._ZN8touchgfx9PartitionINS_4meta8TypeListI16StartupPresenterNS2_INS1_3NilES4_EEEELt1EED0Ev
                0x08005dc8       0x14 TouchGFX/build/ST/STM32F429IDISCO/TouchGFX/target/BoardConfiguration.o
                0x08005dc8                touchgfx::Partition<touchgfx::meta::TypeList<StartupPresenter, touchgfx::meta::TypeList<touchgfx::meta::Nil, touchgfx::meta::Nil> >, (unsigned short)1>::~Partition()
 .text._ZN12FrontendHeapD2Ev
                0x08005ddc       0x28 TouchGFX/build/ST/STM32F429IDISCO/TouchGFX/target/BoardConfiguration.o
                0x08005ddc                FrontendHeap::~FrontendHeap()
                0x08005ddc                FrontendHeap::~FrontendHeap()
 .text._ZN12FrontendHeapD0Ev
                0x08005e04       0x16 TouchGFX/build/ST/STM32F429IDISCO/TouchGFX/target/BoardConfiguration.o
                0x08005e04                FrontendHeap::~FrontendHeap()
 .text._ZN8touchgfx8LCD16bppD0Ev
                0x08005e1a        0xe TouchGFX/build/ST/STM32F429IDISCO/TouchGFX/target/BoardConfiguration.o
                0x08005e1a                touchgfx::LCD16bpp::~LCD16bpp()
 .text.LCD_GetXSize
                0x08005e28       0x10 TouchGFX/build/ST/STM32F429IDISCO/TouchGFX/target/BoardConfiguration.o
                0x08005e28                LCD_GetXSize
 .text.LCD_GetYSize
                0x08005e38       0x10 TouchGFX/build/ST/STM32F429IDISCO/TouchGFX/target/BoardConfiguration.o
                0x08005e38                LCD_GetYSize
 .text._ZN8touchgfx7hw_initEv
                0x08005e48      0x2a8 TouchGFX/build/ST/STM32F429IDISCO/TouchGFX/target/BoardConfiguration.o
                0x08005e48                touchgfx::hw_init()
 .text._ZN8touchgfx21touchgfx_generic_initI10STM32F4HALEERNS_3HALERNS_13DMA_InterfaceERNS_3LCDERNS_15TouchControllerEssPtmm
                0x080060f0      0x1e0 TouchGFX/build/ST/STM32F429IDISCO/TouchGFX/target/BoardConfiguration.o
                0x080060f0                touchgfx::HAL& touchgfx::touchgfx_generic_init<STM32F4HAL>(touchgfx::DMA_Interface&, touchgfx::LCD&, touchgfx::TouchController&, short, short, unsigned short*, unsigned long, unsigned long)
 .text._ZN8touchgfx13touchgfx_initEv
                0x080062d0       0x70 TouchGFX/build/ST/STM32F429IDISCO/TouchGFX/target/BoardConfiguration.o
                0x080062d0                touchgfx::touchgfx_init()
 .text._ZN10STM32F4HALD0Ev
                0x08006340        0xe TouchGFX/build/ST/STM32F429IDISCO/TouchGFX/target/BoardConfiguration.o
                0x08006340                STM32F4HAL::~STM32F4HAL()
 .text._ZN8touchgfx25CortexMMCUInstrumentationD0Ev
                0x0800634e        0xe TouchGFX/build/ST/STM32F429IDISCO/TouchGFX/target/BoardConfiguration.o
                0x0800634e                touchgfx::CortexMMCUInstrumentation::~CortexMMCUInstrumentation()
 .text._ZN8touchgfx24ResistiveTouchControllerD0Ev
                0x0800635c        0xe TouchGFX/build/ST/STM32F429IDISCO/TouchGFX/target/BoardConfiguration.o
                0x0800635c                touchgfx::ResistiveTouchController::~ResistiveTouchController()
 *fill*         0x0800636a        0x2 
 .text.startup._GLOBAL__sub_I_os_inited
                0x0800636c       0x7c TouchGFX/build/ST/STM32F429IDISCO/TouchGFX/target/BoardConfiguration.o
 .text._ZN8touchgfx18MCUInstrumentation13getCCConsumedEv
                0x080063e8        0x4 TouchGFX/build/ST/STM32F429IDISCO/TouchGFX/target/CortexMMCUInstrumentation.o
                0x080063e8                touchgfx::MCUInstrumentation::getCCConsumed()
 .text._ZN8touchgfx18MCUInstrumentation13setCCConsumedEm
                0x080063ec        0x4 TouchGFX/build/ST/STM32F429IDISCO/TouchGFX/target/CortexMMCUInstrumentation.o
                0x080063ec                touchgfx::MCUInstrumentation::setCCConsumed(unsigned long)
 .text._ZN8touchgfx25CortexMMCUInstrumentation4initEv
                0x080063f0       0x20 TouchGFX/build/ST/STM32F429IDISCO/TouchGFX/target/CortexMMCUInstrumentation.o
                0x080063f0                touchgfx::CortexMMCUInstrumentation::init()
 .text._ZN8touchgfx25CortexMMCUInstrumentation12getElapsedUSEjjj
                0x08006410        0xc TouchGFX/build/ST/STM32F429IDISCO/TouchGFX/target/CortexMMCUInstrumentation.o
                0x08006410                touchgfx::CortexMMCUInstrumentation::getElapsedUS(unsigned int, unsigned int, unsigned int)
 .text._ZN8touchgfx25CortexMMCUInstrumentation12getCPUCyclesEv
                0x0800641c        0xc TouchGFX/build/ST/STM32F429IDISCO/TouchGFX/target/CortexMMCUInstrumentation.o
                0x0800641c                touchgfx::CortexMMCUInstrumentation::getCPUCycles()
 .text._ZN8touchgfx25CortexMMCUInstrumentation12setMCUActiveEb
                0x08006428       0x1e TouchGFX/build/ST/STM32F429IDISCO/TouchGFX/target/CortexMMCUInstrumentation.o
                0x08006428                touchgfx::CortexMMCUInstrumentation::setMCUActive(bool)
 *fill*         0x08006446        0x2 
 .text._ZN8touchgfx4GPIO3setENS0_7GPIO_IDE
                0x08006448       0x18 TouchGFX/build/ST/STM32F429IDISCO/TouchGFX/target/GPIO.o
                0x08006448                touchgfx::GPIO::set(touchgfx::GPIO::GPIO_ID)
 .text._ZN8touchgfx4GPIO5clearENS0_7GPIO_IDE
                0x08006460       0x18 TouchGFX/build/ST/STM32F429IDISCO/TouchGFX/target/GPIO.o
                0x08006460                touchgfx::GPIO::clear(touchgfx::GPIO::GPIO_ID)
 .text._ZN8touchgfx4GPIO4initEv
                0x08006478       0x1e TouchGFX/build/ST/STM32F429IDISCO/TouchGFX/target/GPIO.o
                0x08006478                touchgfx::GPIO::init()
 *fill*         0x08006496        0x2 
 .text._ZN8touchgfx4GPIO6toggleENS0_7GPIO_IDE
                0x08006498       0x14 TouchGFX/build/ST/STM32F429IDISCO/TouchGFX/target/GPIO.o
                0x08006498                touchgfx::GPIO::toggle(touchgfx::GPIO::GPIO_ID)
 .text._ZN8touchgfx24ResistiveTouchController4initEv
                0x080064ac       0x18 TouchGFX/build/ST/STM32F429IDISCO/TouchGFX/target/ResistiveTouchController.o
                0x080064ac                touchgfx::ResistiveTouchController::init()
 .text._ZN8touchgfx24ResistiveTouchController11sampleTouchERlS1_
                0x080064c4       0x24 TouchGFX/build/ST/STM32F429IDISCO/TouchGFX/target/ResistiveTouchController.o
                0x080064c4                touchgfx::ResistiveTouchController::sampleTouch(long&, long&)
 .text._ZN8touchgfx13DMA_Interface5flushEv
                0x080064e8        0x6 TouchGFX/build/ST/STM32F429IDISCO/TouchGFX/target/STM32F4DMA.o
                0x080064e8                touchgfx::DMA_Interface::flush()
 .text._ZN10STM32F4DMA18signalDMAInterruptEv
                0x080064ee        0x6 TouchGFX/build/ST/STM32F429IDISCO/TouchGFX/target/STM32F4DMA.o
                0x080064ee                STM32F4DMA::signalDMAInterrupt()
 .text.DMA2D_XferErrorCallback
                0x080064f4        0x2 TouchGFX/build/ST/STM32F429IDISCO/TouchGFX/target/STM32F4DMA.o
 *fill*         0x080064f6        0x2 
 .text._ZN10STM32F4DMA11getBlitCapsEv
                0x080064f8       0x14 TouchGFX/build/ST/STM32F429IDISCO/TouchGFX/target/STM32F4DMA.o
                0x080064f8                STM32F4DMA::getBlitCaps()
 .text._ZN10STM32F4DMAD2Ev
                0x0800650c       0x28 TouchGFX/build/ST/STM32F429IDISCO/TouchGFX/target/STM32F4DMA.o
                0x0800650c                STM32F4DMA::~STM32F4DMA()
                0x0800650c                STM32F4DMA::~STM32F4DMA()
 .text._ZN10STM32F4DMAD0Ev
                0x08006534       0x16 TouchGFX/build/ST/STM32F429IDISCO/TouchGFX/target/STM32F4DMA.o
                0x08006534                STM32F4DMA::~STM32F4DMA()
 *fill*         0x0800654a        0x2 
 .text._ZN10STM32F4DMA10initializeEv
                0x0800654c       0x34 TouchGFX/build/ST/STM32F429IDISCO/TouchGFX/target/STM32F4DMA.o
                0x0800654c                STM32F4DMA::initialize()
 .text.DMA2D_XferCpltCallback
                0x08006580       0x10 TouchGFX/build/ST/STM32F429IDISCO/TouchGFX/target/STM32F4DMA.o
 .text._ZN10STM32F4DMA13setupDataCopyERKN8touchgfx6BlitOpE
                0x08006590      0x1ac TouchGFX/build/ST/STM32F429IDISCO/TouchGFX/target/STM32F4DMA.o
                0x08006590                STM32F4DMA::setupDataCopy(touchgfx::BlitOp const&)
 .text._ZN10STM32F4DMA13setupDataFillERKN8touchgfx6BlitOpE
                0x0800673c      0x10c TouchGFX/build/ST/STM32F429IDISCO/TouchGFX/target/STM32F4DMA.o
                0x0800673c                STM32F4DMA::setupDataFill(touchgfx::BlitOp const&)
 .text._ZN10STM32F4DMAC2Ev
                0x08006848       0x34 TouchGFX/build/ST/STM32F429IDISCO/TouchGFX/target/STM32F4DMA.o
                0x08006848                STM32F4DMA::STM32F4DMA()
                0x08006848                STM32F4DMA::STM32F4DMA()
 .text._ZN8touchgfx3HAL21setDisplayOrientationENS_18DisplayOrientationE
                0x0800687c        0xc TouchGFX/build/ST/STM32F429IDISCO/TouchGFX/target/STM32F4HAL.o
                0x0800687c                touchgfx::HAL::setDisplayOrientation(touchgfx::DisplayOrientation)
 .text._ZN8touchgfx3HAL11getBlitCapsEv
                0x08006888        0x8 TouchGFX/build/ST/STM32F429IDISCO/TouchGFX/target/STM32F4HAL.o
                0x08006888                touchgfx::HAL::getBlitCaps()
 .text._ZN8touchgfx3HAL9sampleKeyERh
                0x08006890        0x4 TouchGFX/build/ST/STM32F429IDISCO/TouchGFX/target/STM32F4HAL.o
                0x08006890                touchgfx::HAL::sampleKey(unsigned char&)
 .text._ZN8touchgfx3HAL9taskDelayEt
                0x08006894        0xa TouchGFX/build/ST/STM32F429IDISCO/TouchGFX/target/STM32F4HAL.o
                0x08006894                touchgfx::HAL::taskDelay(unsigned short)
 *fill*         0x0800689e        0x2 
 .text._ZNK10STM32F4HAL17getTFTFrameBufferEv
                0x080068a0        0xc TouchGFX/build/ST/STM32F429IDISCO/TouchGFX/target/STM32F4HAL.o
                0x080068a0                STM32F4HAL::getTFTFrameBuffer() const
 .text._ZN10STM32F4HAL17setTFTFrameBufferEPt
                0x080068ac       0x10 TouchGFX/build/ST/STM32F429IDISCO/TouchGFX/target/STM32F4HAL.o
                0x080068ac                STM32F4HAL::setTFTFrameBuffer(unsigned short*)
 .text._ZN10STM32F4HAL17getTFTCurrentLineEv
                0x080068bc       0x20 TouchGFX/build/ST/STM32F429IDISCO/TouchGFX/target/STM32F4HAL.o
                0x080068bc                STM32F4HAL::getTFTCurrentLine()
 .text._ZN10STM32F4HAL19configureInterruptsEv
                0x080068dc       0x14 TouchGFX/build/ST/STM32F429IDISCO/TouchGFX/target/STM32F4HAL.o
                0x080068dc                STM32F4HAL::configureInterrupts()
 .text._ZN10STM32F4HAL28enableLCDControllerInterruptEv
                0x080068f0       0x30 TouchGFX/build/ST/STM32F429IDISCO/TouchGFX/target/STM32F4HAL.o
                0x080068f0                STM32F4HAL::enableLCDControllerInterrupt()
 .text._ZN10STM32F4HAL17disableInterruptsEv
                0x08006920       0x20 TouchGFX/build/ST/STM32F429IDISCO/TouchGFX/target/STM32F4HAL.o
                0x08006920                STM32F4HAL::disableInterrupts()
 .text._ZN10STM32F4HAL16enableInterruptsEv
                0x08006940       0x1c TouchGFX/build/ST/STM32F429IDISCO/TouchGFX/target/STM32F4HAL.o
                0x08006940                STM32F4HAL::enableInterrupts()
 .text._ZN8touchgfx3HAL15backPorchExitedEv
                0x0800695c       0x16 TouchGFX/build/ST/STM32F429IDISCO/TouchGFX/target/STM32F4HAL.o
                0x0800695c                touchgfx::HAL::backPorchExited()
 *fill*         0x08006972        0x2 
 .text._ZN8touchgfx3HAL28setFrameBufferStartAddressesEPvS1_S1_
                0x08006974       0x44 TouchGFX/build/ST/STM32F429IDISCO/TouchGFX/target/STM32F4HAL.o
                0x08006974                touchgfx::HAL::setFrameBufferStartAddresses(void*, void*, void*)
 .text._ZN8touchgfx3HAL26setFrameBufferStartAddressEPvtbb
                0x080069b8       0x84 TouchGFX/build/ST/STM32F429IDISCO/TouchGFX/target/STM32F4HAL.o
                0x080069b8                touchgfx::HAL::setFrameBufferStartAddress(void*, unsigned short, bool, bool)
 .text._ZN8touchgfx3HAL31performDisplayOrientationChangeEv
                0x08006a3c       0x60 TouchGFX/build/ST/STM32F429IDISCO/TouchGFX/target/STM32F4HAL.o
                0x08006a3c                touchgfx::HAL::performDisplayOrientationChange()
 .text.LTDC_IRQHandler
                0x08006a9c       0x68 TouchGFX/build/ST/STM32F429IDISCO/TouchGFX/target/STM32F4HAL.o
                0x08006a9c                LTDC_IRQHandler
 .text.vListInitialise
                0x08006b04       0x16 TouchGFX/build/ST/STM32F429IDISCO/../Middlewares/Third_Party/FreeRTOS/Source/list.o
                0x08006b04                vListInitialise
 .text.vListInitialiseItem
                0x08006b1a        0x6 TouchGFX/build/ST/STM32F429IDISCO/../Middlewares/Third_Party/FreeRTOS/Source/list.o
                0x08006b1a                vListInitialiseItem
 .text.vListInsertEnd