Archive member included to satisfy reference by file (symbol)

c:/Users/USER/Documents/GitHub/Pedalboard-Display/VerticalGUI/Middlewares/ST/TouchGFX/touchgfx/lib/core/cortex_m4f/gcc\libtouchgfx.a(AbstractPartition.o)
                              TouchGFX/build/ST/STM32F429IDISCO/TouchGFX/target/BoardConfiguration.o (touchgfx::AbstractPartition::getAllocationCount() const)
c:/Users/USER/Documents/GitHub/Pedalboard-Display/VerticalGUI/Middlewares/ST/TouchGFX/touchgfx/lib/core/cortex_m4f/gcc\libtouchgfx.a(Container.o)
                              TouchGFX/build/ST/STM32F429IDISCO/TouchGFX/generated/gui_generated/src/startup_screen/StartupViewBase.o (touchgfx::Container::contains(touchgfx::Drawable const&))
c:/Users/USER/Documents/GitHub/Pedalboard-Display/VerticalGUI/Middlewares/ST/TouchGFX/touchgfx/lib/core/cortex_m4f/gcc\libtouchgfx.a(Slider.o)
                              TouchGFX/build/ST/STM32F429IDISCO/TouchGFX/gui/src/bear_screen/BearView.o (touchgfx::Slider::~Slider())
c:/Users/USER/Documents/GitHub/Pedalboard-Display/VerticalGUI/Middlewares/ST/TouchGFX/touchgfx/lib/core/cortex_m4f/gcc\libtouchgfx.a(HAL.o)
                              TouchGFX/build/ST/STM32F429IDISCO/TouchGFX/target/STM32F4HAL.o (touchgfx::HAL::flushFrameBuffer())
c:/Users/USER/Documents/GitHub/Pedalboard-Display/VerticalGUI/Middlewares/ST/TouchGFX/touchgfx/lib/core/cortex_m4f/gcc\libtouchgfx.a(DMA.o)
                              TouchGFX/build/ST/STM32F429IDISCO/TouchGFX/target/STM32F4DMA.o (touchgfx::DMA_Interface::seedExecution())
c:/Users/USER/Documents/GitHub/Pedalboard-Display/VerticalGUI/Middlewares/ST/TouchGFX/touchgfx/lib/core/cortex_m4f/gcc\libtouchgfx.a(SnapshotWidget.o)
                              TouchGFX/build/ST/STM32F429IDISCO/TouchGFX/generated/gui_generated/src/common/FrontendApplicationBase.o (touchgfx::SnapshotWidget::~SnapshotWidget())
c:/Users/USER/Documents/GitHub/Pedalboard-Display/VerticalGUI/Middlewares/ST/TouchGFX/touchgfx/lib/core/cortex_m4f/gcc\libtouchgfx.a(TextArea.o)
                              TouchGFX/build/ST/STM32F429IDISCO/TouchGFX/generated/gui_generated/src/startup_screen/StartupViewBase.o (touchgfx::TextArea::getTextWidth() const)
c:/Users/USER/Documents/GitHub/Pedalboard-Display/VerticalGUI/Middlewares/ST/TouchGFX/touchgfx/lib/core/cortex_m4f/gcc\libtouchgfx.a(Box.o)
                              TouchGFX/build/ST/STM32F429IDISCO/TouchGFX/generated/gui_generated/src/startup_screen/StartupViewBase.o (vtable for touchgfx::Box)
c:/Users/USER/Documents/GitHub/Pedalboard-Display/VerticalGUI/Middlewares/ST/TouchGFX/touchgfx/lib/core/cortex_m4f/gcc\libtouchgfx.a(BoxWithBorder.o)
                              TouchGFX/build/ST/STM32F429IDISCO/TouchGFX/generated/gui_generated/src/startup_screen/StartupViewBase.o (vtable for touchgfx::BoxWithBorder)
c:/Users/USER/Documents/GitHub/Pedalboard-Display/VerticalGUI/Middlewares/ST/TouchGFX/touchgfx/lib/core/cortex_m4f/gcc\libtouchgfx.a(Image.o)
                              TouchGFX/build/ST/STM32F429IDISCO/TouchGFX/generated/gui_generated/src/bear_screen/BearViewBase.o (touchgfx::Image::setBitmap(touchgfx::Bitmap const&))
c:/Users/USER/Documents/GitHub/Pedalboard-Display/VerticalGUI/Middlewares/ST/TouchGFX/touchgfx/lib/core/cortex_m4f/gcc\libtouchgfx.a(LCD.o)
                              c:/Users/USER/Documents/GitHub/Pedalboard-Display/VerticalGUI/Middlewares/ST/TouchGFX/touchgfx/lib/core/cortex_m4f/gcc\libtouchgfx.a(TextArea.o) (touchgfx::LCD::drawString(touchgfx::Rect, touchgfx::Rect const&, touchgfx::LCD::StringVisuals&, unsigned short const*, ...))
c:/Users/USER/Documents/GitHub/Pedalboard-Display/VerticalGUI/Middlewares/ST/TouchGFX/touchgfx/lib/core/cortex_m4f/gcc\libtouchgfx.a(TouchCalibration.o)
                              c:/Users/USER/Documents/GitHub/Pedalboard-Display/VerticalGUI/Middlewares/ST/TouchGFX/touchgfx/lib/core/cortex_m4f/gcc\libtouchgfx.a(HAL.o) (touchgfx::TouchCalibration::translatePoint(touchgfx::Point&))
c:/Users/USER/Documents/GitHub/Pedalboard-Display/VerticalGUI/Middlewares/ST/TouchGFX/touchgfx/lib/core/cortex_m4f/gcc\libtouchgfx.a(DisplayTransformation.o)
                              c:/Users/USER/Documents/GitHub/Pedalboard-Display/VerticalGUI/Middlewares/ST/TouchGFX/touchgfx/lib/core/cortex_m4f/gcc\libtouchgfx.a(HAL.o) (touchgfx::DisplayTransformation::transformFrameBufferToDisplay(short&, short&))
c:/Users/USER/Documents/GitHub/Pedalboard-Display/VerticalGUI/Middlewares/ST/TouchGFX/touchgfx/lib/core/cortex_m4f/gcc\libtouchgfx.a(Application.o)
                              TouchGFX/build/ST/STM32F429IDISCO/TouchGFX/gui/src/common/FrontendApplication.o (touchgfx::Application::handleClickEvent(touchgfx::ClickEvent const&))
c:/Users/USER/Documents/GitHub/Pedalboard-Display/VerticalGUI/Middlewares/ST/TouchGFX/touchgfx/lib/core/cortex_m4f/gcc\libtouchgfx.a(TypedText.o)
[...]
Memory Configuration

Name             Origin             Length             Attributes
CCMRAM           0x10000000         0x00010000         rw
FLASH_priv       0x08000000         0x00004000         xr
FLASH            0x08004000         0x001fc000         xr
RAM_priv         0x20000000         0x00000200         xrw
RAM              0x20000200         0x0002fc00         xrw
*default*        0x00000000         0xffffffff

Linker script and memory map

LOAD c:/touchgfx/4.10.0/env/mingw/msys/1.0/gnu-arm-gcc/bin/../lib/gcc/arm-none-eabi/6.3.1/thumb/v7e-m/fpv4-sp/softfp/crti.o
LOAD c:/touchgfx/4.10.0/env/mingw/msys/1.0/gnu-arm-gcc/bin/../lib/gcc/arm-none-eabi/6.3.1/thumb/v7e-m/fpv4-sp/softfp/crtbegin.o
LOAD c:/touchgfx/4.10.0/env/mingw/msys/1.0/gnu-arm-gcc/bin/../lib/gcc/arm-none-eabi/6.3.1/../../../../arm-none-eabi/lib/thumb/v7e-m/fpv4-sp/softfp/crt0.o
LOAD TouchGFX/build/ST/STM32F429IDISCO/TouchGFX/gui/src/startup_screen/StartupView.o
LOAD TouchGFX/build/ST/STM32F429IDISCO/TouchGFX/gui/src/startup_screen/StartupPresenter.o
LOAD TouchGFX/build/ST/STM32F429IDISCO/TouchGFX/gui/src/model/Model.o
LOAD TouchGFX/build/ST/STM32F429IDISCO/TouchGFX/gui/src/common/FrontendApplication.o
LOAD TouchGFX/build/ST/STM32F429IDISCO/TouchGFX/gui/src/bear_screen/BearPresenter.o
LOAD TouchGFX/build/ST/STM32F429IDISCO/TouchGFX/gui/src/bear_screen/BearView.o
LOAD TouchGFX/build/ST/STM32F429IDISCO/TouchGFX/generated/gui_generated/src/startup_screen/StartupViewBase.o
LOAD TouchGFX/build/ST/STM32F429IDISCO/TouchGFX/generated/gui_generated/src/common/FrontendApplicationBase.o
LOAD TouchGFX/build/ST/STM32F429IDISCO/TouchGFX/generated/gui_generated/src/bear_screen/BearViewBase.o
LOAD TouchGFX/build/ST/STM32F429IDISCO/TouchGFX/generated/fonts/src/Kerning_verdana_10_4bpp.o
LOAD TouchGFX/build/ST/STM32F429IDISCO/TouchGFX/generated/fonts/src/Font_verdana_40_4bpp.o
LOAD TouchGFX/build/ST/STM32F429IDISCO/TouchGFX/generated/fonts/src/FontGetters.o
LOAD TouchGFX/build/ST/STM32F429IDISCO/TouchGFX/generated/fonts/src/Font_verdana_20_4bpp.o
LOAD TouchGFX/build/ST/STM32F429IDISCO/TouchGFX/generated/fonts/src/Kerning_verdana_40_4bpp.o
LOAD TouchGFX/build/ST/STM32F429IDISCO/TouchGFX/generated/fonts/src/Table_verdana_10_4bpp.o
LOAD TouchGFX/build/ST/STM32F429IDISCO/TouchGFX/generated/fonts/src/Kerning_verdana_20_4bpp.o
LOAD TouchGFX/build/ST/STM32F429IDISCO/TouchGFX/generated/fonts/src/Font_verdana_10_4bpp.o
LOAD TouchGFX/build/ST/STM32F429IDISCO/TouchGFX/generated/fonts/src/Table_verdana_40_4bpp.o
LOAD TouchGFX/build/ST/STM32F429IDISCO/TouchGFX/generated/fonts/src/Table_verdana_20_4bpp.o
LOAD TouchGFX/build/ST/STM32F429IDISCO/TouchGFX/generated/fonts/src/ApplicationFontProvider.o
LOAD TouchGFX/build/ST/STM32F429IDISCO/TouchGFX/generated/images/src/__designer/blue_slider_vertical_small_slider3_vertical_round_edge_back.o
LOAD TouchGFX/build/ST/STM32F429IDISCO/TouchGFX/generated/images/src/__designer/blue_slider_vertical_small_indicators_slider3_vertical_round_edge_nob.o
LOAD TouchGFX/build/ST/STM32F429IDISCO/TouchGFX/generated/images/src/__designer/blue_slider_vertical_small_slider3_vertical_round_edge_fill.o
LOAD TouchGFX/build/ST/STM32F429IDISCO/TouchGFX/generated/images/src/Be_Nice_to_Fat_People_small.o
LOAD TouchGFX/build/ST/STM32F429IDISCO/TouchGFX/generated/images/src/BitmapDatabase.o
LOAD TouchGFX/build/ST/STM32F429IDISCO/TouchGFX/generated/texts/src/LanguageGb.o
LOAD TouchGFX/build/ST/STM32F429IDISCO/TouchGFX/generated/texts/src/TypedTextDatabase.o
LOAD TouchGFX/build/ST/STM32F429IDISCO/TouchGFX/generated/texts/src/Texts.o
LOAD TouchGFX/build/ST/STM32F429IDISCO/../Middlewares/ST/TouchGFX/touchgfx/os/OSWrappers.o
LOAD TouchGFX/build/ST/STM32F429IDISCO/Core/Src/main.o
LOAD TouchGFX/build/ST/STM32F429IDISCO/TouchGFX/target/BoardConfiguration.o
LOAD TouchGFX/build/ST/STM32F429IDISCO/TouchGFX/target/CortexMMCUInstrumentation.o
LOAD TouchGFX/build/ST/STM32F429IDISCO/TouchGFX/target/GPIO.o
LOAD TouchGFX/build/ST/STM32F429IDISCO/TouchGFX/target/ResistiveTouchController.o
LOAD TouchGFX/build/ST/STM32F429IDISCO/TouchGFX/target/STM32F4DMA.o
LOAD TouchGFX/build/ST/STM32F429IDISCO/TouchGFX/target/STM32F4HAL.o
LOAD TouchGFX/build/ST/STM32F429IDISCO/../Middlewares/Third_Party/FreeRTOS/Source/croutine.o
LOAD TouchGFX/build/ST/STM32F429IDISCO/../Middlewares/Third_Party/FreeRTOS/Source/list.o
LOAD TouchGFX/build/ST/STM32F429IDISCO/../Middlewares/Third_Party/FreeRTOS/Source/queue.o
LOAD TouchGFX/build/ST/STM32F429IDISCO/../Middlewares/Third_Party/FreeRTOS/Source/tasks.o
LOAD TouchGFX/build/ST/STM32F429IDISCO/../Middlewares/Third_Party/FreeRTOS/Source/timers.o
LOAD TouchGFX/build/ST/STM32F429IDISCO/../Middlewares/Third_Party/FreeRTOS/Source/portable/MemMang/heap_2.o
LOAD TouchGFX/build/ST/STM32F429IDISCO/../Middlewares/Third_Party/FreeRTOS/Source/portable/GCC/ARM_CM4F/port.o
LOAD TouchGFX/build/ST/STM32F429IDISCO/Core/Src/stm32f4xx_hal_timebase_tim.o
LOAD TouchGFX/build/ST/STM32F429IDISCO/Core/Src/stm32f4xx_it.o
LOAD TouchGFX/build/ST/STM32F429IDISCO/../Drivers/BSP/Components/ili9341/ili9341.o
LOAD TouchGFX/build/ST/STM32F429IDISCO/../Drivers/BSP/Components/stmpe811/stmpe811.o
LOAD TouchGFX/build/ST/STM32F429IDISCO/../Drivers/BSP/STM32F429I-Discovery/stm32f429i_discovery.o
LOAD TouchGFX/build/ST/STM32F429IDISCO/../Drivers/BSP/STM32F429I-Discovery/stm32f429i_discovery_eeprom.o
LOAD TouchGFX/build/ST/STM32F429IDISCO/../Drivers/BSP/STM32F429I-Discovery/stm32f429i_discovery_gyroscope.o
LOAD TouchGFX/build/ST/STM32F429IDISCO/../Drivers/BSP/STM32F429I-Discovery/stm32f429i_discovery_io.o
LOAD TouchGFX/build/ST/STM32F429IDISCO/../Drivers/BSP/STM32F429I-Discovery/stm32f429i_discovery_sdram.o
LOAD TouchGFX/build/ST/STM32F429IDISCO/../Drivers/BSP/STM32F429I-Discovery/stm32f429i_discovery_ts.o
LOAD TouchGFX/build/ST/STM32F429IDISCO/Core/Src/system_stm32f4xx.o
LOAD TouchGFX/build/ST/STM32F429IDISCO/../Drivers/STM32F4xx_HAL_Driver/Src/stm32f4xx_hal.o
LOAD TouchGFX/build/ST/STM32F429IDISCO/../Drivers/STM32F4xx_HAL_Driver/Src/stm32f4xx_hal_adc.o
LOAD TouchGFX/build/ST/STM32F429IDISCO/../Drivers/STM32F4xx_HAL_Driver/Src/stm32f4xx_hal_adc_ex.o
LOAD TouchGFX/build/ST/STM32F429IDISCO/../Drivers/STM32F4xx_HAL_Driver/Src/stm32f4xx_hal_can.o
LOAD TouchGFX/build/ST/STM32F429IDISCO/../Drivers/STM32F4xx_HAL_Driver/Src/stm32f4xx_hal_cec.o
LOAD TouchGFX/build/ST/STM32F429IDISCO/../Drivers/STM32F4xx_HAL_Driver/Src/stm32f4xx_hal_cortex.o
LOAD TouchGFX/build/ST/STM32F429IDISCO/../Drivers/STM32F4xx_HAL_Driver/Src/stm32f4xx_hal_crc.o
LOAD TouchGFX/build/ST/STM32F429IDISCO/../Drivers/STM32F4xx_HAL_Driver/Src/stm32f4xx_hal_cryp.o
LOAD TouchGFX/build/ST/STM32F429IDISCO/../Drivers/STM32F4xx_HAL_Driver/Src/stm32f4xx_hal_cryp_ex.o
LOAD TouchGFX/build/ST/STM32F429IDISCO/../Drivers/STM32F4xx_HAL_Driver/Src/stm32f4xx_hal_dac.o
LOAD TouchGFX/build/ST/STM32F429IDISCO/../Drivers/STM32F4xx_HAL_Driver/Src/stm32f4xx_hal_dac_ex.o
LOAD TouchGFX/build/ST/STM32F429IDISCO/../Drivers/STM32F4xx_HAL_Driver/Src/stm32f4xx_hal_dcmi.o
LOAD TouchGFX/build/ST/STM32F429IDISCO/../Drivers/STM32F4xx_HAL_Driver/Src/stm32f4xx_hal_dcmi_ex.o
LOAD TouchGFX/build/ST/STM32F429IDISCO/../Drivers/STM32F4xx_HAL_Driver/Src/stm32f4xx_hal_dfsdm.o
LOAD TouchGFX/build/ST/STM32F429IDISCO/../Drivers/STM32F4xx_HAL_Driver/Src/stm32f4xx_hal_dma.o
LOAD TouchGFX/build/ST/STM32F429IDISCO/../Drivers/STM32F4xx_HAL_Driver/Src/stm32f4xx_hal_dma2d.o
LOAD TouchGFX/build/ST/STM32F429IDISCO/../Drivers/STM32F4xx_HAL_Driver/Src/stm32f4xx_hal_dma_ex.o
LOAD TouchGFX/build/ST/STM32F429IDISCO/../Drivers/STM32F4xx_HAL_Driver/Src/stm32f4xx_hal_dsi.o
LOAD TouchGFX/build/ST/STM32F429IDISCO/../Drivers/STM32F4xx_HAL_Driver/Src/stm32f4xx_hal_eth.o
LOAD TouchGFX/build/ST/STM32F429IDISCO/../Drivers/STM32F4xx_HAL_Driver/Src/stm32f4xx_hal_flash.o
LOAD TouchGFX/build/ST/STM32F429IDISCO/../Drivers/STM32F4xx_HAL_Driver/Src/stm32f4xx_hal_flash_ex.o
LOAD TouchGFX/build/ST/STM32F429IDISCO/../Drivers/STM32F4xx_HAL_Driver/Src/stm32f4xx_hal_flash_ramfunc.o
LOAD TouchGFX/build/ST/STM32F429IDISCO/../Drivers/STM32F4xx_HAL_Driver/Src/stm32f4xx_hal_fmpi2c.o
LOAD TouchGFX/build/ST/STM32F429IDISCO/../Drivers/STM32F4xx_HAL_Driver/Src/stm32f4xx_hal_fmpi2c_ex.o
LOAD TouchGFX/build/ST/STM32F429IDISCO/../Drivers/STM32F4xx_HAL_Driver/Src/stm32f4xx_hal_gpio.o
LOAD TouchGFX/build/ST/STM32F429IDISCO/../Drivers/STM32F4xx_HAL_Driver/Src/stm32f4xx_hal_hash.o
LOAD TouchGFX/build/ST/STM32F429IDISCO/../Drivers/STM32F4xx_HAL_Driver/Src/stm32f4xx_hal_hash_ex.o
LOAD TouchGFX/build/ST/STM32F429IDISCO/../Drivers/STM32F4xx_HAL_Driver/Src/stm32f4xx_hal_hcd.o
LOAD TouchGFX/build/ST/STM32F429IDISCO/../Drivers/STM32F4xx_HAL_Driver/Src/stm32f4xx_hal_i2c.o
LOAD TouchGFX/build/ST/STM32F429IDISCO/../Drivers/STM32F4xx_HAL_Driver/Src/stm32f4xx_hal_i2c_ex.o
LOAD TouchGFX/build/ST/STM32F429IDISCO/../Drivers/STM32F4xx_HAL_Driver/Src/stm32f4xx_hal_i2s.o
LOAD TouchGFX/build/ST/STM32F429IDISCO/../Drivers/STM32F4xx_HAL_Driver/Src/stm32f4xx_hal_i2s_ex.o
LOAD TouchGFX/build/ST/STM32F429IDISCO/../Drivers/STM32F4xx_HAL_Driver/Src/stm32f4xx_hal_irda.o
LOAD TouchGFX/build/ST/STM32F429IDISCO/../Drivers/STM32F4xx_HAL_Driver/Src/stm32f4xx_hal_iwdg.o
LOAD TouchGFX/build/ST/STM32F429IDISCO/../Drivers/STM32F4xx_HAL_Driver/Src/stm32f4xx_hal_lptim.o
LOAD TouchGFX/build/ST/STM32F429IDISCO/../Drivers/STM32F4xx_HAL_Driver/Src/stm32f4xx_hal_ltdc.o
LOAD TouchGFX/build/ST/STM32F429IDISCO/../Drivers/STM32F4xx_HAL_Driver/Src/stm32f4xx_hal_ltdc_ex.o
LOAD TouchGFX/build/ST/STM32F429IDISCO/../Drivers/STM32F4xx_HAL_Driver/Src/stm32f4xx_hal_mmc.o
LOAD TouchGFX/build/ST/STM32F429IDISCO/../Drivers/STM32F4xx_HAL_Driver/Src/stm32f4xx_hal_nand.o
LOAD TouchGFX/build/ST/STM32F429IDISCO/../Drivers/STM32F4xx_HAL_Driver/Src/stm32f4xx_hal_nor.o
LOAD TouchGFX/build/ST/STM32F429IDISCO/../Drivers/STM32F4xx_HAL_Driver/Src/stm32f4xx_hal_pccard.o
LOAD TouchGFX/build/ST/STM32F429IDISCO/../Drivers/STM32F4xx_HAL_Driver/Src/stm32f4xx_hal_pcd.o
LOAD TouchGFX/build/ST/STM32F429IDISCO/../Drivers/STM32F4xx_HAL_Driver/Src/stm32f4xx_hal_pcd_ex.o
LOAD TouchGFX/build/ST/STM32F429IDISCO/../Drivers/STM32F4xx_HAL_Driver/Src/stm32f4xx_hal_pwr.o
LOAD TouchGFX/build/ST/STM32F429IDISCO/../Drivers/STM32F4xx_HAL_Driver/Src/stm32f4xx_hal_pwr_ex.o
LOAD TouchGFX/build/ST/STM32F429IDISCO/../Drivers/STM32F4xx_HAL_Driver/Src/stm32f4xx_hal_qspi.o
LOAD TouchGFX/build/ST/STM32F429IDISCO/../Drivers/STM32F4xx_HAL_Driver/Src/stm32f4xx_hal_rcc.o
LOAD TouchGFX/build/ST/STM32F429IDISCO/../Drivers/STM32F4xx_HAL_Driver/Src/stm32f4xx_hal_rcc_ex.o
LOAD TouchGFX/build/ST/STM32F429IDISCO/../Drivers/STM32F4xx_HAL_Driver/Src/stm32f4xx_hal_rng.o
LOAD TouchGFX/build/ST/STM32F429IDISCO/../Drivers/STM32F4xx_HAL_Driver/Src/stm32f4xx_hal_rtc.o
LOAD TouchGFX/build/ST/STM32F429IDISCO/../Drivers/STM32F4xx_HAL_Driver/Src/stm32f4xx_hal_rtc_ex.o
LOAD TouchGFX/build/ST/STM32F429IDISCO/../Drivers/STM32F4xx_HAL_Driver/Src/stm32f4xx_hal_sai.o
LOAD TouchGFX/build/ST/STM32F429IDISCO/../Drivers/STM32F4xx_HAL_Driver/Src/stm32f4xx_hal_sai_ex.o
LOAD TouchGFX/build/ST/STM32F429IDISCO/../Drivers/STM32F4xx_HAL_Driver/Src/stm32f4xx_hal_sd.o
LOAD TouchGFX/build/ST/STM32F429IDISCO/../Drivers/STM32F4xx_HAL_Driver/Src/stm32f4xx_hal_sdram.o
LOAD TouchGFX/build/ST/STM32F429IDISCO/../Drivers/STM32F4xx_HAL_Driver/Src/stm32f4xx_hal_smartcard.o
LOAD TouchGFX/build/ST/STM32F429IDISCO/../Drivers/STM32F4xx_HAL_Driver/Src/stm32f4xx_hal_spdifrx.o
LOAD TouchGFX/build/ST/STM32F429IDISCO/../Drivers/STM32F4xx_HAL_Driver/Src/stm32f4xx_hal_spi.o
LOAD TouchGFX/build/ST/STM32F429IDISCO/../Drivers/STM32F4xx_HAL_Driver/Src/stm32f4xx_hal_sram.o
LOAD TouchGFX/build/ST/STM32F429IDISCO/../Drivers/STM32F4xx_HAL_Driver/Src/stm32f4xx_hal_tim.o
LOAD TouchGFX/build/ST/STM32F429IDISCO/../Drivers/STM32F4xx_HAL_Driver/Src/stm32f4xx_hal_tim_ex.o
LOAD TouchGFX/build/ST/STM32F429IDISCO/../Drivers/STM32F4xx_HAL_Driver/Src/stm32f4xx_hal_uart.o
LOAD TouchGFX/build/ST/STM32F429IDISCO/../Drivers/STM32F4xx_HAL_Driver/Src/stm32f4xx_hal_usart.o
LOAD TouchGFX/build/ST/STM32F429IDISCO/../Drivers/STM32F4xx_HAL_Driver/Src/stm32f4xx_hal_wwdg.o
LOAD TouchGFX/build/ST/STM32F429IDISCO/../Drivers/STM32F4xx_HAL_Driver/Src/stm32f4xx_ll_fmc.o
LOAD TouchGFX/build/ST/STM32F429IDISCO/gcc/startup_stm32f429xx.o
START GROUP
LOAD c:/Users/USER/Documents/GitHub/Pedalboard-Display/VerticalGUI/Middlewares/ST/TouchGFX/touchgfx/lib/core/cortex_m4f/gcc\libtouchgfx.a
END GROUP
LOAD c:/touchgfx/4.10.0/env/mingw/msys/1.0/gnu-arm-gcc/bin/../lib/gcc/arm-none-eabi/6.3.1/../../../../arm-none-eabi/lib/thumb/v7e-m/fpv4-sp/softfp\libstdc++_nano.a
LOAD c:/touchgfx/4.10.0/env/mingw/msys/1.0/gnu-arm-gcc/bin/../lib/gcc/arm-none-eabi/6.3.1/../../../../arm-none-eabi/lib/thumb/v7e-m/fpv4-sp/softfp\libm.a
START GROUP
LOAD c:/touchgfx/4.10.0/env/mingw/msys/1.0/gnu-arm-gcc/bin/../lib/gcc/arm-none-eabi/6.3.1/thumb/v7e-m/fpv4-sp/softfp\libgcc.a
LOAD c:/touchgfx/4.10.0/env/mingw/msys/1.0/gnu-arm-gcc/bin/../lib/gcc/arm-none-eabi/6.3.1/../../../../arm-none-eabi/lib/thumb/v7e-m/fpv4-sp/softfp\libc_nano.a
END GROUP
START GROUP
LOAD c:/touchgfx/4.10.0/env/mingw/msys/1.0/gnu-arm-gcc/bin/../lib/gcc/arm-none-eabi/6.3.1/thumb/v7e-m/fpv4-sp/softfp\libgcc.a
LOAD c:/touchgfx/4.10.0/env/mingw/msys/1.0/gnu-arm-gcc/bin/../lib/gcc/arm-none-eabi/6.3.1/../../../../arm-none-eabi/lib/thumb/v7e-m/fpv4-sp/softfp\libc_nano.a
LOAD c:/touchgfx/4.10.0/env/mingw/msys/1.0/gnu-arm-gcc/bin/../lib/gcc/arm-none-eabi/6.3.1/../../../../arm-none-eabi/lib/thumb/v7e-m/fpv4-sp/softfp\libnosys.a
END GROUP
START GROUP
LOAD c:/touchgfx/4.10.0/env/mingw/msys/1.0/gnu-arm-gcc/bin/../lib/gcc/arm-none-eabi/6.3.1/thumb/v7e-m/fpv4-sp/softfp\libgcc.a
LOAD c:/touchgfx/4.10.0/env/mingw/msys/1.0/gnu-arm-gcc/bin/../lib/gcc/arm-none-eabi/6.3.1/../../../../arm-none-eabi/lib/thumb/v7e-m/fpv4-sp/softfp\libc_nano.a
LOAD c:/touchgfx/4.10.0/env/mingw/msys/1.0/gnu-arm-gcc/bin/../lib/gcc/arm-none-eabi/6.3.1/../../../../arm-none-eabi/lib/thumb/v7e-m/fpv4-sp/softfp\libnosys.a
END GROUP
LOAD c:/touchgfx/4.10.0/env/mingw/msys/1.0/gnu-arm-gcc/bin/../lib/gcc/arm-none-eabi/6.3.1/thumb/v7e-m/fpv4-sp/softfp/crtend.o
LOAD c:/touchgfx/4.10.0/env/mingw/msys/1.0/gnu-arm-gcc/bin/../lib/gcc/arm-none-eabi/6.3.1/thumb/v7e-m/fpv4-sp/softfp/crtn.o
                0x20030000                _estack = 0x20030000
                0x00000200                _Min_Heap_Size = 0x200
                0x00000400                _Min_Stack_Size = 0x400
                0x00004000                _Privileged_Functions_Region_Size = 0x4000
                0x00000200                _Privileged_Data_Region_Size = 0x200
                0x08000000                __FLASH_segment_start__ = ORIGIN (FLASH_priv)
                0x08200000                __FLASH_segment_end__ = ((__FLASH_segment_start__ + LENGTH (FLASH_priv)) + LENGTH (FLASH))
                0x08000000                __privileged_functions_start__ = ORIGIN (FLASH_priv)
                0x08004000                __privileged_functions_end__ = (__privileged_functions_start__ + _Privileged_Functions_Region_Size)
                0x20000000                __SRAM_segment_start__ = ORIGIN (RAM_priv)
                0x2002fe00                __SRAM_segment_end__ = ((__SRAM_segment_start__ + LENGTH (RAM_priv)) + LENGTH (RAM))
                0x20000000                __privileged_data_start__ = ORIGIN (RAM_priv)
                0x20000200                __privileged_data_end__ = (__privileged_data_start__ + _Privileged_Data_Region_Size)

.isr_vector     0x08000000      0x1ac
                0x08000000                . = ALIGN (0x4)
 *(.isr_vector)
 .isr_vector    0x08000000      0x1ac TouchGFX/build/ST/STM32F429IDISCO/gcc/startup_stm32f429xx.o
                0x08000000                g_pfnVectors
                0x080001ac                . = ALIGN (0x4)

.privileged_functions
                0x080001ac        0x0
                0x080001ac                . = ALIGN (0x4)
 *(privileged_functions)
 *(privileged_functions*)
                0x080001ac                . = ALIGN (0x4)

.text           0x08004000     0xeb0c
                0x08004000                . = ALIGN (0x4)
 *(.text)
 .text          0x08004000       0x6c c:/touchgfx/4.10.0/env/mingw/msys/1.0/gnu-arm-gcc/bin/../lib/gcc/arm-none-eabi/6.3.1/thumb/v7e-m/fpv4-sp/softfp/crtbegin.o
 .text          0x0800406c       0x30 c:/touchgfx/4.10.0/env/mingw/msys/1.0/gnu-arm-gcc/bin/../lib/gcc/arm-none-eabi/6.3.1/thumb/v7e-m/fpv4-sp/softfp\libgcc.a(_aeabi_uldivmod.o)
                0x0800406c                __aeabi_uldivmod
 .text          0x0800409c      0x2dc c:/touchgfx/4.10.0/env/mingw/msys/1.0/gnu-arm-gcc/bin/../lib/gcc/arm-none-eabi/6.3.1/thumb/v7e-m/fpv4-sp/softfp\libgcc.a(_udivmoddi4.o)
                0x0800409c                __udivmoddi4
 .text          0x08004378        0x4 c:/touchgfx/4.10.0/env/mingw/msys/1.0/gnu-arm-gcc/bin/../lib/gcc/arm-none-eabi/6.3.1/thumb/v7e-m/fpv4-sp/softfp\libgcc.a(_dvmd_tls.o)
                0x08004378                __aeabi_idiv0
                0x08004378                __aeabi_ldiv0
 *fill*         0x0800437c        0x4 
 .text          0x08004380       0xa0 c:/touchgfx/4.10.0/env/mingw/msys/1.0/gnu-arm-gcc/bin/../lib/gcc/arm-none-eabi/6.3.1/../../../../arm-none-eabi/lib/thumb/v7e-m/fpv4-sp/softfp\libc_nano.a(lib_a-memchr.o)
                0x08004380                memchr
 *(.text*)
 .text._ZN8touchgfx6Screen14handleKeyEventEh
                0x08004420        0x2 TouchGFX/build/ST/STM32F429IDISCO/TouchGFX/gui/src/startup_screen/StartupView.o
                0x08004420                touchgfx::Screen::handleKeyEvent(unsigned char)
 .text._ZN11StartupViewD2Ev
                0x08004422        0x2 TouchGFX/build/ST/STM32F429IDISCO/TouchGFX/gui/src/startup_screen/StartupView.o
                0x08004422                StartupView::~StartupView()
                0x08004422                StartupView::~StartupView()
 .text._ZN11StartupView14tearDownScreenEv
                0x08004424        0x2 TouchGFX/build/ST/STM32F429IDISCO/TouchGFX/gui/src/startup_screen/StartupView.o
                0x08004424                StartupView::tearDownScreen()
 .text._ZN11StartupView11setupScreenEv
                0x08004426        0x4 TouchGFX/build/ST/STM32F429IDISCO/TouchGFX/gui/src/startup_screen/StartupView.o
                0x08004426                StartupView::setupScreen()
 .text._ZN11StartupViewD0Ev
                0x0800442a       0x10 TouchGFX/build/ST/STM32F429IDISCO/TouchGFX/gui/src/startup_screen/StartupView.o
                0x0800442a                StartupView::~StartupView()
 *fill*         0x0800443a        0x2 
 .text._ZN11StartupViewC2Ev
                0x0800443c       0x14 TouchGFX/build/ST/STM32F429IDISCO/TouchGFX/gui/src/startup_screen/StartupView.o
                0x0800443c                StartupView::StartupView()
                0x0800443c                StartupView::StartupView()
 .text._ZN16StartupPresenterD2Ev
                0x08004450        0x8 TouchGFX/build/ST/STM32F429IDISCO/TouchGFX/gui/src/startup_screen/StartupPresenter.o
                0x08004450                StartupPresenter::~StartupPresenter()
                0x08004450                StartupPresenter::~StartupPresenter()
                0x08004452                non-virtual thunk to StartupPresenter::~StartupPresenter()
 .text._ZN16StartupPresenter10deactivateEv
                0x08004458        0x2 TouchGFX/build/ST/STM32F429IDISCO/TouchGFX/gui/src/startup_screen/StartupPresenter.o
                0x08004458                StartupPresenter::deactivate()
                0x08004458                StartupPresenter::activate()
 .text._ZN16StartupPresenterD0Ev
                0x0800445a       0x14 TouchGFX/build/ST/STM32F429IDISCO/TouchGFX/gui/src/startup_screen/StartupPresenter.o
                0x0800445a                StartupPresenter::~StartupPresenter()
                0x08004468                non-virtual thunk to StartupPresenter::~StartupPresenter()
 *fill*         0x0800446e        0x2 
 .text._ZN16StartupPresenterC2ER11StartupView
                0x08004470       0x1c TouchGFX/build/ST/STM32F429IDISCO/TouchGFX/gui/src/startup_screen/StartupPresenter.o
                0x08004470                StartupPresenter::StartupPresenter(StartupView&)
                0x08004470                StartupPresenter::StartupPresenter(StartupView&)
 .text._ZN5ModelC2Ev
                0x0800448c        0x6 TouchGFX/build/ST/STM32F429IDISCO/TouchGFX/gui/src/model/Model.o
                0x0800448c                Model::Model()
                0x0800448c                Model::Model()
 .text._ZN5Model4tickEv
                0x08004492        0x2 TouchGFX/build/ST/STM32F429IDISCO/TouchGFX/gui/src/model/Model.o
                0x08004492                Model::tick()
 .text._ZN8touchgfx11Application15appSwitchScreenEh
                0x08004494        0x2 TouchGFX/build/ST/STM32F429IDISCO/TouchGFX/gui/src/common/FrontendApplication.o
                0x08004494                touchgfx::Application::appSwitchScreen(unsigned char)
 .text._ZN19FrontendApplicationD2Ev
                0x08004496        0x2 TouchGFX/build/ST/STM32F429IDISCO/TouchGFX/gui/src/common/FrontendApplication.o
                0x08004496                FrontendApplication::~FrontendApplication()
                0x08004496                FrontendApplication::~FrontendApplication()
 .text._ZN19FrontendApplicationD0Ev
                0x08004498       0x10 TouchGFX/build/ST/STM32F429IDISCO/TouchGFX/gui/src/common/FrontendApplication.o
                0x08004498                FrontendApplication::~FrontendApplication()
 .text._ZN19FrontendApplication15handleTickEventEv
                0x080044a8       0x16 TouchGFX/build/ST/STM32F429IDISCO/TouchGFX/gui/src/common/FrontendApplication.o
                0x080044a8                FrontendApplication::handleTickEvent()
 .text._ZN8touchgfx14MVPApplication29handlePendingScreenTransitionEv
                0x080044be       0x24 TouchGFX/build/ST/STM32F429IDISCO/TouchGFX/gui/src/common/FrontendApplication.o
                0x080044be                touchgfx::MVPApplication::handlePendingScreenTransition()
 *fill*         0x080044e2        0x2 
 .text._ZN19FrontendApplicationC2ER5ModelR12FrontendHeap
                0x080044e4       0x14 TouchGFX/build/ST/STM32F429IDISCO/TouchGFX/gui/src/common/FrontendApplication.o
                0x080044e4                FrontendApplication::FrontendApplication(Model&, FrontendHeap&)
                0x080044e4                FrontendApplication::FrontendApplication(Model&, FrontendHeap&)
 .text._ZN13BearPresenterD2Ev
                0x080044f8        0x8 TouchGFX/build/ST/STM32F429IDISCO/TouchGFX/gui/src/bear_screen/BearPresenter.o
                0x080044f8                BearPresenter::~BearPresenter()
                0x080044f8                BearPresenter::~BearPresenter()
                0x080044fa                non-virtual thunk to BearPresenter::~BearPresenter()
 .text._ZN13BearPresenter10deactivateEv
                0x08004500        0x2 TouchGFX/build/ST/STM32F429IDISCO/TouchGFX/gui/src/bear_screen/BearPresenter.o
                0x08004500                BearPresenter::activate()
                0x08004500                BearPresenter::deactivate()
 .text._ZN13BearPresenterD0Ev
                0x08004502       0x14 TouchGFX/build/ST/STM32F429IDISCO/TouchGFX/gui/src/bear_screen/BearPresenter.o
                0x08004502                BearPresenter::~BearPresenter()
                0x08004510                non-virtual thunk to BearPresenter::~BearPresenter()
 *fill*         0x08004516        0x2 
 .text._ZN13BearPresenterC2ER8BearView
                0x08004518       0x1c TouchGFX/build/ST/STM32F429IDISCO/TouchGFX/gui/src/bear_screen/BearPresenter.o
                0x08004518                BearPresenter::BearPresenter(BearView&)
                0x08004518                BearPresenter::BearPresenter(BearView&)
 .text._ZN8touchgfx6Screen15afterTransitionEv
                0x08004534        0x2 TouchGFX/build/ST/STM32F429IDISCO/TouchGFX/gui/src/bear_screen/BearView.o
                0x08004534                touchgfx::Screen::afterTransition()
 .text._ZN8touchgfx6Screen15handleTickEventEv
                0x08004536        0x2 TouchGFX/build/ST/STM32F429IDISCO/TouchGFX/gui/src/bear_screen/BearView.o
                0x08004536                touchgfx::Screen::handleTickEvent()
 .text._ZN8BearView14tearDownScreenEv
                0x08004538        0x2 TouchGFX/build/ST/STM32F429IDISCO/TouchGFX/gui/src/bear_screen/BearView.o
                0x08004538                BearView::tearDownScreen()
 .text._ZN8BearView11setupScreenEv
                0x0800453a       0x12 TouchGFX/build/ST/STM32F429IDISCO/TouchGFX/gui/src/bear_screen/BearView.o
                0x0800453a                BearView::setupScreen()
 .text._ZN8BearView11changealphaEi
                0x0800454c        0xa TouchGFX/build/ST/STM32F429IDISCO/TouchGFX/gui/src/bear_screen/BearView.o
                0x0800454c                BearView::changealpha(int)
 *fill*         0x08004556        0x2 
 .text._ZN8BearViewC2Ev
                0x08004558       0x14 TouchGFX/build/ST/STM32F429IDISCO/TouchGFX/gui/src/bear_screen/BearView.o
                0x08004558                BearView::BearView()
                0x08004558                BearView::BearView()
 .text._ZN8BearViewD2Ev
                0x0800456c       0x18 TouchGFX/build/ST/STM32F429IDISCO/TouchGFX/gui/src/bear_screen/BearView.o
                0x0800456c                BearView::~BearView()
                0x0800456c                BearView::~BearView()
 .text._ZN8BearViewD0Ev
                0x08004584       0x16 TouchGFX/build/ST/STM32F429IDISCO/TouchGFX/gui/src/bear_screen/BearView.o
                0x08004584                BearView::~BearView()
 .text._ZN8touchgfx8Drawable11setPositionEssss
                0x0800459a       0x28 TouchGFX/build/ST/STM32F429IDISCO/TouchGFX/generated/gui_generated/src/startup_screen/StartupViewBase.o
                0x0800459a                touchgfx::Drawable::setPosition(short, short, short, short)
 .text._ZN8touchgfx8Drawable4setXEs
                0x080045c2        0x4 TouchGFX/build/ST/STM32F429IDISCO/TouchGFX/generated/gui_generated/src/startup_screen/StartupViewBase.o
                0x080045c2                touchgfx::Drawable::setX(short)
 .text._ZN8touchgfx8Drawable4setYEs
                0x080045c6        0x4 TouchGFX/build/ST/STM32F429IDISCO/TouchGFX/generated/gui_generated/src/startup_screen/StartupViewBase.o
                0x080045c6                touchgfx::Drawable::setY(short)
 .text._ZN8touchgfx8Drawable5setXYEss
                0x080045ca       0x1a TouchGFX/build/ST/STM32F429IDISCO/TouchGFX/generated/gui_generated/src/startup_screen/StartupViewBase.o
                0x080045ca                touchgfx::Drawable::setXY(short, short)
 .text._ZN8touchgfx8Drawable8setWidthEs
                0x080045e4        0x4 TouchGFX/build/ST/STM32F429IDISCO/TouchGFX/generated/gui_generated/src/startup_screen/StartupViewBase.o
                0x080045e4                touchgfx::Drawable::setWidth(short)
 .text._ZN8touchgfx8Drawable9setHeightEs
                0x080045e8        0x4 TouchGFX/build/ST/STM32F429IDISCO/TouchGFX/generated/gui_generated/src/startup_screen/StartupViewBase.o
                0x080045e8                touchgfx::Drawable::setHeight(short)
 .text._ZN8touchgfx8Drawable20childGeometryChangedEv
                0x080045ec        0x2 TouchGFX/build/ST/STM32F429IDISCO/TouchGFX/generated/gui_generated/src/startup_screen/StartupViewBase.o
                0x080045ec                touchgfx::Drawable::childGeometryChanged()
 .text._ZN8touchgfx8Drawable16handleClickEventERKNS_10ClickEventE
                0x080045ee        0x2 TouchGFX/build/ST/STM32F429IDISCO/TouchGFX/generated/gui_generated/src/startup_screen/StartupViewBase.o
                0x080045ee                touchgfx::Drawable::handleClickEvent(touchgfx::ClickEvent const&)
 .text._ZN8touchgfx8Drawable18handleGestureEventERKNS_12GestureEventE
                0x080045f0        0x2 TouchGFX/build/ST/STM32F429IDISCO/TouchGFX/generated/gui_generated/src/startup_screen/StartupViewBase.o
                0x080045f0                touchgfx::Drawable::handleGestureEvent(touchgfx::GestureEvent const&)
 .text._ZN8touchgfx8Drawable15handleDragEventERKNS_9DragEventE
                0x080045f2        0x2 TouchGFX/build/ST/STM32F429IDISCO/TouchGFX/generated/gui_generated/src/startup_screen/StartupViewBase.o
                0x080045f2                touchgfx::Drawable::handleDragEvent(touchgfx::DragEvent const&)
 .text._ZN8touchgfx8Drawable15handleTickEventEv
                0x080045f4        0x2 TouchGFX/build/ST/STM32F429IDISCO/TouchGFX/generated/gui_generated/src/startup_screen/StartupViewBase.o
                0x080045f4                touchgfx::Drawable::handleTickEvent()
 .text._ZN8touchgfx8Drawable6moveToEss
                0x080045f6       0x18 TouchGFX/build/ST/STM32F429IDISCO/TouchGFX/generated/gui_generated/src/startup_screen/StartupViewBase.o
                0x080045f6                touchgfx::Drawable::moveTo(short, short)
 .text._ZN8touchgfx8Drawable14setupDrawChainERKNS_4RectEPPS0_
                0x0800460e       0x12 TouchGFX/build/ST/STM32F429IDISCO/TouchGFX/generated/gui_generated/src/startup_screen/StartupViewBase.o
                0x0800460e                touchgfx::Drawable::setupDrawChain(touchgfx::Rect const&, touchgfx::Drawable**)
 .text._ZNK8touchgfx9Container7getTypeEv
                0x08004620        0x4 TouchGFX/build/ST/STM32F429IDISCO/TouchGFX/generated/gui_generated/src/startup_screen/StartupViewBase.o
                0x08004620                touchgfx::Container::getType() const
 .text._ZN8touchgfx6Screen11setupScreenEv
                0x08004624        0x2 TouchGFX/build/ST/STM32F429IDISCO/TouchGFX/generated/gui_generated/src/startup_screen/StartupViewBase.o
                0x08004624                touchgfx::Screen::setupScreen()
 .text._ZN8touchgfx6Screen14tearDownScreenEv
                0x08004626        0x2 TouchGFX/build/ST/STM32F429IDISCO/TouchGFX/generated/gui_generated/src/startup_screen/StartupViewBase.o
                0x08004626                touchgfx::Screen::tearDownScreen()
 .text._ZN8touchgfx6Widget12getLastChildEssPPNS_8DrawableE
                0x08004628       0x10 TouchGFX/build/ST/STM32F429IDISCO/TouchGFX/generated/gui_generated/src/startup_screen/StartupViewBase.o
                0x08004628                touchgfx::Widget::getLastChild(short, short, touchgfx::Drawable**)
 .text._ZNK8touchgfx6Widget7getTypeEv
                0x08004638        0x4 TouchGFX/build/ST/STM32F429IDISCO/TouchGFX/generated/gui_generated/src/startup_screen/StartupViewBase.o
                0x08004638                touchgfx::Widget::getType() const
 .text._ZNK8touchgfx8TextArea12getSolidRectEv
                0x0800463c        0xc TouchGFX/build/ST/STM32F429IDISCO/TouchGFX/generated/gui_generated/src/startup_screen/StartupViewBase.o
                0x0800463c                touchgfx::TextArea::getSolidRect() const
 .text._ZN8touchgfx8TextArea13setXBaselineYEss
                0x08004648       0x1a TouchGFX/build/ST/STM32F429IDISCO/TouchGFX/generated/gui_generated/src/startup_screen/StartupViewBase.o
                0x08004648                touchgfx::TextArea::setXBaselineY(short, short)
 .text._ZNK8touchgfx8TextArea7getTypeEv
                0x08004662        0x4 TouchGFX/build/ST/STM32F429IDISCO/TouchGFX/generated/gui_generated/src/startup_screen/StartupViewBase.o
                0x08004662                touchgfx::TextArea::getType() const
 .text._ZN15StartupViewBaseD2Ev
                0x08004666        0x2 TouchGFX/build/ST/STM32F429IDISCO/TouchGFX/generated/gui_generated/src/startup_screen/StartupViewBase.o
                0x08004666                StartupViewBase::~StartupViewBase()
                0x08004666                StartupViewBase::~StartupViewBase()
 .text._ZN15StartupViewBase11setupScreenEv
                0x08004668        0x2 TouchGFX/build/ST/STM32F429IDISCO/TouchGFX/generated/gui_generated/src/startup_screen/StartupViewBase.o
                0x08004668                StartupViewBase::setupScreen()
 .text._ZN15StartupViewBase29hi_FadeInEndedCallbackHandlerERKN8touchgfx12FadeAnimatorINS0_8TextAreaEEE
                0x0800466a        0x8 TouchGFX/build/ST/STM32F429IDISCO/TouchGFX/generated/gui_generated/src/startup_screen/StartupViewBase.o
                0x0800466a                StartupViewBase::hi_FadeInEndedCallbackHandler(touchgfx::FadeAnimator<touchgfx::TextArea> const&)
 .text._ZN15StartupViewBase39gettingReady_FadeInEndedCallbackHandlerERKN8touchgfx12FadeAnimatorINS0_8TextAreaEEE
                0x08004672        0x8 TouchGFX/build/ST/STM32F429IDISCO/TouchGFX/generated/gui_generated/src/startup_screen/StartupViewBase.o
                0x08004672                StartupViewBase::gettingReady_FadeInEndedCallbackHandler(touchgfx::FadeAnimator<touchgfx::TextArea> const&)
 .text._ZN15StartupViewBase34takeMin_FadeInEndedCallbackHandlerERKN8touchgfx12FadeAnimatorINS0_8TextAreaEEE
                0x0800467a        0x2 TouchGFX/build/ST/STM32F429IDISCO/TouchGFX/generated/gui_generated/src/startup_screen/StartupViewBase.o
                0x0800467a                StartupViewBase::takeMin_FadeInEndedCallbackHandler(touchgfx::FadeAnimator<touchgfx::TextArea> const&)
 .text._ZN8touchgfx12FadeAnimatorINS_8TextAreaEED2Ev
                0x0800467c        0x2 TouchGFX/build/ST/STM32F429IDISCO/TouchGFX/generated/gui_generated/src/startup_screen/StartupViewBase.o
                0x0800467c                touchgfx::FadeAnimator<touchgfx::TextArea>::~FadeAnimator()
                0x0800467c                touchgfx::FadeAnimator<touchgfx::TextArea>::~FadeAnimator()
 .text._ZN8touchgfx24BoxWithBorderButtonStyleINS_18ClickButtonTriggerEED2Ev
                0x0800467e        0x2 TouchGFX/build/ST/STM32F429IDISCO/TouchGFX/generated/gui_generated/src/startup_screen/StartupViewBase.o
                0x0800467e                touchgfx::BoxWithBorderButtonStyle<touchgfx::ClickButtonTrigger>::~BoxWithBorderButtonStyle()
                0x0800467e                touchgfx::BoxWithBorderButtonStyle<touchgfx::ClickButtonTrigger>::~BoxWithBorderButtonStyle()
 .text._ZN8touchgfx24BoxWithBorderButtonStyleINS_18ClickButtonTriggerEE20handlePressedUpdatedEv
                0x08004680       0x26 TouchGFX/build/ST/STM32F429IDISCO/TouchGFX/generated/gui_generated/src/startup_screen/StartupViewBase.o
                0x08004680                touchgfx::BoxWithBorderButtonStyle<touchgfx::ClickButtonTrigger>::handlePressedUpdated()
 .text._ZN8touchgfx8CallbackI15StartupViewBaseRKNS_12FadeAnimatorINS_8TextAreaEEEvvED2Ev
                0x080046a6        0x2 TouchGFX/build/ST/STM32F429IDISCO/TouchGFX/generated/gui_generated/src/startup_screen/StartupViewBase.o
                0x080046a6                touchgfx::Callback<StartupViewBase, touchgfx::FadeAnimator<touchgfx::TextArea> const&, void, void>::~Callback()
                0x080046a6                touchgfx::Callback<StartupViewBase, touchgfx::FadeAnimator<touchgfx::TextArea> const&, void, void>::~Callback()
 .text._ZN8touchgfx8CallbackI15StartupViewBaseRKNS_23AbstractButtonContainerEvvED2Ev
                0x080046a8        0x2 TouchGFX/build/ST/STM32F429IDISCO/TouchGFX/generated/gui_generated/src/startup_screen/StartupViewBase.o
                0x080046a8                touchgfx::Callback<StartupViewBase, touchgfx::AbstractButtonContainer const&, void, void>::~Callback()
                0x080046a8                touchgfx::Callback<StartupViewBase, touchgfx::AbstractButtonContainer const&, void, void>::~Callback()
 .text._ZN8touchgfx8CallbackI15StartupViewBaseRKNS_12FadeAnimatorINS_8TextAreaEEEvvE7executeES6_
                0x080046aa       0x20 TouchGFX/build/ST/STM32F429IDISCO/TouchGFX/generated/gui_generated/src/startup_screen/StartupViewBase.o
                0x080046aa                touchgfx::Callback<StartupViewBase, touchgfx::FadeAnimator<touchgfx::TextArea> const&, void, void>::execute(touchgfx::FadeAnimator<touchgfx::TextArea> const&)
 .text._ZNK8touchgfx8CallbackI15StartupViewBaseRKNS_12FadeAnimatorINS_8TextAreaEEEvvE7isValidEv
                0x080046ca       0x18 TouchGFX/build/ST/STM32F429IDISCO/TouchGFX/generated/gui_generated/src/startup_screen/StartupViewBase.o
                0x080046ca                touchgfx::Callback<StartupViewBase, touchgfx::FadeAnimator<touchgfx::TextArea> const&, void, void>::isValid() const
 .text._ZN8touchgfx8CallbackI15StartupViewBaseRKNS_23AbstractButtonContainerEvvE7executeES4_
                0x080046e2       0x20 TouchGFX/build/ST/STM32F429IDISCO/TouchGFX/generated/gui_generated/src/startup_screen/StartupViewBase.o
                0x080046e2                touchgfx::Callback<StartupViewBase, touchgfx::AbstractButtonContainer const&, void, void>::execute(touchgfx::AbstractButtonContainer const&)
 .text._ZNK8touchgfx8CallbackI15StartupViewBaseRKNS_23AbstractButtonContainerEvvE7isValidEv
                0x08004702       0x18 TouchGFX/build/ST/STM32F429IDISCO/TouchGFX/generated/gui_generated/src/startup_screen/StartupViewBase.o
                0x08004702                touchgfx::Callback<StartupViewBase, touchgfx::AbstractButtonContainer const&, void, void>::isValid() const
 .text._ZN8touchgfx24BoxWithBorderButtonStyleINS_18ClickButtonTriggerEE18handleAlphaUpdatedEv
                0x0800471a        0xa TouchGFX/build/ST/STM32F429IDISCO/TouchGFX/generated/gui_generated/src/startup_screen/StartupViewBase.o
                0x0800471a                touchgfx::BoxWithBorderButtonStyle<touchgfx::ClickButtonTrigger>::handleAlphaUpdated()
 .text._ZN8touchgfx12FadeAnimatorINS_8TextAreaEE21setFadeAnimationDelayEt
                0x08004724        0x4 TouchGFX/build/ST/STM32F429IDISCO/TouchGFX/generated/gui_generated/src/startup_screen/StartupViewBase.o
                0x08004724                touchgfx::FadeAnimator<touchgfx::TextArea>::setFadeAnimationDelay(unsigned short)
 .text._ZNK8touchgfx12FadeAnimatorINS_8TextAreaEE21getFadeAnimationDelayEv
                0x08004728        0x4 TouchGFX/build/ST/STM32F429IDISCO/TouchGFX/generated/gui_generated/src/startup_screen/StartupViewBase.o
                0x08004728                touchgfx::FadeAnimator<touchgfx::TextArea>::getFadeAnimationDelay() const
 .text._ZNK8touchgfx12FadeAnimatorINS_8TextAreaEE9isRunningEv
                0x0800472c        0x8 TouchGFX/build/ST/STM32F429IDISCO/TouchGFX/generated/gui_generated/src/startup_screen/StartupViewBase.o
                0x0800472c                touchgfx::FadeAnimator<touchgfx::TextArea>::isRunning() const
 .text._ZNK8touchgfx12FadeAnimatorINS_8TextAreaEE22isFadeAnimationRunningEv
                0x08004734        0x6 TouchGFX/build/ST/STM32F429IDISCO/TouchGFX/generated/gui_generated/src/startup_screen/StartupViewBase.o
                0x08004734                touchgfx::FadeAnimator<touchgfx::TextArea>::isFadeAnimationRunning() const
 .text._ZN8touchgfx12FadeAnimatorINS_8TextAreaEED0Ev
                0x0800473a        0xe TouchGFX/build/ST/STM32F429IDISCO/TouchGFX/generated/gui_generated/src/startup_screen/StartupViewBase.o
                0x0800473a                touchgfx::FadeAnimator<touchgfx::TextArea>::~FadeAnimator()
 .text._ZN8touchgfx24BoxWithBorderButtonStyleINS_18ClickButtonTriggerEED0Ev
                0x08004748        0xe TouchGFX/build/ST/STM32F429IDISCO/TouchGFX/generated/gui_generated/src/startup_screen/StartupViewBase.o
                0x08004748                touchgfx::BoxWithBorderButtonStyle<touchgfx::ClickButtonTrigger>::~BoxWithBorderButtonStyle()
 .text._ZN8touchgfx8CallbackI15StartupViewBaseRKNS_23AbstractButtonContainerEvvED0Ev
                0x08004756        0xe TouchGFX/build/ST/STM32F429IDISCO/TouchGFX/generated/gui_generated/src/startup_screen/StartupViewBase.o
                0x08004756                touchgfx::Callback<StartupViewBase, touchgfx::AbstractButtonContainer const&, void, void>::~Callback()
 .text._ZN8touchgfx8CallbackI15StartupViewBaseRKNS_12FadeAnimatorINS_8TextAreaEEEvvED0Ev
                0x08004764        0xe TouchGFX/build/ST/STM32F429IDISCO/TouchGFX/generated/gui_generated/src/startup_screen/StartupViewBase.o
                0x08004764                touchgfx::Callback<StartupViewBase, touchgfx::FadeAnimator<touchgfx::TextArea> const&, void, void>::~Callback()
 .text._ZN15StartupViewBaseD0Ev
                0x08004772       0x10 TouchGFX/build/ST/STM32F429IDISCO/TouchGFX/generated/gui_generated/src/startup_screen/StartupViewBase.o
                0x08004772                StartupViewBase::~StartupViewBase()
 *fill*         0x08004782        0x2 
 .text._ZN8touchgfx8TextArea12setBaselineYEs
                0x08004784       0x6c TouchGFX/build/ST/STM32F429IDISCO/TouchGFX/generated/gui_generated/src/startup_screen/StartupViewBase.o
                0x08004784                touchgfx::TextArea::setBaselineY(short)
 .text._ZN8touchgfx18ClickButtonTrigger16handleClickEventERKNS_10ClickEventE
                0x080047f0       0x54 TouchGFX/build/ST/STM32F429IDISCO/TouchGFX/generated/gui_generated/src/startup_screen/StartupViewBase.o
                0x080047f0                touchgfx::ClickButtonTrigger::handleClickEvent(touchgfx::ClickEvent const&)
 .text._ZN15StartupViewBase25flexButtonCallbackHandlerERKN8touchgfx23AbstractButtonContainerE
                0x08004844       0x18 TouchGFX/build/ST/STM32F429IDISCO/TouchGFX/generated/gui_generated/src/startup_screen/StartupViewBase.o
                0x08004844                StartupViewBase::flexButtonCallbackHandler(touchgfx::AbstractButtonContainer const&)
 .text._ZN8touchgfx8DrawableC2Ev
                0x0800485c       0x2c TouchGFX/build/ST/STM32F429IDISCO/TouchGFX/generated/gui_generated/src/startup_screen/StartupViewBase.o
                0x0800485c                touchgfx::Drawable::Drawable()
                0x0800485c                touchgfx::Drawable::Drawable()
 .text._ZN8touchgfx12FadeAnimatorINS_8TextAreaEEC2Ev
                0x08004888       0x3c TouchGFX/build/ST/STM32F429IDISCO/TouchGFX/generated/gui_generated/src/startup_screen/StartupViewBase.o
                0x08004888                touchgfx::FadeAnimator<touchgfx::TextArea>::FadeAnimator()
                0x08004888                touchgfx::FadeAnimator<touchgfx::TextArea>::FadeAnimator()
 .text._ZN15StartupViewBaseC2Ev
                0x080048c4      0x2cc TouchGFX/build/ST/STM32F429IDISCO/TouchGFX/generated/gui_generated/src/startup_screen/StartupViewBase.o
                0x080048c4                StartupViewBase::StartupViewBase()
                0x080048c4                StartupViewBase::StartupViewBase()
 .text._ZN8touchgfx12FadeAnimatorINS_8TextAreaEE21nextFadeAnimationStepEv
                0x08004b90       0x84 TouchGFX/build/ST/STM32F429IDISCO/TouchGFX/generated/gui_generated/src/startup_screen/StartupViewBase.o
                0x08004b90                touchgfx::FadeAnimator<touchgfx::TextArea>::nextFadeAnimationStep()
 .text._ZN8touchgfx12FadeAnimatorINS_8TextAreaEE15handleTickEventEv
                0x08004c14        0x8 TouchGFX/build/ST/STM32F429IDISCO/TouchGFX/generated/gui_generated/src/startup_screen/StartupViewBase.o
                0x08004c14                touchgfx::FadeAnimator<touchgfx::TextArea>::handleTickEvent()
 .text._ZN8touchgfx12FadeAnimatorINS_8TextAreaEE18startFadeAnimationEhtPFstsstE
                0x08004c1c       0x3e TouchGFX/build/ST/STM32F429IDISCO/TouchGFX/generated/gui_generated/src/startup_screen/StartupViewBase.o
                0x08004c1c                touchgfx::FadeAnimator<touchgfx::TextArea>::startFadeAnimation(unsigned char, unsigned short, short (*)(unsigned short, short, short, unsigned short))
 *fill*         0x08004c5a        0x2 
 .text._ZN15StartupViewBase15handleTickEventEv
                0x08004c5c       0x5c TouchGFX/build/ST/STM32F429IDISCO/TouchGFX/generated/gui_generated/src/startup_screen/StartupViewBase.o
                0x08004c5c                StartupViewBase::handleTickEvent()
 .text._ZN15StartupViewBase15afterTransitionEv
                0x08004cb8       0x28 TouchGFX/build/ST/STM32F429IDISCO/TouchGFX/generated/gui_generated/src/startup_screen/StartupViewBase.o
                0x08004cb8                StartupViewBase::afterTransition()
 .text._ZN15StartupViewBase30hi_FadeOutEndedCallbackHandlerERKN8touchgfx12FadeAnimatorINS0_8TextAreaEEE
                0x08004ce0       0x24 TouchGFX/build/ST/STM32F429IDISCO/TouchGFX/generated/gui_generated/src/startup_screen/StartupViewBase.o
                0x08004ce0                StartupViewBase::hi_FadeOutEndedCallbackHandler(touchgfx::FadeAnimator<touchgfx::TextArea> const&)
 .text._ZN15StartupViewBase35getting_FadeOutEndedCallbackHandlerERKN8touchgfx12FadeAnimatorINS0_8TextAreaEEE
                0x08004d04       0x24 TouchGFX/build/ST/STM32F429IDISCO/TouchGFX/generated/gui_generated/src/startup_screen/StartupViewBase.o
                0x08004d04                StartupViewBase::getting_FadeOutEndedCallbackHandler(touchgfx::FadeAnimator<touchgfx::TextArea> const&)
 .text._ZN8touchgfx10Transition8tearDownEv
                0x08004d28        0x2 TouchGFX/build/ST/STM32F429IDISCO/TouchGFX/generated/gui_generated/src/common/FrontendApplicationBase.o
                0x08004d28                touchgfx::Transition::tearDown()
 .text._ZN8touchgfx10Transition4initEv
                0x08004d2a        0x2 TouchGFX/build/ST/STM32F429IDISCO/TouchGFX/generated/gui_generated/src/common/FrontendApplicationBase.o
                0x08004d2a                touchgfx::Transition::init()
 .text._ZN8touchgfx10Transition18setScreenContainerERNS_9ContainerE
                0x08004d2c        0x4 TouchGFX/build/ST/STM32F429IDISCO/TouchGFX/generated/gui_generated/src/common/FrontendApplicationBase.o
                0x08004d2c                touchgfx::Transition::setScreenContainer(touchgfx::Container&)
 .text._ZN23FrontendApplicationBaseD2Ev
                0x08004d30        0x2 TouchGFX/build/ST/STM32F429IDISCO/TouchGFX/generated/gui_generated/src/common/FrontendApplicationBase.o
                0x08004d30                FrontendApplicationBase::~FrontendApplicationBase()
                0x08004d30                FrontendApplicationBase::~FrontendApplicationBase()
 .text._ZN8touchgfx12NoTransitionD2Ev
                0x08004d32        0x2 TouchGFX/build/ST/STM32F429IDISCO/TouchGFX/generated/gui_generated/src/common/FrontendApplicationBase.o
                0x08004d32                touchgfx::NoTransition::~NoTransition()
                0x08004d32                touchgfx::NoTransition::~NoTransition()
 .text._ZN8touchgfx12NoTransition15handleTickEventEv
                0x08004d34        0x6 TouchGFX/build/ST/STM32F429IDISCO/TouchGFX/generated/gui_generated/src/common/FrontendApplicationBase.o
                0x08004d34                touchgfx::NoTransition::handleTickEvent()
 .text._ZN8touchgfx8CallbackINS_15SlideTransitionILNS_9DirectionE2EEERNS_8DrawableEvvED2Ev
                0x08004d3a        0x2 TouchGFX/build/ST/STM32F429IDISCO/TouchGFX/generated/gui_generated/src/common/FrontendApplicationBase.o
                0x08004d3a                touchgfx::Callback<touchgfx::SlideTransition<(touchgfx::Direction)2>, touchgfx::Drawable&, void, void>::~Callback()
                0x08004d3a                touchgfx::Callback<touchgfx::SlideTransition<(touchgfx::Direction)2>, touchgfx::Drawable&, void, void>::~Callback()
 .text._ZN8touchgfx8CallbackINS_15CoverTransitionILNS_9DirectionE2EEERNS_8DrawableEvvED2Ev
                0x08004d3c        0x2 TouchGFX/build/ST/STM32F429IDISCO/TouchGFX/generated/gui_generated/src/common/FrontendApplicationBase.o
                0x08004d3c                touchgfx::Callback<touchgfx::CoverTransition<(touchgfx::Direction)2>, touchgfx::Drawable&, void, void>::~Callback()
                0x08004d3c                touchgfx::Callback<touchgfx::CoverTransition<(touchgfx::Direction)2>, touchgfx::Drawable&, void, void>::~Callback()
 .text._ZN8touchgfx15CoverTransitionILNS_9DirectionE2EE13FullSolidRectD2Ev
                0x08004d3e        0x2 TouchGFX/build/ST/STM32F429IDISCO/TouchGFX/generated/gui_generated/src/common/FrontendApplicationBase.o
                0x08004d3e                touchgfx::CoverTransition<(touchgfx::Direction)2>::FullSolidRect::~FullSolidRect()
                0x08004d3e                touchgfx::CoverTransition<(touchgfx::Direction)2>::FullSolidRect::~FullSolidRect()
 .text._ZN8touchgfx8CallbackI23FrontendApplicationBasevvvED2Ev
                0x08004d40        0x2 TouchGFX/build/ST/STM32F429IDISCO/TouchGFX/generated/gui_generated/src/common/FrontendApplicationBase.o
                0x08004d40                touchgfx::Callback<FrontendApplicationBase, void, void, void>::~Callback()
                0x08004d40                touchgfx::Callback<FrontendApplicationBase, void, void, void>::~Callback()
 .text._ZN8touchgfx8CallbackINS_15SlideTransitionILNS_9DirectionE2EEERNS_8DrawableEvvE7executeES5_
                0x08004d42       0x20 TouchGFX/build/ST/STM32F429IDISCO/TouchGFX/generated/gui_generated/src/common/FrontendApplicationBase.o
                0x08004d42                touchgfx::Callback<touchgfx::SlideTransition<(touchgfx::Direction)2>, touchgfx::Drawable&, void, void>::execute(touchgfx::Drawable&)
 .text._ZNK8touchgfx8CallbackINS_15SlideTransitionILNS_9DirectionE2EEERNS_8DrawableEvvE7isValidEv
                0x08004d62       0x18 TouchGFX/build/ST/STM32F429IDISCO/TouchGFX/generated/gui_generated/src/common/FrontendApplicationBase.o
                0x08004d62                touchgfx::Callback<touchgfx::SlideTransition<(touchgfx::Direction)2>, touchgfx::Drawable&, void, void>::isValid() const
 .text._ZN8touchgfx15CoverTransitionILNS_9DirectionE2EED2Ev
                0x08004d7a        0x2 TouchGFX/build/ST/STM32F429IDISCO/TouchGFX/generated/gui_generated/src/common/FrontendApplicationBase.o
                0x08004d7a                touchgfx::CoverTransition<(touchgfx::Direction)2>::~CoverTransition()
                0x08004d7a                touchgfx::CoverTransition<(touchgfx::Direction)2>::~CoverTransition()
 .text._ZN8touchgfx15CoverTransitionILNS_9DirectionE2EE8tearDownEv
                0x08004d7c        0xe TouchGFX/build/ST/STM32F429IDISCO/TouchGFX/generated/gui_generated/src/common/FrontendApplicationBase.o
                0x08004d7c                touchgfx::CoverTransition<(touchgfx::Direction)2>::tearDown()
 *fill*         0x08004d8a        0x2 
 .text._ZN8touchgfx15CoverTransitionILNS_9DirectionE2EE4initEv
                0x08004d8c       0x30 TouchGFX/build/ST/STM32F429IDISCO/TouchGFX/generated/gui_generated/src/common/FrontendApplicationBase.o
                0x08004d8c                touchgfx::CoverTransition<(touchgfx::Direction)2>::init()
 .text._ZNK8touchgfx15CoverTransitionILNS_9DirectionE2EE13FullSolidRect4drawERKNS_4RectE
                0x08004dbc        0x2 TouchGFX/build/ST/STM32F429IDISCO/TouchGFX/generated/gui_generated/src/common/FrontendApplicationBase.o
                0x08004dbc                touchgfx::CoverTransition<(touchgfx::Direction)2>::FullSolidRect::draw(touchgfx::Rect const&) const
 *fill*         0x08004dbe        0x2 
 .text._ZNK8touchgfx15CoverTransitionILNS_9DirectionE2EE13FullSolidRect12getSolidRectEv
                0x08004dc0       0x24 TouchGFX/build/ST/STM32F429IDISCO/TouchGFX/generated/gui_generated/src/common/FrontendApplicationBase.o
                0x08004dc0                touchgfx::CoverTransition<(touchgfx::Direction)2>::FullSolidRect::getSolidRect() const
 .text._ZN8touchgfx8CallbackINS_15CoverTransitionILNS_9DirectionE2EEERNS_8DrawableEvvE7executeES5_
                0x08004de4       0x20 TouchGFX/build/ST/STM32F429IDISCO/TouchGFX/generated/gui_generated/src/common/FrontendApplicationBase.o
                0x08004de4                touchgfx::Callback<touchgfx::CoverTransition<(touchgfx::Direction)2>, touchgfx::Drawable&, void, void>::execute(touchgfx::Drawable&)
 .text._ZNK8touchgfx8CallbackINS_15CoverTransitionILNS_9DirectionE2EEERNS_8DrawableEvvE7isValidEv
                0x08004e04       0x18 TouchGFX/build/ST/STM32F429IDISCO/TouchGFX/generated/gui_generated/src/common/FrontendApplicationBase.o
                0x08004e04                touchgfx::Callback<touchgfx::CoverTransition<(touchgfx::Direction)2>, touchgfx::Drawable&, void, void>::isValid() const
 .text._ZN8touchgfx8CallbackI23FrontendApplicationBasevvvE7executeEv
                0x08004e1c       0x1a TouchGFX/build/ST/STM32F429IDISCO/TouchGFX/generated/gui_generated/src/common/FrontendApplicationBase.o
                0x08004e1c                touchgfx::Callback<FrontendApplicationBase, void, void, void>::execute()
 .text._ZNK8touchgfx8CallbackI23FrontendApplicationBasevvvE7isValidEv
                0x08004e36       0x18 TouchGFX/build/ST/STM32F429IDISCO/TouchGFX/generated/gui_generated/src/common/FrontendApplicationBase.o
                0x08004e36                touchgfx::Callback<FrontendApplicationBase, void, void, void>::isValid() const
 .text._ZN8touchgfx12NoTransitionD0Ev
                0x08004e4e        0xe TouchGFX/build/ST/STM32F429IDISCO/TouchGFX/generated/gui_generated/src/common/FrontendApplicationBase.o
                0x08004e4e                touchgfx::NoTransition::~NoTransition()
 .text._ZN23FrontendApplicationBaseD0Ev
                0x08004e5c       0x10 TouchGFX/build/ST/STM32F429IDISCO/TouchGFX/generated/gui_generated/src/common/FrontendApplicationBase.o
                0x08004e5c                FrontendApplicationBase::~FrontendApplicationBase()
 .text._ZN8touchgfx8CallbackI23FrontendApplicationBasevvvED0Ev
                0x08004e6c        0xe TouchGFX/build/ST/STM32F429IDISCO/TouchGFX/generated/gui_generated/src/common/FrontendApplicationBase.o
                0x08004e6c                touchgfx::Callback<FrontendApplicationBase, void, void, void>::~Callback()
 .text._ZN8touchgfx15CoverTransitionILNS_9DirectionE2EE13FullSolidRectD0Ev
                0x08004e7a        0xe TouchGFX/build/ST/STM32F429IDISCO/TouchGFX/generated/gui_generated/src/common/FrontendApplicationBase.o
                0x08004e7a                touchgfx::CoverTransition<(touchgfx::Direction)2>::FullSolidRect::~FullSolidRect()
 .text._ZN8touchgfx8CallbackINS_15SlideTransitionILNS_9DirectionE2EEERNS_8DrawableEvvED0Ev
                0x08004e88        0xe TouchGFX/build/ST/STM32F429IDISCO/TouchGFX/generated/gui_generated/src/common/FrontendApplicationBase.o
                0x08004e88                touchgfx::Callback<touchgfx::SlideTransition<(touchgfx::Direction)2>, touchgfx::Drawable&, void, void>::~Callback()
 .text._ZN8touchgfx15CoverTransitionILNS_9DirectionE2EED0Ev
                0x08004e96        0xe TouchGFX/build/ST/STM32F429IDISCO/TouchGFX/generated/gui_generated/src/common/FrontendApplicationBase.o
                0x08004e96                touchgfx::CoverTransition<(touchgfx::Direction)2>::~CoverTransition()
 .text._ZN8touchgfx8CallbackINS_15CoverTransitionILNS_9DirectionE2EEERNS_8DrawableEvvED0Ev
                0x08004ea4        0xe TouchGFX/build/ST/STM32F429IDISCO/TouchGFX/generated/gui_generated/src/common/FrontendApplicationBase.o
                0x08004ea4                touchgfx::Callback<touchgfx::CoverTransition<(touchgfx::Direction)2>, touchgfx::Drawable&, void, void>::~Callback()
 .text._ZN8touchgfxL17prepareTransitionEPPNS_6ScreenEPPNS_9PresenterEPPNS_10TransitionE
                0x08004eb2       0x52 TouchGFX/build/ST/STM32F429IDISCO/TouchGFX/generated/gui_generated/src/common/FrontendApplicationBase.o
 .text._ZN8touchgfxL18finalizeTransitionEPNS_6ScreenEPNS_9PresenterEPNS_10TransitionE
                0x08004f04       0x34 TouchGFX/build/ST/STM32F429IDISCO/TouchGFX/generated/gui_generated/src/common/FrontendApplicationBase.o
 .text._ZN8touchgfx15SlideTransitionILNS_9DirectionE2EE16tickMoveDrawableERNS_8DrawableE
                0x08004f38       0x44 TouchGFX/build/ST/STM32F429IDISCO/TouchGFX/generated/gui_generated/src/common/FrontendApplicationBase.o
                0x08004f38                touchgfx::SlideTransition<(touchgfx::Direction)2>::tickMoveDrawable(touchgfx::Drawable&)
 .text._ZN8touchgfx15CoverTransitionILNS_9DirectionE2EE16tickMoveDrawableERNS_8DrawableE
                0x08004f7c       0x3c TouchGFX/build/ST/STM32F429IDISCO/TouchGFX/generated/gui_generated/src/common/FrontendApplicationBase.o
                0x08004f7c                touchgfx::CoverTransition<(touchgfx::Direction)2>::tickMoveDrawable(touchgfx::Drawable&)
 .text._ZN8touchgfx15SlideTransitionILNS_9DirectionE2EE8tearDownEv
                0x08004fb8       0x1c TouchGFX/build/ST/STM32F429IDISCO/TouchGFX/generated/gui_generated/src/common/FrontendApplicationBase.o
                0x08004fb8                touchgfx::SlideTransition<(touchgfx::Direction)2>::tearDown()
 .text._ZN8touchgfx15CoverTransitionILNS_9DirectionE2EE16initMoveDrawableERNS_8DrawableE.part.4
                0x08004fd4       0x14 TouchGFX/build/ST/STM32F429IDISCO/TouchGFX/generated/gui_generated/src/common/FrontendApplicationBase.o
 .text._ZN8touchgfx15SlideTransitionILNS_9DirectionE2EE16initMoveDrawableERNS_8DrawableE
                0x08004fe8       0x60 TouchGFX/build/ST/STM32F429IDISCO/TouchGFX/generated/gui_generated/src/common/FrontendApplicationBase.o
                0x08004fe8                touchgfx::SlideTransition<(touchgfx::Direction)2>::initMoveDrawable(touchgfx::Drawable&)
 .text._ZN8touchgfx15CoverTransitionILNS_9DirectionE2EE16initMoveDrawableERNS_8DrawableE
                0x08005048       0x60 TouchGFX/build/ST/STM32F429IDISCO/TouchGFX/generated/gui_generated/src/common/FrontendApplicationBase.o
                0x08005048                touchgfx::CoverTransition<(touchgfx::Direction)2>::initMoveDrawable(touchgfx::Drawable&)
 .text._ZN8touchgfx15CoverTransitionILNS_9DirectionE2EE15handleTickEventEv
                0x080050a8      0x110 TouchGFX/build/ST/STM32F429IDISCO/TouchGFX/generated/gui_generated/src/common/FrontendApplicationBase.o
                0x080050a8                touchgfx::CoverTransition<(touchgfx::Direction)2>::handleTickEvent()
 .text._ZN8touchgfx15SlideTransitionILNS_9DirectionE2EE15handleTickEventEv
                0x080051b8       0xac TouchGFX/build/ST/STM32F429IDISCO/TouchGFX/generated/gui_generated/src/common/FrontendApplicationBase.o
                0x080051b8                touchgfx::SlideTransition<(touchgfx::Direction)2>::handleTickEvent()
 .text._ZN8touchgfx15SlideTransitionILNS_9DirectionE2EE4initEv
                0x08005264       0x3c TouchGFX/build/ST/STM32F429IDISCO/TouchGFX/generated/gui_generated/src/common/FrontendApplicationBase.o
                0x08005264                touchgfx::SlideTransition<(touchgfx::Direction)2>::init()
 .text._ZN23FrontendApplicationBaseC2ER5ModelR12FrontendHeap
                0x080052a0       0x4c TouchGFX/build/ST/STM32F429IDISCO/TouchGFX/generated/gui_generated/src/common/FrontendApplicationBase.o
                0x080052a0                FrontendApplicationBase::FrontendApplicationBase(Model&, FrontendHeap&)
                0x080052a0                FrontendApplicationBase::FrontendApplicationBase(Model&, FrontendHeap&)
 .text._ZN23FrontendApplicationBase33gotoBearScreenSlideTransitionEastEv
                0x080052ec       0x20 TouchGFX/build/ST/STM32F429IDISCO/TouchGFX/generated/gui_generated/src/common/FrontendApplicationBase.o
                0x080052ec                FrontendApplicationBase::gotoBearScreenSlideTransitionEast()
 .text._ZN23FrontendApplicationBase29gotoStartupScreenNoTransitionEv
                0x0800530c       0x20 TouchGFX/build/ST/STM32F429IDISCO/TouchGFX/generated/gui_generated/src/common/FrontendApplicationBase.o
                0x0800530c                FrontendApplicationBase::gotoStartupScreenNoTransition()
 .text._ZN23FrontendApplicationBase36gotoStartupScreenCoverTransitionEastEv
                0x0800532c       0x20 TouchGFX/build/ST/STM32F429IDISCO/TouchGFX/generated/gui_generated/src/common/FrontendApplicationBase.o
                0x0800532c                FrontendApplicationBase::gotoStartupScreenCoverTransitionEast()
 .text._ZN8touchgfx14makeTransitionI11StartupView16StartupPresenterNS_12NoTransitionE5ModelEEPT0_PPNS_6ScreenEPPNS_9PresenterERNS_7MVPHeapEPPNS_10TransitionEPT2_
                0x0800534c       0xdc TouchGFX/build/ST/STM32F429IDISCO/TouchGFX/generated/gui_generated/src/common/FrontendApplicationBase.o
                0x0800534c                StartupPresenter* touchgfx::makeTransition<StartupView, StartupPresenter, touchgfx::NoTransition, Model>(touchgfx::Screen**, touchgfx::Presenter**, touchgfx::MVPHeap&, touchgfx::Transition**, Model*)
 .text._ZN23FrontendApplicationBase33gotoStartupScreenNoTransitionImplEv
                0x08005428       0x28 TouchGFX/build/ST/STM32F429IDISCO/TouchGFX/generated/gui_generated/src/common/FrontendApplicationBase.o
                0x08005428                FrontendApplicationBase::gotoStartupScreenNoTransitionImpl()
 .text._ZN8touchgfx14makeTransitionI11StartupView16StartupPresenterNS_15CoverTransitionILNS_9DirectionE2EEE5ModelEEPT0_PPNS_6ScreenEPPNS_9PresenterERNS_7MVPHeapEPPNS_10TransitionEPT2_
                0x08005450      0x148 TouchGFX/build/ST/STM32F429IDISCO/TouchGFX/generated/gui_generated/src/common/FrontendApplicationBase.o
                0x08005450                StartupPresenter* touchgfx::makeTransition<StartupView, StartupPresenter, touchgfx::CoverTransition<(touchgfx::Direction)2>, Model>(touchgfx::Screen**, touchgfx::Presenter**, touchgfx::MVPHeap&, touchgfx::Transition**, Model*)
 .text._ZN23FrontendApplicationBase40gotoStartupScreenCoverTransitionEastImplEv
                0x08005598       0x28 TouchGFX/build/ST/STM32F429IDISCO/TouchGFX/generated/gui_generated/src/common/FrontendApplicationBase.o
                0x08005598                FrontendApplicationBase::gotoStartupScreenCoverTransitionEastImpl()
 .text._ZN8touchgfx15SlideTransitionILNS_9DirectionE2EED2Ev
                0x080055c0       0x18 TouchGFX/build/ST/STM32F429IDISCO/TouchGFX/generated/gui_generated/src/common/FrontendApplicationBase.o
                0x080055c0                touchgfx::SlideTransition<(touchgfx::Direction)2>::~SlideTransition()
                0x080055c0                touchgfx::SlideTransition<(touchgfx::Direction)2>::~SlideTransition()
 .text._ZN8touchgfx15SlideTransitionILNS_9DirectionE2EED0Ev
                0x080055d8       0x14 TouchGFX/build/ST/STM32F429IDISCO/TouchGFX/generated/gui_generated/src/common/FrontendApplicationBase.o
                0x080055d8                touchgfx::SlideTransition<(touchgfx::Direction)2>::~SlideTransition()
 .text._ZN8touchgfx14makeTransitionI8BearView13BearPresenterNS_15SlideTransitionILNS_9DirectionE2EEE5ModelEEPT0_PPNS_6ScreenEPPNS_9PresenterERNS_7MVPHeapEPPNS_10TransitionEPT2_
                0x080055ec      0x174 TouchGFX/build/ST/STM32F429IDISCO/TouchGFX/generated/gui_generated/src/common/FrontendApplicationBase.o
                0x080055ec                BearPresenter* touchgfx::makeTransition<BearView, BearPresenter, touchgfx::SlideTransition<(touchgfx::Direction)2>, Model>(touchgfx::Screen**, touchgfx::Presenter**, touchgfx::MVPHeap&, touchgfx::Transition**, Model*)
 .text._ZN23FrontendApplicationBase37gotoBearScreenSlideTransitionEastImplEv
                0x08005760       0x28 TouchGFX/build/ST/STM32F429IDISCO/TouchGFX/generated/gui_generated/src/common/FrontendApplicationBase.o
                0x08005760                FrontendApplicationBase::gotoBearScreenSlideTransitionEastImpl()
 .text._ZN12BearViewBase11changealphaEi
                0x08005788        0x2 TouchGFX/build/ST/STM32F429IDISCO/TouchGFX/generated/gui_generated/src/bear_screen/BearViewBase.o
                0x08005788                BearViewBase::changealpha(int)
 .text._ZN12BearViewBase11setupScreenEv
                0x0800578a        0x2 TouchGFX/build/ST/STM32F429IDISCO/TouchGFX/generated/gui_generated/src/bear_screen/BearViewBase.o
                0x0800578a                BearViewBase::setupScreen()
 .text._ZN8touchgfx8CallbackI12BearViewBaseRKNS_6SliderEivED2Ev
                0x0800578c        0x2 TouchGFX/build/ST/STM32F429IDISCO/TouchGFX/generated/gui_generated/src/bear_screen/BearViewBase.o
                0x0800578c                touchgfx::Callback<BearViewBase, touchgfx::Slider const&, int, void>::~Callback()
                0x0800578c                touchgfx::Callback<BearViewBase, touchgfx::Slider const&, int, void>::~Callback()
 .text._ZN8touchgfx8CallbackI12BearViewBaseRKNS_23AbstractButtonContainerEvvED2Ev
                0x0800578e        0x2 TouchGFX/build/ST/STM32F429IDISCO/TouchGFX/generated/gui_generated/src/bear_screen/BearViewBase.o
                0x0800578e                touchgfx::Callback<BearViewBase, touchgfx::AbstractButtonContainer const&, void, void>::~Callback()
                0x0800578e                touchgfx::Callback<BearViewBase, touchgfx::AbstractButtonContainer const&, void, void>::~Callback()
 .text._ZN8touchgfx8CallbackI12BearViewBaseRKNS_6SliderEivE7executeES4_i
                0x08005790       0x1e TouchGFX/build/ST/STM32F429IDISCO/TouchGFX/generated/gui_generated/src/bear_screen/BearViewBase.o
                0x08005790                touchgfx::Callback<BearViewBase, touchgfx::Slider const&, int, void>::execute(touchgfx::Slider const&, int)
 .text._ZNK8touchgfx8CallbackI12BearViewBaseRKNS_6SliderEivE7isValidEv
                0x080057ae       0x18 TouchGFX/build/ST/STM32F429IDISCO/TouchGFX/generated/gui_generated/src/bear_screen/BearViewBase.o
                0x080057ae                touchgfx::Callback<BearViewBase, touchgfx::Slider const&, int, void>::isValid() const
 .text._ZN8touchgfx8CallbackI12BearViewBaseRKNS_23AbstractButtonContainerEvvE7executeES4_
                0x080057c6       0x20 TouchGFX/build/ST/STM32F429IDISCO/TouchGFX/generated/gui_generated/src/bear_screen/BearViewBase.o
                0x080057c6                touchgfx::Callback<BearViewBase, touchgfx::AbstractButtonContainer const&, void, void>::execute(touchgfx::AbstractButtonContainer const&)
 .text._ZNK8touchgfx8CallbackI12BearViewBaseRKNS_23AbstractButtonContainerEvvE7isValidEv
                0x080057e6       0x18 TouchGFX/build/ST/STM32F429IDISCO/TouchGFX/generated/gui_generated/src/bear_screen/BearViewBase.o
                0x080057e6                touchgfx::Callback<BearViewBase, touchgfx::AbstractButtonContainer const&, void, void>::isValid() const
 .text._ZN8touchgfx8CallbackI12BearViewBaseRKNS_23AbstractButtonContainerEvvED0Ev
                0x080057fe        0xe TouchGFX/build/ST/STM32F429IDISCO/TouchGFX/generated/gui_generated/src/bear_screen/BearViewBase.o
                0x080057fe                touchgfx::Callback<BearViewBase, touchgfx::AbstractButtonContainer const&, void, void>::~Callback()
 .text._ZN8touchgfx8CallbackI12BearViewBaseRKNS_6SliderEivED0Ev
                0x0800580c        0xe TouchGFX/build/ST/STM32F429IDISCO/TouchGFX/generated/gui_generated/src/bear_screen/BearViewBase.o
                0x0800580c                touchgfx::Callback<BearViewBase, touchgfx::Slider const&, int, void>::~Callback()
 .text._ZN12BearViewBase33sliderValueChangedCallbackHandlerERKN8touchgfx6SliderEi
                0x0800581a       0x1c TouchGFX/build/ST/STM32F429IDISCO/TouchGFX/generated/gui_generated/src/bear_screen/BearViewBase.o
                0x0800581a                BearViewBase::sliderValueChangedCallbackHandler(touchgfx::Slider const&, int)
 .text._ZN12BearViewBase25flexButtonCallbackHandlerERKN8touchgfx23AbstractButtonContainerE
                0x08005836       0x16 TouchGFX/build/ST/STM32F429IDISCO/TouchGFX/generated/gui_generated/src/bear_screen/BearViewBase.o
                0x08005836                BearViewBase::flexButtonCallbackHandler(touchgfx::AbstractButtonContainer const&)
 .text._ZN12BearViewBaseC2Ev
                0x0800584c      0x264 TouchGFX/build/ST/STM32F429IDISCO/TouchGFX/generated/gui_generated/src/bear_screen/BearViewBase.o
                0x0800584c                BearViewBase::BearViewBase()
                0x0800584c                BearViewBase::BearViewBase()
 .text._ZN12BearViewBaseD2Ev
                0x08005ab0       0x18 TouchGFX/build/ST/STM32F429IDISCO/TouchGFX/generated/gui_generated/src/bear_screen/BearViewBase.o
                0x08005ab0                BearViewBase::~BearViewBase()
                0x08005ab0                BearViewBase::~BearViewBase()
 .text._ZN12BearViewBaseD0Ev
                0x08005ac8       0x16 TouchGFX/build/ST/STM32F429IDISCO/TouchGFX/generated/gui_generated/src/bear_screen/BearViewBase.o
                0x08005ac8                BearViewBase::~BearViewBase()
 .text._ZN8touchgfx17InternalFlashFontD2Ev
                0x08005ade        0x2 TouchGFX/build/ST/STM32F429IDISCO/TouchGFX/generated/fonts/src/FontGetters.o
                0x08005ade                touchgfx::InternalFlashFont::~InternalFlashFont()
                0x08005ade                touchgfx::InternalFlashFont::~InternalFlashFont()
 .text._Z23getFont_verdana_10_4bppv
                0x08005ae0       0x74 TouchGFX/build/ST/STM32F429IDISCO/TouchGFX/generated/fonts/src/FontGetters.o
                0x08005ae0                getFont_verdana_10_4bpp()
 .text._Z23getFont_verdana_20_4bppv
                0x08005b54       0x70 TouchGFX/build/ST/STM32F429IDISCO/TouchGFX/generated/fonts/src/FontGetters.o
                0x08005b54                getFont_verdana_20_4bpp()
 .text._Z23getFont_verdana_40_4bppv
                0x08005bc4       0x70 TouchGFX/build/ST/STM32F429IDISCO/TouchGFX/generated/fonts/src/FontGetters.o
                0x08005bc4                getFont_verdana_40_4bpp()
 .text._ZN8touchgfx17InternalFlashFontD0Ev
                0x08005c34        0xe TouchGFX/build/ST/STM32F429IDISCO/TouchGFX/generated/fonts/src/FontGetters.o
                0x08005c34                touchgfx::InternalFlashFont::~InternalFlashFont()
 .text._ZN23ApplicationFontProviderD2Ev
                0x08005c42        0x2 TouchGFX/build/ST/STM32F429IDISCO/TouchGFX/generated/fonts/src/ApplicationFontProvider.o
                0x08005c42                ApplicationFontProvider::~ApplicationFontProvider()
                0x08005c42                ApplicationFontProvider::~ApplicationFontProvider()
 .text._ZN23ApplicationFontProvider7getFontEt
                0x08005c44       0x1a TouchGFX/build/ST/STM32F429IDISCO/TouchGFX/generated/fonts/src/ApplicationFontProvider.o
                0x08005c44                ApplicationFontProvider::getFont(unsigned short)
 .text._ZN23ApplicationFontProviderD0Ev
                0x08005c5e        0xe TouchGFX/build/ST/STM32F429IDISCO/TouchGFX/generated/fonts/src/ApplicationFontProvider.o
                0x08005c5e                ApplicationFontProvider::~ApplicationFontProvider()
 .text._ZN14BitmapDatabase11getInstanceEv
                0x08005c6c        0x8 TouchGFX/build/ST/STM32F429IDISCO/TouchGFX/generated/images/src/BitmapDatabase.o
                0x08005c6c                BitmapDatabase::getInstance()
 .text._ZN14BitmapDatabase15getInstanceSizeEv
                0x08005c74        0x4 TouchGFX/build/ST/STM32F429IDISCO/TouchGFX/generated/images/src/BitmapDatabase.o
                0x08005c74                BitmapDatabase::getInstanceSize()
 .text._ZN17TypedTextDatabase11getInstanceEt
                0x08005c78        0x8 TouchGFX/build/ST/STM32F429IDISCO/TouchGFX/generated/texts/src/TypedTextDatabase.o
                0x08005c78                TypedTextDatabase::getInstance(unsigned short)
 .text._ZN17TypedTextDatabase15getInstanceSizeEv
                0x08005c80        0x4 TouchGFX/build/ST/STM32F429IDISCO/TouchGFX/generated/texts/src/TypedTextDatabase.o
                0x08005c80                TypedTextDatabase::getInstanceSize()
 .text._ZN17TypedTextDatabase8getFontsEv
                0x08005c84        0x8 TouchGFX/build/ST/STM32F429IDISCO/TouchGFX/generated/texts/src/TypedTextDatabase.o
                0x08005c84                TypedTextDatabase::getFonts()
 .text.startup._GLOBAL__sub_I__ZN17TypedTextDatabase11getInstanceEt
                0x08005c8c       0x1c TouchGFX/build/ST/STM32F429IDISCO/TouchGFX/generated/texts/src/TypedTextDatabase.o
 .text._ZN8touchgfx5Texts11setLanguageEt
                0x08005ca8       0x44 TouchGFX/build/ST/STM32F429IDISCO/TouchGFX/generated/texts/src/Texts.o
                0x08005ca8                touchgfx::Texts::setLanguage(unsigned short)
 .text.startup._GLOBAL__sub_I__ZN8touchgfx4Font22getStringWidthFunctionE
                0x08005cec       0x10 TouchGFX/build/ST/STM32F429IDISCO/TouchGFX/generated/texts/src/Texts.o
 .text._ZN8touchgfx10OSWrappers10initializeEv
                0x08005cfc       0x34 TouchGFX/build/ST/STM32F429IDISCO/../Middlewares/ST/TouchGFX/touchgfx/os/OSWrappers.o
                0x08005cfc                touchgfx::OSWrappers::initialize()
 .text._ZN8touchgfx10OSWrappers24takeFrameBufferSemaphoreEv
                0x08005d30       0x14 TouchGFX/build/ST/STM32F429IDISCO/../Middlewares/ST/TouchGFX/touchgfx/os/OSWrappers.o
                0x08005d30                touchgfx::OSWrappers::takeFrameBufferSemaphore()
 .text._ZN8touchgfx10OSWrappers24giveFrameBufferSemaphoreEv
                0x08005d44       0x14 TouchGFX/build/ST/STM32F429IDISCO/../Middlewares/ST/TouchGFX/touchgfx/os/OSWrappers.o
                0x08005d44                touchgfx::OSWrappers::giveFrameBufferSemaphore()
 .text._ZN8touchgfx10OSWrappers27tryTakeFrameBufferSemaphoreEv
                0x08005d58       0x14 TouchGFX/build/ST/STM32F429IDISCO/../Middlewares/ST/TouchGFX/touchgfx/os/OSWrappers.o
                0x08005d58                touchgfx::OSWrappers::tryTakeFrameBufferSemaphore()
 .text._ZN8touchgfx10OSWrappers31giveFrameBufferSemaphoreFromISREv
                0x08005d6c       0x34 TouchGFX/build/ST/STM32F429IDISCO/../Middlewares/ST/TouchGFX/touchgfx/os/OSWrappers.o
                0x08005d6c                touchgfx::OSWrappers::giveFrameBufferSemaphoreFromISR()
 .text._ZN8touchgfx10OSWrappers11signalVSyncEv
                0x08005da0       0x3c TouchGFX/build/ST/STM32F429IDISCO/../Middlewares/ST/TouchGFX/touchgfx/os/OSWrappers.o
                0x08005da0                touchgfx::OSWrappers::signalVSync()
 .text._ZN8touchgfx10OSWrappers12waitForVSyncEv
                0x08005ddc       0x2c TouchGFX/build/ST/STM32F429IDISCO/../Middlewares/ST/TouchGFX/touchgfx/os/OSWrappers.o
                0x08005ddc                touchgfx::OSWrappers::waitForVSync()
 .text._ZL7GUITaskPv
                0x08005e08       0x10 TouchGFX/build/ST/STM32F429IDISCO/Core/Src/main.o
 .text.startup.main
                0x08005e18       0x2c TouchGFX/build/ST/STM32F429IDISCO/Core/Src/main.o
                0x08005e18                main
 .text._ZN8touchgfx8LCD16bppD2Ev
                0x08005e44        0x2 TouchGFX/build/ST/STM32F429IDISCO/TouchGFX/target/BoardConfiguration.o
                0x08005e44                touchgfx::LCD16bpp::~LCD16bpp()
                0x08005e44                touchgfx::LCD16bpp::~LCD16bpp()
 .text._ZN10STM32F4HALD2Ev
                0x08005e46        0x2 TouchGFX/build/ST/STM32F429IDISCO/TouchGFX/target/BoardConfiguration.o
                0x08005e46                STM32F4HAL::~STM32F4HAL()
                0x08005e46                STM32F4HAL::~STM32F4HAL()
 .text._ZN8touchgfx25CortexMMCUInstrumentationD2Ev
                0x08005e48        0x2 TouchGFX/build/ST/STM32F429IDISCO/TouchGFX/target/BoardConfiguration.o
                0x08005e48                touchgfx::CortexMMCUInstrumentation::~CortexMMCUInstrumentation()
                0x08005e48                touchgfx::CortexMMCUInstrumentation::~CortexMMCUInstrumentation()
 .text._ZN8touchgfx24ResistiveTouchControllerD2Ev
                0x08005e4a        0x2 TouchGFX/build/ST/STM32F429IDISCO/TouchGFX/target/BoardConfiguration.o
                0x08005e4a                touchgfx::ResistiveTouchController::~ResistiveTouchController()
                0x08005e4a                touchgfx::ResistiveTouchController::~ResistiveTouchController()
 .text._ZNK8touchgfx9PartitionINS_4meta8TypeListINS_15SlideTransitionILNS_9DirectionE2EEENS2_INS1_3NilES6_EEEELt1EE8capacityEv
                0x08005e4c        0x4 TouchGFX/build/ST/STM32F429IDISCO/TouchGFX/target/BoardConfiguration.o
                0x08005e4c                touchgfx::Partition<touchgfx::meta::TypeList<touchgfx::SlideTransition<(touchgfx::Direction)2>, touchgfx::meta::TypeList<touchgfx::meta::Nil, touchgfx::meta::Nil> >, (unsigned short)1>::capacity() const
 .text._ZN8touchgfx9PartitionINS_4meta8TypeListINS_15SlideTransitionILNS_9DirectionE2EEENS2_INS1_3NilES6_EEEELt1EE12element_sizeEv
                0x08005e50        0x4 TouchGFX/build/ST/STM32F429IDISCO/TouchGFX/target/BoardConfiguration.o
                0x08005e50                touchgfx::Partition<touchgfx::meta::TypeList<touchgfx::SlideTransition<(touchgfx::Direction)2>, touchgfx::meta::TypeList<touchgfx::meta::Nil, touchgfx::meta::Nil> >, (unsigned short)1>::element_size()
 .text._ZN8touchgfx9PartitionINS_4meta8TypeListINS_15SlideTransitionILNS_9DirectionE2EEENS2_INS1_3NilES6_EEEELt1EE7elementEt
                0x08005e54        0xa TouchGFX/build/ST/STM32F429IDISCO/TouchGFX/target/BoardConfiguration.o
                0x08005e54                touchgfx::Partition<touchgfx::meta::TypeList<touchgfx::SlideTransition<(touchgfx::Direction)2>, touchgfx::meta::TypeList<touchgfx::meta::Nil, touchgfx::meta::Nil> >, (unsigned short)1>::element(unsigned short)
 .text._ZNK8touchgfx9PartitionINS_4meta8TypeListINS_15SlideTransitionILNS_9DirectionE2EEENS2_INS1_3NilES6_EEEELt1EE7elementEt
                0x08005e5e        0xa TouchGFX/build/ST/STM32F429IDISCO/TouchGFX/target/BoardConfiguration.o
                0x08005e5e                touchgfx::Partition<touchgfx::meta::TypeList<touchgfx::SlideTransition<(touchgfx::Direction)2>, touchgfx::meta::TypeList<touchgfx::meta::Nil, touchgfx::meta::Nil> >, (unsigned short)1>::element(unsigned short) const
 .text._ZNK8touchgfx9PartitionINS_4meta8TypeListI8BearViewNS2_INS1_3NilES4_EEEELt1EE8capacityEv
                0x08005e68        0x4 TouchGFX/build/ST/STM32F429IDISCO/TouchGFX/target/BoardConfiguration.o
                0x08005e68                touchgfx::Partition<touchgfx::meta::TypeList<BearView, touchgfx::meta::TypeList<touchgfx::meta::Nil, touchgfx::meta::Nil> >, (unsigned short)1>::capacity() const
 .text._ZN8touchgfx9PartitionINS_4meta8TypeListI8BearViewNS2_INS1_3NilES4_EEEELt1EE12element_sizeEv
                0x08005e6c        0x6 TouchGFX/build/ST/STM32F429IDISCO/TouchGFX/target/BoardConfiguration.o
                0x08005e6c                touchgfx::Partition<touchgfx::meta::TypeList<BearView, touchgfx::meta::TypeList<touchgfx::meta::Nil, touchgfx::meta::Nil> >, (unsigned short)1>::element_size()
 .text._ZN8touchgfx9PartitionINS_4meta8TypeListI8BearViewNS2_INS1_3NilES4_EEEELt1EE7elementEt
                0x08005e72        0xc TouchGFX/build/ST/STM32F429IDISCO/TouchGFX/target/BoardConfiguration.o
                0x08005e72                touchgfx::Partition<touchgfx::meta::TypeList<BearView, touchgfx::meta::TypeList<touchgfx::meta::Nil, touchgfx::meta::Nil> >, (unsigned short)1>::element(unsigned short)
 .text._ZNK8touchgfx9PartitionINS_4meta8TypeListI8BearViewNS2_INS1_3NilES4_EEEELt1EE7elementEt
                0x08005e7e        0xc TouchGFX/build/ST/STM32F429IDISCO/TouchGFX/target/BoardConfiguration.o
                0x08005e7e                touchgfx::Partition<touchgfx::meta::TypeList<BearView, touchgfx::meta::TypeList<touchgfx::meta::Nil, touchgfx::meta::Nil> >, (unsigned short)1>::element(unsigned short) const
 .text._ZNK8touchgfx9PartitionINS_4meta8TypeListI16StartupPresenterNS2_INS1_3NilES4_EEEELt1EE8capacityEv
                0x08005e8a        0x4 TouchGFX/build/ST/STM32F429IDISCO/TouchGFX/target/BoardConfiguration.o
                0x08005e8a                touchgfx::Partition<touchgfx::meta::TypeList<StartupPresenter, touchgfx::meta::TypeList<touchgfx::meta::Nil, touchgfx::meta::Nil> >, (unsigned short)1>::capacity() const
 .text._ZN8touchgfx9PartitionINS_4meta8TypeListI16StartupPresenterNS2_INS1_3NilES4_EEEELt1EE12element_sizeEv
                0x08005e8e        0x4 TouchGFX/build/ST/STM32F429IDISCO/TouchGFX/target/BoardConfiguration.o
                0x08005e8e                touchgfx::Partition<touchgfx::meta::TypeList<StartupPresenter, touchgfx::meta::TypeList<touchgfx::meta::Nil, touchgfx::meta::Nil> >, (unsigned short)1>::element_size()
 .text._ZN8touchgfx9PartitionINS_4meta8TypeListI16StartupPresenterNS2_INS1_3NilES4_EEEELt1EE7elementEt
                0x08005e92        0x8 TouchGFX/build/ST/STM32F429IDISCO/TouchGFX/target/BoardConfiguration.o
                0x08005e92                touchgfx::Partition<touchgfx::meta::TypeList<StartupPresenter, touchgfx::meta::TypeList<touchgfx::meta::Nil, touchgfx::meta::Nil> >, (unsigned short)1>::element(unsigned short)
 .text._ZNK8touchgfx9PartitionINS_4meta8TypeListI16StartupPresenterNS2_INS1_3NilES4_EEEELt1EE7elementEt
                0x08005e9a        0x8 TouchGFX/build/ST/STM32F429IDISCO/TouchGFX/target/BoardConfiguration.o
                0x08005e9a                touchgfx::Partition<touchgfx::meta::TypeList<StartupPresenter, touchgfx::meta::TypeList<touchgfx::meta::Nil, touchgfx::meta::Nil> >, (unsigned short)1>::element(unsigned short) const
 .text._ZN16FrontendHeapBase15gotoStartScreenER19FrontendApplication
                0x08005ea2        0x6 TouchGFX/build/ST/STM32F429IDISCO/TouchGFX/target/BoardConfiguration.o
                0x08005ea2                FrontendHeapBase::gotoStartScreen(FrontendApplication&)
 .text._ZN8touchgfx9PartitionINS_4meta8TypeListINS_15SlideTransitionILNS_9DirectionE2EEENS2_INS1_3NilES6_EEEELt1EED2Ev
                0x08005ea8       0x14 TouchGFX/build/ST/STM32F429IDISCO/TouchGFX/target/BoardConfiguration.o
                0x08005ea8                touchgfx::Partition<touchgfx::meta::TypeList<touchgfx::SlideTransition<(touchgfx::Direction)2>, touchgfx::meta::TypeList<touchgfx::meta::Nil, touchgfx::meta::Nil> >, (unsigned short)1>::~Partition()
                0x08005ea8                touchgfx::Partition<touchgfx::meta::TypeList<touchgfx::SlideTransition<(touchgfx::Direction)2>, touchgfx::meta::TypeList<touchgfx::meta::Nil, touchgfx::meta::Nil> >, (unsigned short)1>::~Partition()
 .text._ZN8touchgfx9PartitionINS_4meta8TypeListINS_15SlideTransitionILNS_9DirectionE2EEENS2_INS1_3NilES6_EEEELt1EED0Ev
                0x08005ebc       0x14 TouchGFX/build/ST/STM32F429IDISCO/TouchGFX/target/BoardConfiguration.o
                0x08005ebc                touchgfx::Partition<touchgfx::meta::TypeList<touchgfx::SlideTransition<(touchgfx::Direction)2>, touchgfx::meta::TypeList<touchgfx::meta::Nil, touchgfx::meta::Nil> >, (unsigned short)1>::~Partition()
 .text._ZN8touchgfx9PartitionINS_4meta8TypeListI8BearViewNS2_INS1_3NilES4_EEEELt1EED2Ev
                0x08005ed0       0x14 TouchGFX/build/ST/STM32F429IDISCO/TouchGFX/target/BoardConfiguration.o
                0x08005ed0                touchgfx::Partition<touchgfx::meta::TypeList<BearView, touchgfx::meta::TypeList<touchgfx::meta::Nil, touchgfx::meta::Nil> >, (unsigned short)1>::~Partition()
                0x08005ed0                touchgfx::Partition<touchgfx::meta::TypeList<BearView, touchgfx::meta::TypeList<touchgfx::meta::Nil, touchgfx::meta::Nil> >, (unsigned short)1>::~Partition()
 .text._ZN8touchgfx9PartitionINS_4meta8TypeListI8BearViewNS2_INS1_3NilES4_EEEELt1EED0Ev
                0x08005ee4       0x16 TouchGFX/build/ST/STM32F429IDISCO/TouchGFX/target/BoardConfiguration.o
                0x08005ee4                touchgfx::Partition<touchgfx::meta::TypeList<BearView, touchgfx::meta::TypeList<touchgfx::meta::Nil, touchgfx::meta::Nil> >, (unsigned short)1>::~Partition()
 *fill*         0x08005efa        0x2 
 .text._ZN8touchgfx9PartitionINS_4meta8TypeListI16StartupPresenterNS2_INS1_3NilES4_EEEELt1EED2Ev
                0x08005efc       0x14 TouchGFX/build/ST/STM32F429IDISCO/TouchGFX/target/BoardConfiguration.o
                0x08005efc                touchgfx::Partition<touchgfx::meta::TypeList<StartupPresenter, touchgfx::meta::TypeList<touchgfx::meta::Nil, touchgfx::meta::Nil> >, (unsigned short)1>::~Partition()
                0x08005efc                touchgfx::Partition<touchgfx::meta::TypeList<StartupPresenter, touchgfx::meta::TypeList<touchgfx::meta::Nil, touchgfx::meta::Nil> >, (unsigned short)1>::~Partition()
 .text._ZN8touchgfx9PartitionINS_4meta8TypeListI16StartupPresenterNS2_INS1_3NilES4_EEEELt1EED0Ev
                0x08005f10       0x14 TouchGFX/build/ST/STM32F429IDISCO/TouchGFX/target/BoardConfiguration.o
                0x08005f10                touchgfx::Partition<touchgfx::meta::TypeList<StartupPresenter, touchgfx::meta::TypeList<touchgfx::meta::Nil, touchgfx::meta::Nil> >, (unsigned short)1>::~Partition()
 .text._ZN12FrontendHeapD2Ev
                0x08005f24       0x28 TouchGFX/build/ST/STM32F429IDISCO/TouchGFX/target/BoardConfiguration.o
                0x08005f24                FrontendHeap::~FrontendHeap()
                0x08005f24                FrontendHeap::~FrontendHeap()
 .text._ZN12FrontendHeapD0Ev
                0x08005f4c       0x16 TouchGFX/build/ST/STM32F429IDISCO/TouchGFX/target/BoardConfiguration.o
                0x08005f4c                FrontendHeap::~FrontendHeap()
 .text._ZN8touchgfx8LCD16bppD0Ev
                0x08005f62        0xe TouchGFX/build/ST/STM32F429IDISCO/TouchGFX/target/BoardConfiguration.o
                0x08005f62                touchgfx::LCD16bpp::~LCD16bpp()
 .text.LCD_GetXSize
                0x08005f70       0x10 TouchGFX/build/ST/STM32F429IDISCO/TouchGFX/target/BoardConfiguration.o
                0x08005f70                LCD_GetXSize
 .text.LCD_GetYSize
                0x08005f80       0x10 TouchGFX/build/ST/STM32F429IDISCO/TouchGFX/target/BoardConfiguration.o
                0x08005f80                LCD_GetYSize
 .text._ZN8touchgfx7hw_initEv
                0x08005f90      0x2a8 TouchGFX/build/ST/STM32F429IDISCO/TouchGFX/target/BoardConfiguration.o
                0x08005f90                touchgfx::hw_init()
 .text._ZN8touchgfx21touchgfx_generic_initI10STM32F4HALEERNS_3HALERNS_13DMA_InterfaceERNS_3LCDERNS_15TouchControllerEssPtmm
                0x08006238      0x1e0 TouchGFX/build/ST/STM32F429IDISCO/TouchGFX/target/BoardConfiguration.o
                0x08006238                touchgfx::HAL& touchgfx::touchgfx_generic_init<STM32F4HAL>(touchgfx::DMA_Interface&, touchgfx::LCD&, touchgfx::TouchController&, short, short, unsigned short*, unsigned long, unsigned long)
 .text._ZN8touchgfx13touchgfx_initEv
                0x08006418       0x70 TouchGFX/build/ST/STM32F429IDISCO/TouchGFX/target/BoardConfiguration.o
                0x08006418                touchgfx::touchgfx_init()
 .text._ZN10STM32F4HALD0Ev
                0x08006488        0xe TouchGFX/build/ST/STM32F429IDISCO/TouchGFX/target/BoardConfiguration.o
                0x08006488                STM32F4HAL::~STM32F4HAL()
 .text._ZN8touchgfx25CortexMMCUInstrumentationD0Ev
                0x08006496        0xe TouchGFX/build/ST/STM32F429IDISCO/TouchGFX/target/BoardConfiguration.o
                0x08006496                touchgfx::CortexMMCUInstrumentation::~CortexMMCUInstrumentation()
 .text._ZN8touchgfx24ResistiveTouchControllerD0Ev
                0x080064a4        0xe TouchGFX/build/ST/STM32F429IDISCO/TouchGFX/target/BoardConfiguration.o
                0x080064a4                touchgfx::ResistiveTouchController::~ResistiveTouchController()
 *fill*         0x080064b2        0x2 
 .text.startup._GLOBAL__sub_I_os_inited
                0x080064b4       0x7c TouchGFX/build/ST/STM32F429IDISCO/TouchGFX/target/BoardConfiguration.o
 .text._ZN8touchgfx18MCUInstrumentation13getCCConsumedEv
                0x08006530        0x4 TouchGFX/build/ST/STM32F429IDISCO/TouchGFX/target/CortexMMCUInstrumentation.o
                0x08006530                touchgfx::MCUInstrumentation::getCCConsumed()
 .text._ZN8touchgfx18MCUInstrumentation13setCCConsumedEm
                0x08006534        0x4 TouchGFX/build/ST/STM32F429IDISCO/TouchGFX/target/CortexMMCUInstrumentation.o
                0x08006534                touchgfx::MCUInstrumentation::setCCConsumed(unsigned long)
 .text._ZN8touchgfx25CortexMMCUInstrumentation4initEv
                0x08006538       0x20 TouchGFX/build/ST/STM32F429IDISCO/TouchGFX/target/CortexMMCUInstrumentation.o
                0x08006538                touchgfx::CortexMMCUInstrumentation::init()
 .text._ZN8touchgfx25CortexMMCUInstrumentation12getElapsedUSEjjj
                0x08006558        0xc TouchGFX/build/ST/STM32F429IDISCO/TouchGFX/target/CortexMMCUInstrumentation.o
                0x08006558                touchgfx::CortexMMCUInstrumentation::getElapsedUS(unsigned int, unsigned int, unsigned int)
 .text._ZN8touchgfx25CortexMMCUInstrumentation12getCPUCyclesEv
                0x08006564        0xc TouchGFX/build/ST/STM32F429IDISCO/TouchGFX/target/CortexMMCUInstrumentation.o
                0x08006564                touchgfx::CortexMMCUInstrumentation::getCPUCycles()
 .text._ZN8touchgfx25CortexMMCUInstrumentation12setMCUActiveEb
                0x08006570       0x1e TouchGFX/build/ST/STM32F429IDISCO/TouchGFX/target/CortexMMCUInstrumentation.o
                0x08006570                touchgfx::CortexMMCUInstrumentation::setMCUActive(bool)
 *fill*         0x0800658e        0x2 
 .text._ZN8touchgfx4GPIO3setENS0_7GPIO_IDE
                0x08006590       0x18 TouchGFX/build/ST/STM32F429IDISCO/TouchGFX/target/GPIO.o
                0x08006590                touchgfx::GPIO::set(touchgfx::GPIO::GPIO_ID)
 .text._ZN8touchgfx4GPIO5clearENS0_7GPIO_IDE
                0x080065a8       0x18 TouchGFX/build/ST/STM32F429IDISCO/TouchGFX/target/GPIO.o
                0x080065a8                touchgfx::GPIO::clear(touchgfx::GPIO::GPIO_ID)
 .text._ZN8touchgfx4GPIO4initEv
                0x080065c0       0x1e TouchGFX/build/ST/STM32F429IDISCO/TouchGFX/target/GPIO.o
                0x080065c0                touchgfx::GPIO::init()
 *fill*         0x080065de        0x2 
 .text._ZN8touchgfx4GPIO6toggleENS0_7GPIO_IDE
                0x080065e0       0x14 TouchGFX/build/ST/STM32F429IDISCO/TouchGFX/target/GPIO.o
                0x080065e0                touchgfx::GPIO::toggle(touchgfx::GPIO::GPIO_ID)
 .text._ZN8touchgfx24ResistiveTouchController4initEv
                0x080065f4       0x18 TouchGFX/build/ST/STM32F429IDISCO/TouchGFX/target/ResistiveTouchController.o
                0x080065f4                touchgfx::ResistiveTouchController::init()
 .text._ZN8touchgfx24ResistiveTouchController11sampleTouchERlS1_
                0x0800660c       0x24 TouchGFX/build/ST/STM32F429IDISCO/TouchGFX/target/ResistiveTouchController.o
                0x0800660c                touchgfx::ResistiveTouchController::sampleTouch(long&, long&)
 .text._ZN8touchgfx13DMA_Interface5flushEv
                0x08006630        0x6 TouchGFX/build/ST/STM32F429IDISCO/TouchGFX/target/STM32F4DMA.o
                0x08006630                touchgfx::DMA_Interface::flush()
 .text._ZN10STM32F4DMA18signalDMAInterruptEv
                0x08006636        0x6 TouchGFX/build/ST/STM32F429IDISCO/TouchGFX/target/STM32F4DMA.o
                0x08006636                STM32F4DMA::signalDMAInterrupt()
 .text.DMA2D_XferErrorCallback
                0x0800663c        0x2 TouchGFX/build/ST/STM32F429IDISCO/TouchGFX/target/STM32F4DMA.o
 *fill*         0x0800663e        0x2 
 .text._ZN10STM32F4DMA11getBlitCapsEv
                0x08006640       0x14 TouchGFX/build/ST/STM32F429IDISCO/TouchGFX/target/STM32F4DMA.o
                0x08006640                STM32F4DMA::getBlitCaps()
 .text._ZN10STM32F4DMAD2Ev
                0x08006654       0x28 TouchGFX/build/ST/STM32F429IDISCO/TouchGFX/target/STM32F4DMA.o
                0x08006654                STM32F4DMA::~STM32F4DMA()
                0x08006654                STM32F4DMA::~STM32F4DMA()
 .text._ZN10STM32F4DMAD0Ev
                0x0800667c       0x16 TouchGFX/build/ST/STM32F429IDISCO/TouchGFX/target/STM32F4DMA.o
                0x0800667c                STM32F4DMA::~STM32F4DMA()
 *fill*         0x08006692        0x2 
 .text._ZN10STM32F4DMA10initializeEv
                0x08006694       0x34 TouchGFX/build/ST/STM32F429IDISCO/TouchGFX/target/STM32F4DMA.o
                0x08006694                STM32F4DMA::initialize()
 .text.DMA2D_XferCpltCallback
                0x080066c8       0x10 TouchGFX/build/ST/STM32F429IDISCO/TouchGFX/target/STM32F4DMA.o
 .text._ZN10STM32F4DMA13setupDataCopyERKN8touchgfx6BlitOpE
                0x080066d8      0x1ac TouchGFX/build/ST/STM32F429IDISCO/TouchGFX/target/STM32F4DMA.o
                0x080066d8                STM32F4DMA::setupDataCopy(touchgfx::BlitOp const&)
 .text._ZN10STM32F4DMA13setupDataFillERKN8touchgfx6BlitOpE
                0x08006884      0x10c TouchGFX/build/ST/STM32F429IDISCO/TouchGFX/target/STM32F4DMA.o
                0x08006884                STM32F4DMA::setupDataFill(touchgfx::BlitOp const&)
 .text._ZN10STM32F4DMAC2Ev
                0x08006990       0x34 TouchGFX/build/ST/STM32F429IDISCO/TouchGFX/target/STM32F4DMA.o
                0x08006990                STM32F4DMA::STM32F4DMA()
                0x08006990                STM32F4DMA::STM32F4DMA()
 .text._ZN8touchgfx3HAL21setDisplayOrientationENS_18DisplayOrientationE
                0x080069c4        0xc TouchGFX/build/ST/STM32F429IDISCO/TouchGFX/target/STM32F4HAL.o
                0x080069c4                touchgfx::HAL::setDisplayOrientation(touchgfx::DisplayOrientation)
 .text._ZN8touchgfx3HAL11getBlitCapsEv
                0x080069d0        0x8 TouchGFX/build/ST/STM32F429IDISCO/TouchGFX/target/STM32F4HAL.o
                0x080069d0                touchgfx::HAL::getBlitCaps()
 .text._ZN8touchgfx3HAL9sampleKeyERh
                0x080069d8        0x4 TouchGFX/build/ST/STM32F429IDISCO/TouchGFX/target/STM32F4HAL.o
                0x080069d8                touchgfx::HAL::sampleKey(unsigned char&)
 .text._ZN8touchgfx3HAL9taskDelayEt
                0x080069dc        0xa TouchGFX/build/ST/STM32F429IDISCO/TouchGFX/target/STM32F4HAL.o
                0x080069dc                touchgfx::HAL::taskDelay(unsigned short)
 *fill*         0x080069e6        0x2 
 .text._ZNK10STM32F4HAL17getTFTFrameBufferEv
                0x080069e8        0xc TouchGFX/build/ST/STM32F429IDISCO/TouchGFX/target/STM32F4HAL.o
                0x080069e8                STM32F4HAL::getTFTFrameBuffer() const
 .text._ZN10STM32F4HAL17setTFTFrameBufferEPt
                0x080069f4       0x10 TouchGFX/build/ST/STM32F429IDISCO/TouchGFX/target/STM32F4HAL.o
                0x080069f4                STM32F4HAL::setTFTFrameBuffer(unsigned short*)
 .text._ZN10STM32F4HAL17getTFTCurrentLineEv
                0x08006a04       0x20 TouchGFX/build/ST/STM32F429IDISCO/TouchGFX/target/STM32F4HAL.o